Component: Arm Compiler for Embedded 6.22 Tool: armlink [5ee90200]

==============================================================================

Section Cross References

    main.o(.text.main) refers to sysconfig.o(.text.Sysclk_Init) for Sysclk_Init
    main.o(.text.main) refers to usr_uart.o(.text.USR_UART_init) for USR_UART_init
    main.o(.text.main) refers to oled.o(.text.OLED_Init) for OLED_Init
    main.o(.text.main) refers to usr_rtc.o(.text.UsrRtc_Init) for UsrRtc_Init
    main.o(.text.main) refers to usr_uart.o(.text.USR_UART_sendString) for USR_UART_sendString
    main.o(.text.main) refers to sysconfig.o(.text.Sysclk_IsFclActive) for Sysclk_IsFclActive
    main.o(.text.main) refers to usr_uart.o(.text.USR_UART_printf) for USR_UART_printf
    main.o(.text.main) refers to oled.o(.text.OLED_IsPresent) for OLED_IsPresent
    main.o(.text.main) refers to main.o(.text.Test_Enter) for Test_Enter
    main.o(.text.main) refers to main.o(.text.Test_ScanButton) for Test_ScanButton
    main.o(.text.main) refers to main.o(.text.DL_GPIO_readPins) for DL_GPIO_readPins
    main.o(.text.main) refers to oled.o(.text.OLED_ShowChar) for OLED_ShowChar
    main.o(.text.main) refers to main.o(.text.SystemTime_DelayMs) for SystemTime_DelayMs
    main.o(.text.main) refers to main.o(.rodata.str1.1) for [Anonymous Symbol]
    main.o(.text.main) refers to main.o(.bss.gLoopCount) for [Anonymous Symbol]
    main.o(.text.main) refers to main.o(.bss.gTest) for [Anonymous Symbol]
    main.o(.text.main) refers to main.o(.rodata.gTestNames) for [Anonymous Symbol]
    main.o(.text.main) refers to main.o(.bss.gBtnPressed) for [Anonymous Symbol]
    main.o(.ARM.exidx.text.main) refers to main.o(.text.main) for [Anonymous Symbol]
    main.o(.text.Test_Enter) refers to freq_meter.o(.text.FreqMeter_Stop) for FreqMeter_Stop
    main.o(.text.Test_Enter) refers to psu_control.o(.text.Psu_Stop) for Psu_Stop
    main.o(.text.Test_Enter) refers to main.o(.text.Test_ShowName) for Test_ShowName
    main.o(.text.Test_Enter) refers to freq_meter.o(.text.FreqMeter_Init) for FreqMeter_Init
    main.o(.text.Test_Enter) refers to freq_meter.o(.text.FreqMeter_Reset) for FreqMeter_Reset
    main.o(.text.Test_Enter) refers to usr_uart.o(.text.USR_UART_sendString) for USR_UART_sendString
    main.o(.text.Test_Enter) refers to usr_rtc.o(.text.UsrRtc_Init) for UsrRtc_Init
    main.o(.text.Test_Enter) refers to psu_control.o(.text.Psu_Init) for Psu_Init
    main.o(.text.Test_Enter) refers to adc2chsample.o(.text.ADC12_Init) for ADC12_Init
    main.o(.text.Test_Enter) refers to main.o(.bss.gTest) for [Anonymous Symbol]
    main.o(.text.Test_Enter) refers to main.o(.rodata.str1.1) for [Anonymous Symbol]
    main.o(.text.Test_Enter) refers to main.o(.rodata..L__const.Test_Enter.cfg) for [Anonymous Symbol]
    main.o(.ARM.exidx.text.Test_Enter) refers to main.o(.text.Test_Enter) for [Anonymous Symbol]
    main.o(.text.Test_ScanButton) refers to main.o(.text.DL_GPIO_readPins) for DL_GPIO_readPins
    main.o(.text.Test_ScanButton) refers to main.o(.text.Test_RunFreq) for Test_RunFreq
    main.o(.text.Test_ScanButton) refers to main.o(.text.Test_RunRtc) for Test_RunRtc
    main.o(.text.Test_ScanButton) refers to main.o(.text.Test_RunPsu) for Test_RunPsu
    main.o(.text.Test_ScanButton) refers to main.o(.text.Test_RunAdc) for Test_RunAdc
    main.o(.text.Test_ScanButton) refers to main.o(.text.Test_ShowName) for Test_ShowName
    main.o(.text.Test_ScanButton) refers to main.o(.text.Test_Enter) for Test_Enter
    main.o(.text.Test_ScanButton) refers to main.o(.bss.gBtnPressed) for [Anonymous Symbol]
    main.o(.text.Test_ScanButton) refers to main.o(.bss.gBtnHoldMs) for [Anonymous Symbol]
    main.o(.text.Test_ScanButton) refers to main.o(.bss.gBtnLongSent) for [Anonymous Symbol]
    main.o(.text.Test_ScanButton) refers to main.o(.bss.gTest) for [Anonymous Symbol]
    main.o(.ARM.exidx.text.Test_ScanButton) refers to main.o(.text.Test_ScanButton) for [Anonymous Symbol]
    main.o(.ARM.exidx.text.DL_GPIO_readPins) refers to main.o(.text.DL_GPIO_readPins) for [Anonymous Symbol]
    main.o(.text.SystemTime_DelayMs) refers to main.o(.text.SystemTime_CyclesFromMs) for SystemTime_CyclesFromMs
    main.o(.text.SystemTime_DelayMs) refers to dl_common.o(.text.DL_Common_delayCycles) for DL_Common_delayCycles
    main.o(.ARM.exidx.text.SystemTime_DelayMs) refers to main.o(.text.SystemTime_DelayMs) for [Anonymous Symbol]
    main.o(.text.Test_ShowName) refers to oled.o(.text.OLED_Clear) for OLED_Clear
    main.o(.text.Test_ShowName) refers to oled.o(.text.OLED_ShowString) for OLED_ShowString
    main.o(.text.Test_ShowName) refers to main.o(.text.DL_GPIO_readPins) for DL_GPIO_readPins
    main.o(.text.Test_ShowName) refers to oled.o(.text.OLED_ShowChar) for OLED_ShowChar
    main.o(.text.Test_ShowName) refers to main.o(.rodata.str1.1) for [Anonymous Symbol]
    main.o(.text.Test_ShowName) refers to main.o(.bss.gTest) for [Anonymous Symbol]
[...]
    _ll_udiv                                 0x000001e9   Thumb Code     0  lludiv.o(.text)
    __aeabi_uidiv                            0x000002f9   Thumb Code     0  aeabi_sdiv.o(.text)
    __aeabi_uidivmod                         0x000002f9   Thumb Code    20  aeabi_sdiv.o(.text)
    __aeabi_idiv                             0x0000030d   Thumb Code     0  aeabi_sdiv.o(.text)
    __aeabi_idivmod                          0x0000030d   Thumb Code   338  aeabi_sdiv.o(.text)
    __use_two_region_memory                  0x00000465   Thumb Code     2  heapauxi.o(.text)
    __rt_heap_escrow                         0x00000467   Thumb Code     2  heapauxi.o(.text)
    __rt_heap_expand                         0x00000469   Thumb Code     2  heapauxi.o(.text)
    __aeabi_d2f                              0x0000046d   Thumb Code     0  d2f.o(.text)
    __truncdfsf2                             0x0000046d   Thumb Code     0  d2f.o(.text)
    _d2f                                     0x0000046d   Thumb Code   120  d2f.o(.text)
    __adddf3                                 0x000007e1   Thumb Code     0  daddsub.o(.text)
    __aeabi_dadd                             0x000007e1   Thumb Code     0  daddsub.o(.text)
    _dadd                                    0x000007e1   Thumb Code    26  daddsub.o(.text)
    __aeabi_dsub                             0x000007fb   Thumb Code     0  daddsub.o(.text)
    __subdf3                                 0x000007fb   Thumb Code     0  daddsub.o(.text)
    _dsub                                    0x000007fb   Thumb Code    22  daddsub.o(.text)
    __aeabi_drsub                            0x00000811   Thumb Code     0  daddsub.o(.text)
    _drsb                                    0x00000811   Thumb Code    28  daddsub.o(.text)
    __aeabi_ddiv                             0x00000841   Thumb Code     0  ddiv.o(.text)
    __divdf3                                 0x00000841   Thumb Code     0  ddiv.o(.text)
    _ddiv                                    0x00000841   Thumb Code  1072  ddiv.o(.text)
    _drdiv                                   0x00000c71   Thumb Code    20  ddiv.o(.text)
    __aeabi_d2iz                             0x00000c89   Thumb Code     0  dfixi.o(.text)
    _dfix                                    0x00000c89   Thumb Code    98  dfixi.o(.text)
    __aeabi_d2uiz                            0x00000cf5   Thumb Code     0  dfixui.o(.text)
    _dfixu                                   0x00000cf5   Thumb Code    68  dfixui.o(.text)
    __aeabi_i2d_normalise                    0x00000d3d   Thumb Code    66  dflti.o(.text)
    __aeabi_i2d                              0x00000d7f   Thumb Code    16  dflti.o(.text)
    _dflt                                    0x00000d7f   Thumb Code     0  dflti.o(.text)
    __aeabi_ui2d                             0x00000d8f   Thumb Code     6  dflti.o(.text)
    _dfltu                                   0x00000d8f   Thumb Code     0  dflti.o(.text)
    __aeabi_dmul                             0x00000d95   Thumb Code     0  dmul.o(.text)
    __muldf3                                 0x00000d95   Thumb Code     0  dmul.o(.text)
    _dmul                                    0x00000d95   Thumb Code   558  dmul.o(.text)
    __aeabi_f2d                              0x00000fdd   Thumb Code     0  f2d.o(.text)
    __extendsfdf2                            0x00000fdd   Thumb Code     0  f2d.o(.text)
    _f2d                                     0x00000fdd   Thumb Code    80  f2d.o(.text)
    __aeabi_fdiv                             0x00001031   Thumb Code     0  fdiv.o(.text)
    __divsf3                                 0x00001031   Thumb Code     0  fdiv.o(.text)
    _fdiv                                    0x00001031   Thumb Code   334  fdiv.o(.text)
    _frdiv                                   0x0000117f   Thumb Code     8  fdiv.o(.text)
    __aeabi_f2iz                             0x00001191   Thumb Code     0  ffixi.o(.text)
    _ffix                                    0x00001191   Thumb Code    76  ffixi.o(.text)
    __aeabi_f2uiz                            0x000011dd   Thumb Code     0  ffixui.o(.text)
    _ffixu                                   0x000011dd   Thumb Code    48  ffixui.o(.text)
    __aeabi_i2f_normalise                    0x0000120d   Thumb Code    72  fflti.o(.text)
    __aeabi_i2f                              0x00001255   Thumb Code    16  fflti.o(.text)
    _fflt                                    0x00001255   Thumb Code     0  fflti.o(.text)
    __aeabi_ui2f                             0x00001265   Thumb Code     6  fflti.o(.text)
    _ffltu                                   0x00001265   Thumb Code     0  fflti.o(.text)
    __read_errno                             0x0000126b   Thumb Code    10  _rserrno.o(.text)
    __set_errno                              0x00001275   Thumb Code    12  _rserrno.o(.text)
    _dsqrt                                   0x00001281   Thumb Code   248  dsqrt.o(.text)
    __aeabi_errno_addr                       0x00001381   Thumb Code     8  rt_errno_addr_intlibspace.o(.text)
    __errno$intlibspace                      0x00001381   Thumb Code     0  rt_errno_addr_intlibspace.o(.text)
    __rt_errno_addr$intlibspace              0x00001381   Thumb Code     0  rt_errno_addr_intlibspace.o(.text)
    __fpl_dcmp_InfNaN                        0x00001389   Thumb Code   154  dcmpin.o(.text)
    __ARM_scalbn                             0x00001429   Thumb Code    84  dscalbn.o(.text)
    __fpl_fcmp_InfNaN                        0x00001489   Thumb Code    96  fcmpin.o(.text)
    __user_libspace                          0x000014ed   Thumb Code     8  libspace.o(.text)
    __user_perproc_libspace                  0x000014ed   Thumb Code     0  libspace.o(.text)
    __user_perthread_libspace                0x000014ed   Thumb Code     0  libspace.o(.text)
    __user_setup_stackheap                   0x000014f5   Thumb Code    62  sys_stackheap_outer.o(.text)
    exit                                     0x00001533   Thumb Code    16  exit.o(.text)
    __fpl_cmpreturn                          0x00001543   Thumb Code    46  cmpret.o(.text)
    __fpl_dcheck_NaN2                        0x00001571   Thumb Code    14  dnan2.o(.text)
    __fpl_fcheck_NaN2                        0x00001585   Thumb Code    10  fnan2.o(.text)
    __fpl_return_NaN                         0x00001595   Thumb Code    94  retnan.o(.text)
    _sys_exit                                0x000015f5   Thumb Code     8  sys_exit.o(.text)
    __I$use$semihosting                      0x00001601   Thumb Code     0  use_no_semi.o(.text)
    __use_no_semihosting_swi                 0x00001601   Thumb Code     2  use_no_semi.o(.text)
    __semihosting_library_function           0x00001603   Thumb Code     0  indicate_semi.o(.text)
    ADC0_IRQHandler                          0x00001605   Thumb Code    40  adc2chsample.o(.text.ADC0_IRQHandler)
    ADC12_CalcFrequency                      0x00001631   Thumb Code    94  adc2chsample.o(.text.ADC12_CalcFrequency)
    ADC12_CalcRms                            0x00001691   Thumb Code   384  adc2chsample.o(.text.ADC12_CalcRms)
    ADC12_CaptureFrameHighRate               0x00001821   Thumb Code   172  adc2chsample.o(.text.ADC12_CaptureFrameHighRate)
    ADC12_CheckSampleRate                    0x000018d1   Thumb Code   104  adc2chsample.o(.text.ADC12_CheckSampleRate)
    ADC12_GetFrontendGain                    0x00001939   Thumb Code     8  adc2chsample.o(.text.ADC12_GetFrontendGain)
    ADC12_GetReferenceVoltage                0x00001945   Thumb Code     4  adc2chsample.o(.text.ADC12_GetReferenceVoltage)
    ADC12_GetSampleRateHz                    0x0000194d   Thumb Code     8  adc2chsample.o(.text.ADC12_GetSampleRateHz)
    ADC12_GetSampleTimerPeriod               0x00001955   Thumb Code     8  adc2chsample.o(.text.ADC12_GetSampleTimerPeriod)
    ADC12_GetSampleTimerPrescaler            0x0000195d   Thumb Code     8  adc2chsample.o(.text.ADC12_GetSampleTimerPrescaler)
    ADC12_Init                               0x00001965   Thumb Code    80  adc2chsample.o(.text.ADC12_Init)
    ADC12_SetSampleRateHz                    0x000019bd   Thumb Code   264  adc2chsample.o(.text.ADC12_SetSampleRateHz)
    ADC1_IRQHandler                          0x000020ad   Thumb Code    36  adc2chsample.o(.text.ADC1_IRQHandler)
    DAC_SetCode12                            0x000020dd   Thumb Code    72  dac.o(.text.DAC_SetCode12)
    DL_ADC12_setClockConfig                  0x000023a1   Thumb Code    64  dl_adc12.o(.text.DL_ADC12_setClockConfig)
    DL_Common_delayCycles                    0x0000257d   Thumb Code    20  dl_common.o(.text.DL_Common_delayCycles)
    DL_DAC12_init                            0x00002775   Thumb Code   100  dl_dac12.o(.text.DL_DAC12_init)
    DL_DMA_initChannel                       0x00002931   Thumb Code    70  dl_dma.o(.text.DL_DMA_initChannel)
    DL_RTC_Common_getCalendarTime            0x00002dd1   Thumb Code   176  dl_rtc_common.o(.text.DL_RTC_Common_getCalendarTime)
    DL_RTC_Common_initCalendar               0x00002ec9   Thumb Code   204  dl_rtc_common.o(.text.DL_RTC_Common_initCalendar)
    DL_SYSCTL_setLFCLKSourceLFXT             0x00003151   Thumb Code    88  dl_sysctl_mspm0g1x0x_g3x0x.o(.text.DL_SYSCTL_setLFCLKSourceLFXT)
    DL_TimerA_initPWMMode                    0x000031f5   Thumb Code   232  dl_timer.o(.text.DL_TimerA_initPWMMode)
    DL_Timer_getCaptureCompareValue          0x0000337d   Thumb Code    36  dl_timer.o(.text.DL_Timer_getCaptureCompareValue)
    DL_Timer_initCaptureMode                 0x00003481   Thumb Code   292  dl_timer.o(.text.DL_Timer_initCaptureMode)
    DL_Timer_initPWMMode                     0x000035a9   Thumb Code   260  dl_timer.o(.text.DL_Timer_initPWMMode)
    DL_Timer_initTimerMode                   0x000036b5   Thumb Code   252  dl_timer.o(.text.DL_Timer_initTimerMode)
    DL_Timer_setCaptCompUpdateMethod         0x00003809   Thumb Code    48  dl_timer.o(.text.DL_Timer_setCaptCompUpdateMethod)
    DL_Timer_setCaptureCompareAction         0x00003839   Thumb Code    44  dl_timer.o(.text.DL_Timer_setCaptureCompareAction)
    DL_Timer_setCaptureCompareCtl            0x0000386d   Thumb Code    52  dl_timer.o(.text.DL_Timer_setCaptureCompareCtl)
    DL_Timer_setCaptureCompareInput          0x000038a9   Thumb Code    52  dl_timer.o(.text.DL_Timer_setCaptureCompareInput)
    DL_Timer_setCaptureCompareOutCtl         0x000038dd   Thumb Code    60  dl_timer.o(.text.DL_Timer_setCaptureCompareOutCtl)
    DL_Timer_setCaptureCompareValue          0x0000391d   Thumb Code    40  dl_timer.o(.text.DL_Timer_setCaptureCompareValue)
    DL_Timer_setClockConfig                  0x00003949   Thumb Code    44  dl_timer.o(.text.DL_Timer_setClockConfig)
    DL_UART_init                             0x00003b29   Thumb Code    68  dl_uart.o(.text.DL_UART_init)
    DL_UART_setClockConfig                   0x00003c0d   Thumb Code    32  dl_uart.o(.text.DL_UART_setClockConfig)
    DL_UART_transmitDataBlocking             0x00003cb3   Thumb Code    40  dl_uart.o(.text.DL_UART_transmitDataBlocking)
    DL_VREF_configReference                  0x00003cdd   Thumb Code    48  dl_vref.o(.text.DL_VREF_configReference)
    DL_VREF_setClockConfig                   0x00003d41   Thumb Code    32  dl_vref.o(.text.DL_VREF_setClockConfig)
    FreqMeter_Init                           0x00003d65   Thumb Code    44  freq_meter.o(.text.FreqMeter_Init)
    FreqMeter_Read                           0x00003d95   Thumb Code   120  freq_meter.o(.text.FreqMeter_Read)
    FreqMeter_Reset                          0x00003e11   Thumb Code    24  freq_meter.o(.text.FreqMeter_Reset)
    FreqMeter_Start                          0x00003e39   Thumb Code    28  freq_meter.o(.text.FreqMeter_Start)
    FreqMeter_Stop                           0x00003e55   Thumb Code    16  freq_meter.o(.text.FreqMeter_Stop)
    FreqMeter_WasLost                        0x00003e69   Thumb Code    12  freq_meter.o(.text.FreqMeter_WasLost)
    GROUP1_IRQHandler                        0x00003e79   Thumb Code    88  low_power.o(.text.GROUP1_IRQHandler)
    OLED_Clear                               0x00003ed9   Thumb Code    88  oled.o(.text.OLED_Clear)
    OLED_DisplayOn                           0x00003f31   Thumb Code    22  oled.o(.text.OLED_DisplayOn)
    OLED_Init                                0x00003f49   Thumb Code   232  oled.o(.text.OLED_Init)
    OLED_IsPresent                           0x00004035   Thumb Code    12  oled.o(.text.OLED_IsPresent)
    OLED_Pow                                 0x00004045   Thumb Code    40  oled.o(.text.OLED_Pow)
    OLED_SetCursor                           0x0000406d   Thumb Code    54  oled.o(.text.OLED_SetCursor)
    OLED_ShowChar                            0x000040a5   Thumb Code   240  oled.o(.text.OLED_ShowChar)
    OLED_ShowFloat                           0x000041a1   Thumb Code   424  oled.o(.text.OLED_ShowFloat)
    OLED_ShowNum                             0x0000434d   Thumb Code   122  oled.o(.text.OLED_ShowNum)
    OLED_ShowString                          0x000043c7   Thumb Code   130  oled.o(.text.OLED_ShowString)
    OLED_WriteCommand                        0x00004449   Thumb Code    60  oled.o(.text.OLED_WriteCommand)
    OLED_WriteData                           0x00004485   Thumb Code    60  oled.o(.text.OLED_WriteData)
    PID_Init                                 0x00004507   Thumb Code    96  pid_controller.o(.text.PID_Init)
    PID_Reset                                0x00004567   Thumb Code    34  pid_controller.o(.text.PID_Reset)
    PID_Update                               0x00004589   Thumb Code   360  pid_controller.o(.text.PID_Update)
    Psu_GetState                             0x00004731   Thumb Code    20  psu_control.o(.text.Psu_GetState)
    Psu_Init                                 0x00004745   Thumb Code   124  psu_control.o(.text.Psu_Init)
    Psu_Start                                0x000047c1   Thumb Code    28  psu_control.o(.text.Psu_Start)
    Psu_Stop                                 0x000047dd   Thumb Code    20  psu_control.o(.text.Psu_Stop)
    Psu_Update                               0x000047f5   Thumb Code   392  psu_control.o(.text.Psu_Update)
    SP_EstimateFrequencyU16                  0x00004999   Thumb Code   532  signalprocess_ext.o(.text.SP_EstimateFrequencyU16)
    SP_myFFTInit                             0x00004c11   Thumb Code    12  signalprocess.o(.text.SP_myFFTInit)
    SYSCFG_DL_ADC12_0_init                   0x00004c21   Thumb Code   140  ti_msp_dl_config.o(.text.SYSCFG_DL_ADC12_0_init)
    SYSCFG_DL_ADC12_1_init                   0x00004cb1   Thumb Code   136  ti_msp_dl_config.o(.text.SYSCFG_DL_ADC12_1_init)
    SYSCFG_DL_ADC_SAMPLE_TIMER_init          0x00004d41   Thumb Code    76  ti_msp_dl_config.o(.text.SYSCFG_DL_ADC_SAMPLE_TIMER_init)
    SYSCFG_DL_COMP_0_init                    0x00004d99   Thumb Code    48  ti_msp_dl_config.o(.text.SYSCFG_DL_COMP_0_init)
    SYSCFG_DL_DAC12_init                     0x00004dd5   Thumb Code    36  ti_msp_dl_config.o(.text.SYSCFG_DL_DAC12_init)
    SYSCFG_DL_DMA_CH0_init                   0x00004e01   Thumb Code    16  ti_msp_dl_config.o(.text.SYSCFG_DL_DMA_CH0_init)
    SYSCFG_DL_DMA_CH1_init                   0x00004e15   Thumb Code    16  ti_msp_dl_config.o(.text.SYSCFG_DL_DMA_CH1_init)
    SYSCFG_DL_DMA_DAC_init                   0x00004e29   Thumb Code    16  ti_msp_dl_config.o(.text.SYSCFG_DL_DMA_DAC_init)
    SYSCFG_DL_DMA_init                       0x00004e41   Thumb Code    16  ti_msp_dl_config.o(.text.SYSCFG_DL_DMA_init)
    SYSCFG_DL_FREQ_CAPTURE_init              0x00004e51   Thumb Code    40  ti_msp_dl_config.o(.text.SYSCFG_DL_FREQ_CAPTURE_init)
    SYSCFG_DL_GPIO_init                      0x00004e85   Thumb Code   336  ti_msp_dl_config.o(.text.SYSCFG_DL_GPIO_init)
    SYSCFG_DL_LP_WAKE_TIMER_init             0x00004fe1   Thumb Code    40  ti_msp_dl_config.o(.text.SYSCFG_DL_LP_WAKE_TIMER_init)
    SYSCFG_DL_OPA_0_init                     0x00005011   Thumb Code    24  ti_msp_dl_config.o(.text.SYSCFG_DL_OPA_0_init)
    SYSCFG_DL_PSU_CTRL_TIMER_init            0x0000502d   Thumb Code    40  ti_msp_dl_config.o(.text.SYSCFG_DL_PSU_CTRL_TIMER_init)
    SYSCFG_DL_PWM_TIMER_init                 0x0000505d   Thumb Code    84  ti_msp_dl_config.o(.text.SYSCFG_DL_PWM_TIMER_init)
    SYSCFG_DL_RTC_init                       0x000050b9   Thumb Code    32  ti_msp_dl_config.o(.text.SYSCFG_DL_RTC_init)
    SYSCFG_DL_SQUARE_TIMER_init              0x000050dd   Thumb Code    80  ti_msp_dl_config.o(.text.SYSCFG_DL_SQUARE_TIMER_init)
    SYSCFG_DL_SYSCTL_init                    0x00005135   Thumb Code    48  ti_msp_dl_config.o(.text.SYSCFG_DL_SYSCTL_init)
    SYSCFG_DL_UART_DEBUG_init                0x00005169   Thumb Code    84  ti_msp_dl_config.o(.text.SYSCFG_DL_UART_DEBUG_init)
    SYSCFG_DL_VREF_init                      0x000051c5   Thumb Code    28  ti_msp_dl_config.o(.text.SYSCFG_DL_VREF_init)
    SYSCFG_DL_init                           0x000051e9   Thumb Code    96  ti_msp_dl_config.o(.text.SYSCFG_DL_init)
    SYSCFG_DL_initPower                      0x00005255   Thumb Code   240  ti_msp_dl_config.o(.text.SYSCFG_DL_initPower)
    SoftI2C_Init                             0x000053a5   Thumb Code    60  soft_i2c.o(.text.SoftI2C_Init)
    SoftI2C_Probe                            0x000053f9   Thumb Code    24  soft_i2c.o(.text.SoftI2C_Probe)
    SoftI2C_RecoverBus                       0x00005411   Thumb Code   120  soft_i2c.o(.text.SoftI2C_RecoverBus)
    SoftI2C_Write                            0x000055a3   Thumb Code   212  soft_i2c.o(.text.SoftI2C_Write)
    Sysclk_Init                              0x00005747   Thumb Code    18  sysconfig.o(.text.Sysclk_Init)
    Sysclk_IsFclActive                       0x00005759   Thumb Code    16  sysconfig.o(.text.Sysclk_IsFclActive)
    TIMG12_IRQHandler                        0x00005a01   Thumb Code   124  freq_meter.o(.text.TIMG12_IRQHandler)
    TIMG6_IRQHandler                         0x00005a99   Thumb Code    28  psu_control.o(.text.TIMG6_IRQHandler)
    TIMG8_IRQHandler                         0x00005abd   Thumb Code    48  low_power.o(.text.TIMG8_IRQHandler)
    UART0_IRQHandler                         0x0000611d   Thumb Code     8  usr_uart.o(.text.UART0_IRQHandler)
    USR_UART_IRQHandler                      0x00006125   Thumb Code    84  usr_uart.o(.text.USR_UART_IRQHandler)
    USR_UART_init                            0x00006179   Thumb Code    44  usr_uart.o(.text.USR_UART_init)
    USR_UART_printf                          0x00006579   Thumb Code   756  usr_uart.o(.text.USR_UART_printf)
    USR_UART_sendByte                        0x00006871   Thumb Code    24  usr_uart.o(.text.USR_UART_sendByte)
    USR_UART_sendString                      0x0000688d   Thumb Code    48  usr_uart.o(.text.USR_UART_sendString)
    UsrRtc_GetTime                           0x00006999   Thumb Code   124  usr_rtc.o(.text.UsrRtc_GetTime)
    UsrRtc_GetUnixSeconds2000                0x00006a19   Thumb Code   236  usr_rtc.o(.text.UsrRtc_GetUnixSeconds2000)
    UsrRtc_Init                              0x00006b15   Thumb Code     2  usr_rtc.o(.text.UsrRtc_Init)
    UsrRtc_IsClockReady                      0x00006b17   Thumb Code    16  usr_rtc.o(.text.UsrRtc_IsClockReady)
    createSinTab                             0x00006c5d   Thumb Code    92  signalprocess.o(.text.createSinTab)
    main                                     0x00006cbd   Thumb Code   228  main.o(.text.main)
    __ARM_common_ll_muluu                    0x00006de1   Thumb Code    50  rred.o(i.__ARM_common_ll_muluu)
    __ARM_fpclassify                         0x00006e15   Thumb Code    40  fpclassify.o(i.__ARM_fpclassify)
    __ieee754_rem_pio2                       0x00006e41   Thumb Code   838  rred.o(i.__ieee754_rem_pio2)
    __kernel_cos                             0x000071dd   Thumb Code   224  cos_i.o(i.__kernel_cos)
    __kernel_poly                            0x000072d1   Thumb Code   172  poly.o(i.__kernel_poly)
    __kernel_sin                             0x0000737d   Thumb Code   222  sin_i.o(i.__kernel_sin)
    __mathlib_dbl_infnan                     0x00007469   Thumb Code    10  dunder.o(i.__mathlib_dbl_infnan)
    __mathlib_dbl_invalid                    0x00007473   Thumb Code    16  dunder.o(i.__mathlib_dbl_invalid)
    __mathlib_dbl_underflow                  0x00007485   Thumb Code    14  dunder.o(i.__mathlib_dbl_underflow)
    __aeabi_dcmpge                           0x00007499   Thumb Code     0  dcmp.o(i._dgeq)
    _dgeq                                    0x00007499   Thumb Code    22  dcmp.o(i._dgeq)
    __aeabi_fcmpge                           0x000074af   Thumb Code     0  fcmp.o(i._fgeq)
    _fgeq                                    0x000074af   Thumb Code    22  fcmp.o(i._fgeq)
    __aeabi_fcmpgt                           0x000074c5   Thumb Code     0  fcmp.o(i._fgr)
    _fgr                                     0x000074c5   Thumb Code    22  fcmp.o(i._fgr)
    __aeabi_fcmple                           0x000074db   Thumb Code     0  fcmp.o(i._fleq)
    _fleq                                    0x000074db   Thumb Code    26  fcmp.o(i._fleq)
    __aeabi_fcmplt                           0x000074f5   Thumb Code     0  fcmp.o(i._fls)
    _fls                                     0x000074f5   Thumb Code    22  fcmp.o(i._fls)
    sin                                      0x0000750d   Thumb Code   146  sin.o(i.sin)
    sqrt                                     0x000075a9   Thumb Code    66  sqrt.o(i.sqrt)
    _dcmpge                                  0x000075f1   Thumb Code    94  dgef.o(x$fpl$dgeqf)
    __aeabi_fadd                             0x00007655   Thumb Code     0  faddsub.o(x$fpl$fadd)
    _fadd                                    0x00007655   Thumb Code   134  faddsub.o(x$fpl$fadd)
    _fcmpge                                  0x000076e1   Thumb Code    78  fgef.o(x$fpl$fgeqf)
    __aeabi_cfcmple                          0x00007735   Thumb Code     0  flef.o(x$fpl$fleqf)
    _fcmple                                  0x00007735   Thumb Code    78  flef.o(x$fpl$fleqf)
    __aeabi_fmul                             0x00007789   Thumb Code     0  fmul.o(x$fpl$fmul)
    _fmul                                    0x00007789   Thumb Code   172  fmul.o(x$fpl$fmul)
    __aeabi_fsub                             0x00007839   Thumb Code     0  faddsub.o(x$fpl$fsub)
    _fsub                                    0x00007839   Thumb Code   204  faddsub.o(x$fpl$fsub)
    __I$use$fp                               0x00007908   Number         0  usenofp.o(x$fpl$usenofp)
    OLED_F8x16                               0x00007b20   Data        1520  oled.o(.rodata.OLED_F8x16)
    Region$$Table$$Base                      0x00008960   Number         0  anon$$obj.o(Region$$Table)
    Region$$Table$$Limit                     0x00008980   Number         0  anon$$obj.o(Region$$Table)
    pADC_Buffer0                             0x2020000c   Data           4  adc2chsample.o(.data.pADC_Buffer0)
    pADC_Buffer1                             0x20200010   Data           4  adc2chsample.o(.data.pADC_Buffer1)
    __libspace_start                         0x20200018   Data          96  libspace.o(.bss)
    ADC_Finished                             0x20200078   Data           1  adc2chsample.o(.bss.ADC_Finished)
    __temporary_stack_top$libspace           0x20200078   Data           0  libspace.o(.bss)
    SIN_TAB                                  0x2020007c   Data        1028  signalprocess.o(.bss.SIN_TAB)
    gPSU_CTRL_TIMERBackup                    0x2020158c   Data         120  ti_msp_dl_config.o(.bss.gPSU_CTRL_TIMERBackup)
    gPWM_TIMERBackup                         0x20201604   Data         188  ti_msp_dl_config.o(.bss.gPWM_TIMERBackup)
    gSQUARE_TIMERBackup                      0x202017e0   Data         120  ti_msp_dl_config.o(.bss.gSQUARE_TIMERBackup)



==============================================================================

Memory Map of the image

  Image Entry point : 0x000000c1

  Load Region LR_IROM1 (Base: 0x00000000, Size: 0x00008998, Max: 0x0001fc00, ABSOLUTE)

    Execution Region ER_IROM1 (Exec base: 0x00000000, Load base: 0x00000000, Size: 0x00008980, Max: 0x0001fc00, ABSOLUTE)

    Exec Addr    Load Addr    Size         Type   Attr      Idx    E Section Name        Object

    0x00000000   0x00000000   0x000000c0   Data   RO          256    RESET               startup_mspm0g350x_uvision.o
    0x000000c0   0x000000c0   0x00000008   Code   RO         2771  * !!!main             c_p.l(__main.o)
    0x000000c8   0x000000c8   0x00000054   Code   RO         3270    !!!scatter          c_p.l(__scatter.o)
    0x0000011c   0x0000011c   0x00000004   PAD
    0x00000120   0x00000120   0x0000001a   Code   RO         3274    !!handler_copy      c_p.l(__scatter_copy.o)
    0x0000013a   0x0000013a   0x00000006   PAD
    0x00000140   0x00000140   0x00000002   Code   RO         3271    !!handler_null      c_p.l(__scatter.o)
    0x00000142   0x00000142   0x00000006   PAD
    0x00000148   0x00000148   0x0000001c   Code   RO         3276    !!handler_zi        c_p.l(__scatter_zi.o)
    0x00000164   0x00000164   0x00000002   Code   RO         3078    .ARM.Collect$$libinit$$00000000  c_p.l(libinit.o)
    0x00000166   0x00000166   0x00000000   Code   RO         3128    .ARM.Collect$$libinit$$00000002  c_p.l(libinit2.o)
    0x00000166   0x00000166   0x00000000   Code   RO         3130    .ARM.Collect$$libinit$$00000004  c_p.l(libinit2.o)
    0x00000166   0x00000166   0x00000000   Code   RO         3132    .ARM.Collect$$libinit$$00000006  c_p.l(libinit2.o)
    0x00000166   0x00000166   0x00000000   Code   RO         3135    .ARM.Collect$$libinit$$0000000C  c_p.l(libinit2.o)
    0x00000166   0x00000166   0x00000000   Code   RO         3137    .ARM.Collect$$libinit$$0000000E  c_p.l(libinit2.o)
    0x00000166   0x00000166   0x00000000   Code   RO         3139    .ARM.Collect$$libinit$$00000010  c_p.l(libinit2.o)
    0x00000166   0x00000166   0x00000000   Code   RO         3142    .ARM.Collect$$libinit$$00000013  c_p.l(libinit2.o)
    0x00000166   0x00000166   0x00000000   Code   RO         3144    .ARM.Collect$$libinit$$00000015  c_p.l(libinit2.o)
    0x00000166   0x00000166   0x00000000   Code   RO         3146    .ARM.Collect$$libinit$$00000017  c_p.l(libinit2.o)
    0x00000166   0x00000166   0x00000000   Code   RO         3148    .ARM.Collect$$libinit$$00000019  c_p.l(libinit2.o)
    0x00000166   0x00000166   0x00000000   Code   RO         3150    .ARM.Collect$$libinit$$0000001B  c_p.l(libinit2.o)
    0x00000166   0x00000166   0x00000000   Code   RO         3152    .ARM.Collect$$libinit$$0000001D  c_p.l(libinit2.o)
    0x00000166   0x00000166   0x00000000   Code   RO         3154    .ARM.Collect$$libinit$$0000001F  c_p.l(libinit2.o)
    0x00000166   0x00000166   0x00000000   Code   RO         3156    .ARM.Collect$$libinit$$00000021  c_p.l(libinit2.o)
    0x00000166   0x00000166   0x00000000   Code   RO         3158    .ARM.Collect$$libinit$$00000023  c_p.l(libinit2.o)
    0x00000166   0x00000166   0x00000000   Code   RO         3160    .ARM.Collect$$libinit$$00000025  c_p.l(libinit2.o)
    0x00000166   0x00000166   0x00000000   Code   RO         3162    .ARM.Collect$$libinit$$00000027  c_p.l(libinit2.o)
    0x00000166   0x00000166   0x00000000   Code   RO         3166    .ARM.Collect$$libinit$$0000002E  c_p.l(libinit2.o)
    0x00000166   0x00000166   0x00000000   Code   RO         3168    .ARM.Collect$$libinit$$00000030  c_p.l(libinit2.o)
    0x00000166   0x00000166   0x00000000   Code   RO         3170    .ARM.Collect$$libinit$$00000032  c_p.l(libinit2.o)
    0x00000166   0x00000166   0x00000000   Code   RO         3172    .ARM.Collect$$libinit$$00000034  c_p.l(libinit2.o)
    0x00000166   0x00000166   0x00000002   Code   RO         3173    .ARM.Collect$$libinit$$00000035  c_p.l(libinit2.o)
    0x00000168   0x00000168   0x00000002   Code   RO         3233    .ARM.Collect$$libshutdown$$00000000  c_p.l(libshutdown.o)
    0x0000016a   0x0000016a   0x00000000   Code   RO         3253    .ARM.Collect$$libshutdown$$00000002  c_p.l(libshutdown2.o)
    0x0000016a   0x0000016a   0x00000000   Code   RO         3255    .ARM.Collect$$libshutdown$$00000004  c_p.l(libshutdown2.o)
    0x0000016a   0x0000016a   0x00000000   Code   RO         3258    .ARM.Collect$$libshutdown$$00000007  c_p.l(libshutdown2.o)
    0x0000016a   0x0000016a   0x00000000   Code   RO         3261    .ARM.Collect$$libshutdown$$0000000A  c_p.l(libshutdown2.o)
    0x0000016a   0x0000016a   0x00000000   Code   RO         3263    .ARM.Collect$$libshutdown$$0000000C  c_p.l(libshutdown2.o)
    0x0000016a   0x0000016a   0x00000000   Code   RO         3266    .ARM.Collect$$libshutdown$$0000000F  c_p.l(libshutdown2.o)
    0x0000016a   0x0000016a   0x00000002   Code   RO         3267    .ARM.Collect$$libshutdown$$00000010  c_p.l(libshutdown2.o)
    0x0000016c   0x0000016c   0x00000000   Code   RO         2887    .ARM.Collect$$rtentry$$00000000  c_p.l(__rtentry.o)
    0x0000016c   0x0000016c   0x00000000   Code   RO         2970    .ARM.Collect$$rtentry$$00000002  c_p.l(__rtentry2.o)
    0x0000016c   0x0000016c   0x00000006   Code   RO         2982    .ARM.Collect$$rtentry$$00000004  c_p.l(__rtentry4.o)
    0x00000172   0x00000172   0x00000000   Code   RO         2972    .ARM.Collect$$rtentry$$00000009  c_p.l(__rtentry2.o)
    0x00000172   0x00000172   0x00000004   Code   RO         2973    .ARM.Collect$$rtentry$$0000000A  c_p.l(__rtentry2.o)
    0x00000176   0x00000176   0x00000000   Code   RO         2975    .ARM.Collect$$rtentry$$0000000C  c_p.l(__rtentry2.o)
    0x00000176   0x00000176   0x00000008   Code   RO         2976    .ARM.Collect$$rtentry$$0000000D  c_p.l(__rtentry2.o)
    0x0000017e   0x0000017e   0x00000002   Code   RO         3088    .ARM.Collect$$rtexit$$00000000  c_p.l(rtexit.o)
    0x00000180   0x00000180   0x00000000   Code   RO         3185    .ARM.Collect$$rtexit$$00000002  c_p.l(rtexit2.o)
    0x00000180   0x00000180   0x00000004   Code   RO         3186    .ARM.Collect$$rtexit$$00000003  c_p.l(rtexit2.o)
    0x00000184   0x00000184   0x00000006   Code   RO         3187    .ARM.Collect$$rtexit$$00000004  c_p.l(rtexit2.o)
    0x0000018a   0x0000018a   0x00000002   PAD
    0x0000018c   0x0000018c   0x0000002c   Code   RO          257    .text               startup_mspm0g350x_uvision.o
    0x000001b8   0x000001b8   0x00000030   Code   RO         2749    .text               c_p.l(llmul.o)
    0x000001e8   0x000001e8   0x00000110   Code   RO         2751    .text               c_p.l(lludiv.o)
    0x000002f8   0x000002f8   0x0000016c   Code   RO         2765    .text               c_p.l(aeabi_sdiv.o)
    0x00000464   0x00000464   0x00000006   Code   RO         2769    .text               c_p.l(heapauxi.o)
    0x0000046a   0x0000046a   0x00000002   PAD
    0x0000046c   0x0000046c   0x0000007c   Code   RO         2773    .text               fz_ps.l(d2f.o)
    0x000004e8   0x000004e8   0x00000358   Code   RO         2775    .text               fz_ps.l(daddsub.o)
    0x00000840   0x00000840   0x00000448   Code   RO         2801    .text               fz_ps.l(ddiv.o)
    0x00000c88   0x00000c88   0x0000006c   Code   RO         2804    .text               fz_ps.l(dfixi.o)
    0x00000cf4   0x00000cf4   0x00000048   Code   RO         2806    .text               fz_ps.l(dfixui.o)
    0x00000d3c   0x00000d3c   0x00000058   Code   RO         2808    .text               fz_ps.l(dflti.o)
    0x00000d94   0x00000d94   0x00000248   Code   RO         2810    .text               fz_ps.l(dmul.o)
    0x00000fdc   0x00000fdc   0x00000054   Code   RO         2812    .text               fz_ps.l(f2d.o)
    0x00001030   0x00001030   0x00000160   Code   RO         2844    .text               fz_ps.l(fdiv.o)
    0x00001190   0x00001190   0x0000004c   Code   RO         2847    .text               fz_ps.l(ffixi.o)
    0x000011dc   0x000011dc   0x00000030   Code   RO         2849    .text               fz_ps.l(ffixui.o)
    0x0000120c   0x0000120c   0x0000005e   Code   RO         2851    .text               fz_ps.l(fflti.o)
    0x0000126a   0x0000126a   0x00000016   Code   RO         2896    .text               c_p.l(_rserrno.o)
    0x00001280   0x00001280   0x00000100   Code   RO         2904    .text               fz_ps.l(dsqrt.o)
    0x00001380   0x00001380   0x00000008   Code   RO         2989    .text               c_p.l(rt_errno_addr_intlibspace.o)
    0x00001388   0x00001388   0x000000a0   Code   RO         2993    .text               fz_ps.l(dcmpin.o)
    0x00001428   0x00001428   0x00000060   Code   RO         2995    .text               fz_ps.l(dscalbn.o)
    0x00001488   0x00001488   0x00000064   Code   RO         2997    .text               fz_ps.l(fcmpin.o)
    0x000014ec   0x000014ec   0x00000008   Code   RO         3005    .text               c_p.l(libspace.o)
    0x000014f4   0x000014f4   0x0000003e   Code   RO         3008    .text               c_p.l(sys_stackheap_outer.o)
    0x00001532   0x00001532   0x00000010   Code   RO         3067    .text               c_p.l(exit.o)
    0x00001542   0x00001542   0x0000002e   Code   RO         3079    .text               fz_ps.l(cmpret.o)
    0x00001570   0x00001570   0x00000014   Code   RO         3081    .text               fz_ps.l(dnan2.o)
    0x00001584   0x00001584   0x00000010   Code   RO         3083    .text               fz_ps.l(fnan2.o)
    0x00001594   0x00001594   0x0000005e   Code   RO         3174    .text               fz_ps.l(retnan.o)
    0x000015f2   0x000015f2   0x00000002   PAD
    0x000015f4   0x000015f4   0x0000000c   Code   RO         3178    .text               c_p.l(sys_exit.o)
    0x00001600   0x00001600   0x00000002   Code   RO         3218    .text               c_p.l(use_no_semi.o)
    0x00001602   0x00001602   0x00000000   Code   RO         3220    .text               c_p.l(indicate_semi.o)
    0x00001602   0x00001602   0x00000002   PAD
    0x00001604   0x00001604   0x0000002c   Code   RO         1509    .text.ADC0_IRQHandler  adc2chsample.o
    0x00001630   0x00001630   0x0000005e   Code   RO         1493    .text.ADC12_CalcFrequency  adc2chsample.o
    0x0000168e   0x0000168e   0x00000002   PAD
    0x00001690   0x00001690   0x00000190   Code   RO         1479    .text.ADC12_CalcRms  adc2chsample.o
    0x00001820   0x00001820   0x000000b0   Code   RO         1507    .text.ADC12_CaptureFrameHighRate  adc2chsample.o
    0x000018d0   0x000018d0   0x00000068   Code   RO         1487    .text.ADC12_CheckSampleRate  adc2chsample.o
    0x00001938   0x00001938   0x0000000c   Code   RO         1461    .text.ADC12_GetFrontendGain  adc2chsample.o
    0x00001944   0x00001944   0x00000008   Code   RO         1483    .text.ADC12_GetReferenceVoltage  adc2chsample.o
    0x0000194c   0x0000194c   0x00000008   Code   RO         1453    .text.ADC12_GetSampleRateHz  adc2chsample.o
    0x00001954   0x00001954   0x00000008   Code   RO         1455    .text.ADC12_GetSampleTimerPeriod  adc2chsample.o
    0x0000195c   0x0000195c   0x00000008   Code   RO         1457    .text.ADC12_GetSampleTimerPrescaler  adc2chsample.o
    0x00001964   0x00001964   0x00000058   Code   RO         1467    .text.ADC12_Init    adc2chsample.o
    0x000019bc   0x000019bc   0x00000128   Code   RO         1445    .text.ADC12_SetSampleRateHz  adc2chsample.o
    0x00001ae4   0x00001ae4   0x00000030   Code   RO         1481    .text.ADC12_getBuffer  adc2chsample.o
    0x00001b14   0x00001b14   0x00000040   Code   RO         1521    .text.ADC12_getFrameTimeoutLoops  adc2chsample.o
    0x00001b54   0x00001b54   0x00000024   Code   RO         1533    .text.ADC12_getRegs  adc2chsample.o
    0x00001b78   0x00001b78   0x00000088   Code   RO         1529    .text.ADC12_isFrameDone  adc2chsample.o
    0x00001c00   0x00001c00   0x00000214   Code   RO         1525    .text.ADC12_prepareFrame  adc2chsample.o
    0x00001e14   0x00001e14   0x00000008   Code   RO         1523    .text.ADC12_printNode  adc2chsample.o
    0x00001e1c   0x00001e1c   0x000000e4   Code   RO         1473    .text.ADC12_sample  adc2chsample.o
    0x00001f00   0x00001f00   0x0000007c   Code   RO         1469    .text.ADC12_setDebugInfo  adc2chsample.o
    0x00001f7c   0x00001f7c   0x000000a0   Code   RO         1527    .text.ADC12_startFrame  adc2chsample.o
    0x0000201c   0x0000201c   0x00000090   Code   RO         1531    .text.ADC12_stopFrame  adc2chsample.o
    0x000020ac   0x000020ac   0x00000030   Code   RO         1513    .text.ADC1_IRQHandler  adc2chsample.o
    0x000020dc   0x000020dc   0x00000058   Code   RO         1877    .text.DAC_SetCode12  dac.o
    0x00002134   0x00002134   0x00000030   Code   RO         1887    .text.DAC_clampCode  dac.o
    0x00002164   0x00002164   0x00000018   Code   RO          186    .text.DL_ADC12_clearInterruptStatus  ti_msp_dl_config.o
    0x0000217c   0x0000217c   0x0000001c   Code   RO         1543    .text.DL_ADC12_clearInterruptStatus  adc2chsample.o
    0x00002198   0x00002198   0x0000004a   Code   RO          172    .text.DL_ADC12_configConversionMem  ti_msp_dl_config.o
    0x000021e2   0x000021e2   0x00000016   Code   RO         1539    .text.DL_ADC12_disableConversions  adc2chsample.o
    0x000021f8   0x000021f8   0x00000016   Code   RO          190    .text.DL_ADC12_enableConversions  ti_msp_dl_config.o
    0x0000220e   0x0000220e   0x00000016   Code   RO         1553    .text.DL_ADC12_enableConversions  adc2chsample.o
    0x00002224   0x00002224   0x00000018   Code   RO          178    .text.DL_ADC12_enableDMA  ti_msp_dl_config.o
    0x0000223c   0x0000223c   0x00000018   Code   RO         1567    .text.DL_ADC12_enableDMA  adc2chsample.o
    0x00002254   0x00002254   0x00000018   Code   RO          182    .text.DL_ADC12_enableDMATrigger  ti_msp_dl_config.o
    0x0000226c   0x0000226c   0x0000001c   Code   RO         1569    .text.DL_ADC12_enableDMATrigger  adc2chsample.o
    0x00002288   0x00002288   0x00000018   Code   RO          188    .text.DL_ADC12_enableInterrupt  ti_msp_dl_config.o
    0x000022a0   0x000022a0   0x00000018   Code   RO         1575    .text.DL_ADC12_enableInterrupt  adc2chsample.o
    0x000022b8   0x000022b8   0x00000014   Code   RO          106    .text.DL_ADC12_enablePower  ti_msp_dl_config.o
    0x000022cc   0x000022cc   0x00000030   Code   RO         1551    .text.DL_ADC12_getMemResult  adc2chsample.o
    0x000022fc   0x000022fc   0x00000024   Code   RO         1559    .text.DL_ADC12_getMemResultAddress  adc2chsample.o
    0x00002320   0x00002320   0x00000012   Code   RO         1511    .text.DL_ADC12_getPendingInterrupt  adc2chsample.o
    0x00002332   0x00002332   0x00000002   PAD
    0x00002334   0x00002334   0x00000018   Code   RO         1519    .text.DL_ADC12_getRawInterruptStatus  adc2chsample.o
    0x0000234c   0x0000234c   0x00000044   Code   RO          170    .text.DL_ADC12_initSingleSample  ti_msp_dl_config.o
    0x00002390   0x00002390   0x00000010   Code   RO           88    .text.DL_ADC12_reset  ti_msp_dl_config.o
    0x000023a0   0x000023a0   0x0000004c   Code   RO          264    .text.DL_ADC12_setClockConfig  dl_adc12.o
    0x000023ec   0x000023ec   0x00000028   Code   RO          180    .text.DL_ADC12_setDMASamplesCnt  ti_msp_dl_config.o
    0x00002414   0x00002414   0x0000001e   Code   RO          174    .text.DL_ADC12_setPowerDownMode  ti_msp_dl_config.o
    0x00002432   0x00002432   0x00000002   PAD
    0x00002434   0x00002434   0x00000018   Code   RO          176    .text.DL_ADC12_setSampleTime0  ti_msp_dl_config.o
    0x0000244c   0x0000244c   0x0000001a   Code   RO          184    .text.DL_ADC12_setSubscriberChanID  ti_msp_dl_config.o
    0x00002466   0x00002466   0x00000002   PAD
    0x00002468   0x00002468   0x00000018   Code   RO         1537    .text.DL_ADC12_stopConversion  adc2chsample.o
    0x00002480   0x00002480   0x00000014   Code   RO          200    .text.DL_COMP_enable  ti_msp_dl_config.o
    0x00002494   0x00002494   0x0000001c   Code   RO          198    .text.DL_COMP_enableInterrupt  ti_msp_dl_config.o
    0x000024b0   0x000024b0   0x00000018   Code   RO          108    .text.DL_COMP_enablePower  ti_msp_dl_config.o
    0x000024c8   0x000024c8   0x00000048   Code   RO          192    .text.DL_COMP_init  ti_msp_dl_config.o
    0x00002510   0x00002510   0x00000034   Code   RO          194    .text.DL_COMP_refVoltageInit  ti_msp_dl_config.o
    0x00002544   0x00002544   0x00000018   Code   RO           90    .text.DL_COMP_reset  ti_msp_dl_config.o
    0x0000255c   0x0000255c   0x00000020   Code   RO          196    .text.DL_COMP_setDACCode0  ti_msp_dl_config.o
    0x0000257c   0x0000257c   0x00000014   Code   RO          317    .text.DL_Common_delayCycles  dl_common.o
    0x00002590   0x00002590   0x00000028   Code   RO          216    .text.DL_Common_updateReg  ti_msp_dl_config.o
    0x000025b8   0x000025b8   0x00000028   Code   RO          266    .text.DL_Common_updateReg  dl_adc12.o
    0x000025e0   0x000025e0   0x00000028   Code   RO          357    .text.DL_Common_updateReg  dl_dac12.o
    0x00002608   0x00002608   0x00000028   Code   RO          394    .text.DL_Common_updateReg  dl_dma.o
    0x00002630   0x00002630   0x00000028   Code   RO          911    .text.DL_Common_updateReg  dl_rtc_common.o
    0x00002658   0x00002658   0x00000028   Code   RO         1206    .text.DL_Common_updateReg  dl_timer.o
    0x00002680   0x00002680   0x00000028   Code   RO         1312    .text.DL_Common_updateReg  dl_uart.o
    0x000026a8   0x000026a8   0x00000028   Code   RO         1396    .text.DL_Common_updateReg  dl_sysctl_mspm0g1x0x_g3x0x.o
    0x000026d0   0x000026d0   0x00000030   Code   RO          355    .text.DL_DAC12_configDataFormat  dl_dac12.o
    0x00002700   0x00002700   0x00000018   Code   RO         1883    .text.DL_DAC12_disableDMATrigger  dac.o
    0x00002718   0x00002718   0x00000016   Code   RO         1885    .text.DL_DAC12_disableFIFO  dac.o
    0x0000272e   0x0000272e   0x00000002   PAD
    0x00002730   0x00002730   0x00000014   Code   RO         1879    .text.DL_DAC12_disableSampleTimeGenerator  dac.o
    0x00002744   0x00002744   0x00000016   Code   RO          214    .text.DL_DAC12_enable  ti_msp_dl_config.o
    0x0000275a   0x0000275a   0x00000002   PAD
    0x0000275c   0x0000275c   0x00000018   Code   RO          116    .text.DL_DAC12_enablePower  ti_msp_dl_config.o
    0x00002774   0x00002774   0x00000074   Code   RO          353    .text.DL_DAC12_init  dl_dac12.o
    0x000027e8   0x000027e8   0x00000018   Code   RO          212    .text.DL_DAC12_output12  ti_msp_dl_config.o
    0x00002800   0x00002800   0x0000001c   Code   RO         1889    .text.DL_DAC12_output12  dac.o
    0x0000281c   0x0000281c   0x00000018   Code   RO           98    .text.DL_DAC12_reset  ti_msp_dl_config.o
    0x00002834   0x00002834   0x00000014   Code   RO         1545    .text.DL_DMA_clearInterruptStatus  adc2chsample.o
    0x00002848   0x00002848   0x00000054   Code   RO          390    .text.DL_DMA_configTransfer  dl_dma.o
    0x0000289c   0x0000289c   0x00000026   Code   RO         1541    .text.DL_DMA_disableChannel  adc2chsample.o
    0x000028c2   0x000028c2   0x00000026   Code   RO         1881    .text.DL_DMA_disableChannel  dac.o
    0x000028e8   0x000028e8   0x00000026   Code   RO         1565    .text.DL_DMA_enableChannel  adc2chsample.o
    0x0000290e   0x0000290e   0x00000002   PAD
    0x00002910   0x00002910   0x00000020   Code   RO         1581    .text.DL_DMA_getTransferSize  adc2chsample.o
    0x00002930   0x00002930   0x00000046   Code   RO          388    .text.DL_DMA_initChannel  dl_dma.o
    0x00002976   0x00002976   0x00000002   PAD
    0x00002978   0x00002978   0x00000028   Code   RO         1561    .text.DL_DMA_setDestAddr  adc2chsample.o
    0x000029a0   0x000029a0   0x00000028   Code   RO         1557    .text.DL_DMA_setSrcAddr  adc2chsample.o
    0x000029c8   0x000029c8   0x00000030   Code   RO         1563    .text.DL_DMA_setTransferSize  adc2chsample.o
    0x000029f8   0x000029f8   0x00000038   Code   RO          392    .text.DL_DMA_setTrigger  dl_dma.o
    0x00002a30   0x00002a30   0x0000001c   Code   RO         2118    .text.DL_GPIO_clearInterruptStatus  low_power.o
    0x00002a4c   0x00002a4c   0x00000014   Code   RO          132    .text.DL_GPIO_clearPins  ti_msp_dl_config.o
    0x00002a60   0x00002a60   0x00000014   Code   RO         1667    .text.DL_GPIO_clearPins  soft_i2c.o
    0x00002a74   0x00002a74   0x00000014   Code   RO         1691    .text.DL_GPIO_disableOutput  soft_i2c.o
    0x00002a88   0x00002a88   0x00000014   Code   RO          122    .text.DL_GPIO_enableOutput  ti_msp_dl_config.o
    0x00002a9c   0x00002a9c   0x00000018   Code   RO         1695    .text.DL_GPIO_enableOutput  soft_i2c.o
    0x00002ab4   0x00002ab4   0x00000018   Code   RO          100    .text.DL_GPIO_enablePower  ti_msp_dl_config.o
    0x00002acc   0x00002acc   0x00000018   Code   RO         2116    .text.DL_GPIO_getEnabledInterruptStatus  low_power.o
    0x00002ae4   0x00002ae4   0x00000014   Code   RO          130    .text.DL_GPIO_initDigitalInput  ti_msp_dl_config.o
    0x00002af8   0x00002af8   0x0000002c   Code   RO          126    .text.DL_GPIO_initDigitalInputFeatures  ti_msp_dl_config.o
    0x00002b24   0x00002b24   0x00000030   Code   RO         1665    .text.DL_GPIO_initDigitalInputFeatures  soft_i2c.o
    0x00002b54   0x00002b54   0x00000014   Code   RO          128    .text.DL_GPIO_initDigitalOutput  ti_msp_dl_config.o
    0x00002b68   0x00002b68   0x00000014   Code   RO          118    .text.DL_GPIO_initPeripheralAnalogFunction  ti_msp_dl_config.o
    0x00002b7c   0x00002b7c   0x0000001c   Code   RO          124    .text.DL_GPIO_initPeripheralInputFunction  ti_msp_dl_config.o
    0x00002b98   0x00002b98   0x0000001c   Code   RO          120    .text.DL_GPIO_initPeripheralOutputFunction  ti_msp_dl_config.o
    0x00002bb4   0x00002bb4   0x00000016   Code   RO            8    .text.DL_GPIO_readPins  main.o
    0x00002bca   0x00002bca   0x00000016   Code   RO         1693    .text.DL_GPIO_readPins  soft_i2c.o
    0x00002be0   0x00002be0   0x00000018   Code   RO           82    .text.DL_GPIO_reset  ti_msp_dl_config.o
    0x00002bf8   0x00002bf8   0x00000024   Code   RO         2120    .text.DL_Interrupt_clearGroup  low_power.o
    0x00002c1c   0x00002c1c   0x0000001c   Code   RO         2114    .text.DL_Interrupt_getPendingGroup  low_power.o
    0x00002c38   0x00002c38   0x00000016   Code   RO          204    .text.DL_OPA_enable  ti_msp_dl_config.o
    0x00002c4e   0x00002c4e   0x00000002   PAD
    0x00002c50   0x00002c50   0x00000014   Code   RO          112    .text.DL_OPA_enablePower  ti_msp_dl_config.o
    0x00002c64   0x00002c64   0x00000034   Code   RO          202    .text.DL_OPA_init   ti_msp_dl_config.o
    0x00002c98   0x00002c98   0x00000018   Code   RO           94    .text.DL_OPA_reset  ti_msp_dl_config.o
    0x00002cb0   0x00002cb0   0x00000018   Code   RO          114    .text.DL_RTC_Common_enablePower  ti_msp_dl_config.o
    0x00002cc8   0x00002cc8   0x00000018   Code   RO          953    .text.DL_RTC_Common_getCalendarDayOfMonthBCD  dl_rtc_common.o
    0x00002ce0   0x00002ce0   0x00000018   Code   RO          939    .text.DL_RTC_Common_getCalendarDayOfMonthBinary  dl_rtc_common.o
    0x00002cf8   0x00002cf8   0x00000014   Code   RO          951    .text.DL_RTC_Common_getCalendarDayOfWeekBCD  dl_rtc_common.o
    0x00002d0c   0x00002d0c   0x00000014   Code   RO          937    .text.DL_RTC_Common_getCalendarDayOfWeekBinary  dl_rtc_common.o
    0x00002d20   0x00002d20   0x00000018   Code   RO          949    .text.DL_RTC_Common_getCalendarHoursBCD  dl_rtc_common.o
    0x00002d38   0x00002d38   0x00000014   Code   RO          935    .text.DL_RTC_Common_getCalendarHoursBinary  dl_rtc_common.o
    0x00002d4c   0x00002d4c   0x00000018   Code   RO          947    .text.DL_RTC_Common_getCalendarMinutesBCD  dl_rtc_common.o
    0x00002d64   0x00002d64   0x00000014   Code   RO          933    .text.DL_RTC_Common_getCalendarMinutesBinary  dl_rtc_common.o
    0x00002d78   0x00002d78   0x00000018   Code   RO          955    .text.DL_RTC_Common_getCalendarMonthBCD  dl_rtc_common.o
    0x00002d90   0x00002d90   0x00000014   Code   RO          941    .text.DL_RTC_Common_getCalendarMonthBinary  dl_rtc_common.o
    0x00002da4   0x00002da4   0x00000018   Code   RO          945    .text.DL_RTC_Common_getCalendarSecondsBCD  dl_rtc_common.o
    0x00002dbc   0x00002dbc   0x00000014   Code   RO          931    .text.DL_RTC_Common_getCalendarSecondsBinary  dl_rtc_common.o
    0x00002dd0   0x00002dd0   0x000000b0   Code   RO          927    .text.DL_RTC_Common_getCalendarTime  dl_rtc_common.o
    0x00002e80   0x00002e80   0x00000018   Code   RO          957    .text.DL_RTC_Common_getCalendarYearBCD  dl_rtc_common.o
    0x00002e98   0x00002e98   0x00000014   Code   RO          943    .text.DL_RTC_Common_getCalendarYearBinary  dl_rtc_common.o
    0x00002eac   0x00002eac   0x0000001c   Code   RO          929    .text.DL_RTC_Common_getClockFormat  dl_rtc_common.o
    0x00002ec8   0x00002ec8   0x000000d8   Code   RO          901    .text.DL_RTC_Common_initCalendar  dl_rtc_common.o
    0x00002fa0   0x00002fa0   0x00000018   Code   RO           96    .text.DL_RTC_Common_reset  ti_msp_dl_config.o
    0x00002fb8   0x00002fb8   0x0000001a   Code   RO          921    .text.DL_RTC_Common_setCalendarHoursBCD  dl_rtc_common.o
    0x00002fd2   0x00002fd2   0x0000001a   Code   RO          909    .text.DL_RTC_Common_setCalendarHoursBinary  dl_rtc_common.o
    0x00002fec   0x00002fec   0x00000018   Code   RO          919    .text.DL_RTC_Common_setCalendarMinutesBCD  dl_rtc_common.o
    0x00003004   0x00003004   0x0000001c   Code   RO          907    .text.DL_RTC_Common_setCalendarMinutesBinary  dl_rtc_common.o
    0x00003020   0x00003020   0x00000018   Code   RO          923    .text.DL_RTC_Common_setCalendarMonthBCD  dl_rtc_common.o
    0x00003038   0x00003038   0x0000001c   Code   RO          913    .text.DL_RTC_Common_setCalendarMonthBinary  dl_rtc_common.o
    0x00003054   0x00003054   0x00000018   Code   RO          917    .text.DL_RTC_Common_setCalendarSecondsBCD  dl_rtc_common.o
    0x0000306c   0x0000306c   0x0000001c   Code   RO          905    .text.DL_RTC_Common_setCalendarSecondsBinary  dl_rtc_common.o
    0x00003088   0x00003088   0x00000018   Code   RO          925    .text.DL_RTC_Common_setCalendarYearBCD  dl_rtc_common.o
    0x000030a0   0x000030a0   0x00000020   Code   RO          915    .text.DL_RTC_Common_setCalendarYearBinary  dl_rtc_common.o
    0x000030c0   0x000030c0   0x0000001c   Code   RO          903    .text.DL_RTC_Common_setClockFormat  dl_rtc_common.o
    0x000030dc   0x000030dc   0x0000000c   Code   RO          138    .text.DL_SYSCTL_disableHFXT  ti_msp_dl_config.o
    0x000030e8   0x000030e8   0x00000014   Code   RO          140    .text.DL_SYSCTL_disableSYSPLL  ti_msp_dl_config.o
    0x000030fc   0x000030fc   0x00000010   Code   RO          142    .text.DL_SYSCTL_enableMFPCLK  ti_msp_dl_config.o
    0x0000310c   0x0000310c   0x00000010   Code   RO         1746    .text.DL_SYSCTL_enableSYSOSCFCLExternalResistor  sysconfig.o
    0x0000311c   0x0000311c   0x00000008   Code   RO         1394    .text.DL_SYSCTL_getClockStatus  dl_sysctl_mspm0g1x0x_g3x0x.o
    0x00003124   0x00003124   0x00000008   Code   RO         1752    .text.DL_SYSCTL_getClockStatus  sysconfig.o
    0x0000312c   0x0000312c   0x0000000c   Code   RO         2670    .text.DL_SYSCTL_getClockStatus  usr_rtc.o
    0x00003138   0x00003138   0x00000018   Code   RO          134    .text.DL_SYSCTL_setBORThreshold  ti_msp_dl_config.o
    0x00003150   0x00003150   0x00000068   Code   RO         1402    .text.DL_SYSCTL_setLFCLKSourceLFXT  dl_sysctl_mspm0g1x0x_g3x0x.o
    0x000031b8   0x000031b8   0x00000020   Code   RO          144    .text.DL_SYSCTL_setMFPCLKSource  ti_msp_dl_config.o
    0x000031d8   0x000031d8   0x0000001c   Code   RO          136    .text.DL_SYSCTL_setSYSOSCFreq  ti_msp_dl_config.o
    0x000031f4   0x000031f4   0x000000ec   Code   RO         1274    .text.DL_TimerA_initPWMMode  dl_timer.o
    0x000032e0   0x000032e0   0x00000014   Code   RO         1573    .text.DL_Timer_clearInterruptStatus  adc2chsample.o
    0x000032f4   0x000032f4   0x00000018   Code   RO         2110    .text.DL_Timer_clearInterruptStatus  low_power.o
    0x0000330c   0x0000330c   0x00000014   Code   RO          146    .text.DL_Timer_enableClock  ti_msp_dl_config.o
    0x00003320   0x00003320   0x00000028   Code   RO          152    .text.DL_Timer_enableEvent  ti_msp_dl_config.o
    0x00003348   0x00003348   0x0000001c   Code   RO          150    .text.DL_Timer_enableInterrupt  ti_msp_dl_config.o
    0x00003364   0x00003364   0x00000018   Code   RO          102    .text.DL_Timer_enablePower  ti_msp_dl_config.o
    0x0000337c   0x0000337c   0x00000028   Code   RO         1224    .text.DL_Timer_getCaptureCompareValue  dl_timer.o
    0x000033a4   0x000033a4   0x00000096   Code   RO         1200    .text.DL_Timer_getInChanConfig  dl_timer.o
    0x0000343a   0x0000343a   0x00000012   Code   RO         2108    .text.DL_Timer_getPendingInterrupt  low_power.o
    0x0000344c   0x0000344c   0x00000012   Code   RO         2527    .text.DL_Timer_getPendingInterrupt  freq_meter.o
    0x0000345e   0x0000345e   0x00000012   Code   RO         2627    .text.DL_Timer_getPendingInterrupt  psu_control.o
    0x00003470   0x00003470   0x00000010   Code   RO         1517    .text.DL_Timer_getTimerCount  adc2chsample.o
    0x00003480   0x00003480   0x00000128   Code   RO         1198    .text.DL_Timer_initCaptureMode  dl_timer.o
    0x000035a8   0x000035a8   0x0000010c   Code   RO         1218    .text.DL_Timer_initPWMMode  dl_timer.o
    0x000036b4   0x000036b4   0x000000fc   Code   RO         1188    .text.DL_Timer_initTimerMode  dl_timer.o
    0x000037b0   0x000037b0   0x00000018   Code   RO         1515    .text.DL_Timer_isRunning  adc2chsample.o
    0x000037c8   0x000037c8   0x00000018   Code   RO           84    .text.DL_Timer_reset  ti_msp_dl_config.o
    0x000037e0   0x000037e0   0x00000014   Code   RO          148    .text.DL_Timer_setCCPDirection  ti_msp_dl_config.o
    0x000037f4   0x000037f4   0x00000014   Code   RO         1204    .text.DL_Timer_setCCPDirection  dl_timer.o
    0x00003808   0x00003808   0x00000030   Code   RO         1248    .text.DL_Timer_setCaptCompUpdateMethod  dl_timer.o
    0x00003838   0x00003838   0x00000034   Code   RO         1220    .text.DL_Timer_setCaptureCompareAction  dl_timer.o
    0x0000386c   0x0000386c   0x0000003c   Code   RO         1196    .text.DL_Timer_setCaptureCompareCtl  dl_timer.o
    0x000038a8   0x000038a8   0x00000034   Code   RO         1202    .text.DL_Timer_setCaptureCompareInput  dl_timer.o
    0x000038dc   0x000038dc   0x00000040   Code   RO         1222    .text.DL_Timer_setCaptureCompareOutCtl  dl_timer.o
    0x0000391c   0x0000391c   0x0000002c   Code   RO         1194    .text.DL_Timer_setCaptureCompareValue  dl_timer.o
    0x00003948   0x00003948   0x0000002c   Code   RO         1184    .text.DL_Timer_setClockConfig  dl_timer.o
    0x00003974   0x00003974   0x0000001c   Code   RO         1192    .text.DL_Timer_setCounterValueAfterEnable  dl_timer.o
    0x00003990   0x00003990   0x00000014   Code   RO         1190    .text.DL_Timer_setLoadValue  dl_timer.o
    0x000039a4   0x000039a4   0x00000018   Code   RO         1449    .text.DL_Timer_setLoadValue  adc2chsample.o
    0x000039bc   0x000039bc   0x00000038   Code   RO          154    .text.DL_Timer_setPublisherChanID  ti_msp_dl_config.o
    0x000039f4   0x000039f4   0x00000014   Code   RO         1451    .text.DL_Timer_setTimerCount  adc2chsample.o
    0x00003a08   0x00003a08   0x00000014   Code   RO         1579    .text.DL_Timer_startCounter  adc2chsample.o
    0x00003a1c   0x00003a1c   0x00000014   Code   RO         2515    .text.DL_Timer_startCounter  freq_meter.o
    0x00003a30   0x00003a30   0x00000014   Code   RO         2611    .text.DL_Timer_startCounter  psu_control.o
    0x00003a44   0x00003a44   0x00000018   Code   RO         1447    .text.DL_Timer_stopCounter  adc2chsample.o
    0x00003a5c   0x00003a5c   0x00000014   Code   RO         2507    .text.DL_Timer_stopCounter  freq_meter.o
    0x00003a70   0x00003a70   0x00000018   Code   RO         2615    .text.DL_Timer_stopCounter  psu_control.o
    0x00003a88   0x00003a88   0x00000018   Code   RO         1781    .text.DL_UART_clearInterruptStatus  usr_uart.o
    0x00003aa0   0x00003aa0   0x00000016   Code   RO         1310    .text.DL_UART_disable  dl_uart.o
    0x00003ab6   0x00003ab6   0x00000016   Code   RO          168    .text.DL_UART_enable  ti_msp_dl_config.o
    0x00003acc   0x00003acc   0x00000018   Code   RO          162    .text.DL_UART_enableFIFOs  ti_msp_dl_config.o
    0x00003ae4   0x00003ae4   0x0000001c   Code   RO          160    .text.DL_UART_enableInterrupt  ti_msp_dl_config.o
    0x00003b00   0x00003b00   0x00000014   Code   RO          104    .text.DL_UART_enablePower  ti_msp_dl_config.o
    0x00003b14   0x00003b14   0x00000012   Code   RO         1815    .text.DL_UART_getPendingInterrupt  usr_uart.o
    0x00003b26   0x00003b26   0x00000002   PAD
    0x00003b28   0x00003b28   0x00000048   Code   RO         1308    .text.DL_UART_init  dl_uart.o
    0x00003b70   0x00003b70   0x00000014   Code   RO         1805    .text.DL_UART_isRXFIFOEmpty  usr_uart.o
    0x00003b84   0x00003b84   0x00000014   Code   RO         1336    .text.DL_UART_isTXFIFOFull  dl_uart.o
    0x00003b98   0x00003b98   0x00000014   Code   RO         1807    .text.DL_UART_receiveData  usr_uart.o
    0x00003bac   0x00003bac   0x00000014   Code   RO           86    .text.DL_UART_reset  ti_msp_dl_config.o
    0x00003bc0   0x00003bc0   0x0000004c   Code   RO          158    .text.DL_UART_setBaudRateDivisor  ti_msp_dl_config.o
    0x00003c0c   0x00003c0c   0x00000024   Code   RO         1314    .text.DL_UART_setClockConfig  dl_uart.o
    0x00003c30   0x00003c30   0x0000001e   Code   RO          156    .text.DL_UART_setOversampling  ti_msp_dl_config.o
    0x00003c4e   0x00003c4e   0x00000002   PAD
    0x00003c50   0x00003c50   0x00000024   Code   RO          164    .text.DL_UART_setRXFIFOThreshold  ti_msp_dl_config.o
    0x00003c74   0x00003c74   0x00000028   Code   RO          166    .text.DL_UART_setTXFIFOThreshold  ti_msp_dl_config.o
    0x00003c9c   0x00003c9c   0x00000016   Code   RO         1338    .text.DL_UART_transmitData  dl_uart.o
    0x00003cb2   0x00003cb2   0x00000028   Code   RO         1334    .text.DL_UART_transmitDataBlocking  dl_uart.o
    0x00003cda   0x00003cda   0x00000002   PAD
    0x00003cdc   0x00003cdc   0x00000034   Code   RO         1365    .text.DL_VREF_configReference  dl_vref.o
    0x00003d10   0x00003d10   0x00000018   Code   RO          110    .text.DL_VREF_enablePower  ti_msp_dl_config.o
    0x00003d28   0x00003d28   0x00000018   Code   RO           92    .text.DL_VREF_reset  ti_msp_dl_config.o
    0x00003d40   0x00003d40   0x00000024   Code   RO         1367    .text.DL_VREF_setClockConfig  dl_vref.o
    0x00003d64   0x00003d64   0x00000030   Code   RO         2503    .text.FreqMeter_Init  freq_meter.o
    0x00003d94   0x00003d94   0x0000007c   Code   RO         2521    .text.FreqMeter_Read  freq_meter.o
    0x00003e10   0x00003e10   0x00000028   Code   RO         2519    .text.FreqMeter_Reset  freq_meter.o
    0x00003e38   0x00003e38   0x0000001c   Code   RO         2509    .text.FreqMeter_Start  freq_meter.o
    0x00003e54   0x00003e54   0x00000014   Code   RO         2517    .text.FreqMeter_Stop  freq_meter.o
    0x00003e68   0x00003e68   0x00000010   Code   RO         2523    .text.FreqMeter_WasLost  freq_meter.o
    0x00003e78   0x00003e78   0x00000060   Code   RO         2112    .text.GROUP1_IRQHandler  low_power.o
    0x00003ed8   0x00003ed8   0x00000058   Code   RO         1616    .text.OLED_Clear    oled.o
    0x00003f30   0x00003f30   0x00000016   Code   RO         1638    .text.OLED_DisplayOn  oled.o
    0x00003f46   0x00003f46   0x00000002   PAD
    0x00003f48   0x00003f48   0x000000ec   Code   RO         1642    .text.OLED_Init     oled.o
    0x00004034   0x00004034   0x00000010   Code   RO         1646    .text.OLED_IsPresent  oled.o
    0x00004044   0x00004044   0x00000028   Code   RO         1622    .text.OLED_Pow      oled.o
    0x0000406c   0x0000406c   0x00000036   Code   RO         1614    .text.OLED_SetCursor  oled.o
    0x000040a2   0x000040a2   0x00000002   PAD
    0x000040a4   0x000040a4   0x000000fc   Code   RO         1618    .text.OLED_ShowChar  oled.o
    0x000041a0   0x000041a0   0x000001ac   Code   RO         1632    .text.OLED_ShowFloat  oled.o
    0x0000434c   0x0000434c   0x0000007a   Code   RO         1624    .text.OLED_ShowNum  oled.o
    0x000043c6   0x000043c6   0x00000082   Code   RO         1620    .text.OLED_ShowString  oled.o
    0x00004448   0x00004448   0x0000003c   Code   RO         1610    .text.OLED_WriteCommand  oled.o
    0x00004484   0x00004484   0x00000044   Code   RO         1612    .text.OLED_WriteData  oled.o
    0x000044c8   0x000044c8   0x0000003e   Code   RO         2398    .text.PID_Clamp     pid_controller.o
    0x00004506   0x00004506   0x00000060   Code   RO         2392    .text.PID_Init      pid_controller.o
    0x00004566   0x00004566   0x00000022   Code   RO         2394    .text.PID_Reset     pid_controller.o
    0x00004588   0x00004588   0x00000168   Code   RO         2396    .text.PID_Update    pid_controller.o
    0x000046f0   0x000046f0   0x0000003e   Code   RO         2619    .text.Psu_Clamp     psu_control.o
    0x0000472e   0x0000472e   0x00000002   PAD
    0x00004730   0x00004730   0x00000014   Code   RO         2621    .text.Psu_GetState  psu_control.o
    0x00004744   0x00004744   0x0000007c   Code   RO         2605    .text.Psu_Init      psu_control.o
    0x000047c0   0x000047c0   0x0000001c   Code   RO         2607    .text.Psu_Start     psu_control.o
    0x000047dc   0x000047dc   0x00000018   Code   RO         2613    .text.Psu_Stop      psu_control.o
    0x000047f4   0x000047f4   0x000001a4   Code   RO         2617    .text.Psu_Update    psu_control.o
    0x00004998   0x00004998   0x00000218   Code   RO         2321    .text.SP_EstimateFrequencyU16  signalprocess_ext.o
    0x00004bb0   0x00004bb0   0x0000005e   Code   RO         2303    .text.SP_MeanU16    signalprocess_ext.o
    0x00004c0e   0x00004c0e   0x00000002   PAD
    0x00004c10   0x00004c10   0x00000010   Code   RO         1720    .text.SP_myFFTInit  signalprocess.o
    0x00004c20   0x00004c20   0x00000090   Code   RO           62    .text.SYSCFG_DL_ADC12_0_init  ti_msp_dl_config.o
    0x00004cb0   0x00004cb0   0x00000090   Code   RO           64    .text.SYSCFG_DL_ADC12_1_init  ti_msp_dl_config.o
    0x00004d40   0x00004d40   0x00000058   Code   RO           54    .text.SYSCFG_DL_ADC_SAMPLE_TIMER_init  ti_msp_dl_config.o
    0x00004d98   0x00004d98   0x0000003c   Code   RO           66    .text.SYSCFG_DL_COMP_0_init  ti_msp_dl_config.o
    0x00004dd4   0x00004dd4   0x0000002c   Code   RO           76    .text.SYSCFG_DL_DAC12_init  ti_msp_dl_config.o
    0x00004e00   0x00004e00   0x00000014   Code   RO          206    .text.SYSCFG_DL_DMA_CH0_init  ti_msp_dl_config.o
    0x00004e14   0x00004e14   0x00000014   Code   RO          208    .text.SYSCFG_DL_DMA_CH1_init  ti_msp_dl_config.o
    0x00004e28   0x00004e28   0x00000018   Code   RO          210    .text.SYSCFG_DL_DMA_DAC_init  ti_msp_dl_config.o
    0x00004e40   0x00004e40   0x00000010   Code   RO           72    .text.SYSCFG_DL_DMA_init  ti_msp_dl_config.o
    0x00004e50   0x00004e50   0x00000034   Code   RO           52    .text.SYSCFG_DL_FREQ_CAPTURE_init  ti_msp_dl_config.o
    0x00004e84   0x00004e84   0x0000015c   Code   RO           44    .text.SYSCFG_DL_GPIO_init  ti_msp_dl_config.o
    0x00004fe0   0x00004fe0   0x00000030   Code   RO           58    .text.SYSCFG_DL_LP_WAKE_TIMER_init  ti_msp_dl_config.o
    0x00005010   0x00005010   0x0000001c   Code   RO           70    .text.SYSCFG_DL_OPA_0_init  ti_msp_dl_config.o
    0x0000502c   0x0000502c   0x00000030   Code   RO           56    .text.SYSCFG_DL_PSU_CTRL_TIMER_init  ti_msp_dl_config.o
    0x0000505c   0x0000505c   0x0000005c   Code   RO           50    .text.SYSCFG_DL_PWM_TIMER_init  ti_msp_dl_config.o
    0x000050b8   0x000050b8   0x00000024   Code   RO           74    .text.SYSCFG_DL_RTC_init  ti_msp_dl_config.o
    0x000050dc   0x000050dc   0x00000058   Code   RO           48    .text.SYSCFG_DL_SQUARE_TIMER_init  ti_msp_dl_config.o
    0x00005134   0x00005134   0x00000034   Code   RO           46    .text.SYSCFG_DL_SYSCTL_init  ti_msp_dl_config.o
    0x00005168   0x00005168   0x0000005c   Code   RO           60    .text.SYSCFG_DL_UART_DEBUG_init  ti_msp_dl_config.o
    0x000051c4   0x000051c4   0x00000024   Code   RO           68    .text.SYSCFG_DL_VREF_init  ti_msp_dl_config.o
    0x000051e8   0x000051e8   0x0000006c   Code   RO           40    .text.SYSCFG_DL_init  ti_msp_dl_config.o
    0x00005254   0x00005254   0x00000128   Code   RO           42    .text.SYSCFG_DL_initPower  ti_msp_dl_config.o
    0x0000537c   0x0000537c   0x0000000a   Code   RO         1677    .text.SoftI2C_Delay  soft_i2c.o
    0x00005386   0x00005386   0x00000002   PAD
    0x00005388   0x00005388   0x0000001c   Code   RO         1675    .text.SoftI2C_DriveLow  soft_i2c.o
    0x000053a4   0x000053a4   0x0000003c   Code   RO         1663    .text.SoftI2C_Init  soft_i2c.o
    0x000053e0   0x000053e0   0x00000018   Code   RO         1673    .text.SoftI2C_IsHigh  soft_i2c.o
    0x000053f8   0x000053f8   0x00000018   Code   RO         1683    .text.SoftI2C_Probe  soft_i2c.o
    0x00005410   0x00005410   0x00000078   Code   RO         1671    .text.SoftI2C_RecoverBus  soft_i2c.o
    0x00005488   0x00005488   0x00000018   Code   RO         1669    .text.SoftI2C_Release  soft_i2c.o
    0x000054a0   0x000054a0   0x0000004c   Code   RO         1679    .text.SoftI2C_ReleaseSclAndWait  soft_i2c.o
    0x000054ec   0x000054ec   0x00000058   Code   RO         1687    .text.SoftI2C_Start  soft_i2c.o
    0x00005544   0x00005544   0x0000005e   Code   RO         1681    .text.SoftI2C_Stop  soft_i2c.o
    0x000055a2   0x000055a2   0x000000d4   Code   RO         1685    .text.SoftI2C_Write  soft_i2c.o
    0x00005676   0x00005676   0x000000d0   Code   RO         1689    .text.SoftI2C_WriteByte  soft_i2c.o
    0x00005746   0x00005746   0x00000012   Code   RO         1744    .text.Sysclk_Init   sysconfig.o
    0x00005758   0x00005758   0x00000010   Code   RO         1750    .text.Sysclk_IsFclActive  sysconfig.o
    0x00005768   0x00005768   0x00000044   Code   RO           22    .text.SystemTime_CyclesFromMs  main.o
    0x000057ac   0x000057ac   0x00000044   Code   RO         1535    .text.SystemTime_CyclesFromMs  adc2chsample.o
    0x000057f0   0x000057f0   0x00000044   Code   RO         1650    .text.SystemTime_CyclesFromMs  oled.o
    0x00005834   0x00005834   0x00000048   Code   RO         1701    .text.SystemTime_CyclesFromMs  soft_i2c.o
    0x0000587c   0x0000587c   0x0000005c   Code   RO         1571    .text.SystemTime_CyclesFromUs  adc2chsample.o
    0x000058d8   0x000058d8   0x0000005c   Code   RO         1699    .text.SystemTime_CyclesFromUs  soft_i2c.o
    0x00005934   0x00005934   0x00000068   Code   RO         1754    .text.SystemTime_CyclesFromUs  sysconfig.o
    0x0000599c   0x0000599c   0x00000014   Code   RO           10    .text.SystemTime_DelayMs  main.o
    0x000059b0   0x000059b0   0x00000014   Code   RO         1644    .text.SystemTime_DelayMs  oled.o
    0x000059c4   0x000059c4   0x00000014   Code   RO         1555    .text.SystemTime_DelayUs  adc2chsample.o
    0x000059d8   0x000059d8   0x00000014   Code   RO         1697    .text.SystemTime_DelayUs  soft_i2c.o
    0x000059ec   0x000059ec   0x00000014   Code   RO         1748    .text.SystemTime_DelayUs  sysconfig.o
    0x00005a00   0x00005a00   0x00000098   Code   RO         2525    .text.TIMG12_IRQHandler  freq_meter.o
    0x00005a98   0x00005a98   0x00000024   Code   RO         2625    .text.TIMG6_IRQHandler  psu_control.o
    0x00005abc   0x00005abc   0x0000003c   Code   RO         2106    .text.TIMG8_IRQHandler  low_power.o
    0x00005af8   0x00005af8   0x000000c0   Code   RO            4    .text.Test_Enter    main.o
    0x00005bb8   0x00005bb8   0x00000110   Code   RO           20    .text.Test_RunAdc   main.o
    0x00005cc8   0x00005cc8   0x000000a0   Code   RO           14    .text.Test_RunFreq  main.o
    0x00005d68   0x00005d68   0x0000010c   Code   RO           18    .text.Test_RunPsu   main.o
    0x00005e74   0x00005e74   0x00000100   Code   RO           16    .text.Test_RunRtc   main.o
    0x00005f74   0x00005f74   0x0000011c   Code   RO            6    .text.Test_ScanButton  main.o
    0x00006090   0x00006090   0x0000008c   Code   RO           12    .text.Test_ShowName  main.o
    0x0000611c   0x0000611c   0x00000008   Code   RO         1817    .text.UART0_IRQHandler  usr_uart.o
    0x00006124   0x00006124   0x00000054   Code   RO         1813    .text.USR_UART_IRQHandler  usr_uart.o
    0x00006178   0x00006178   0x00000050   Code   RO         1779    .text.USR_UART_init  usr_uart.o
    0x000061c8   0x000061c8   0x0000002e   Code   RO         1825    .text.USR_UART_pow10  usr_uart.o
    0x000061f6   0x000061f6   0x00000002   PAD
    0x000061f8   0x000061f8   0x00000138   Code   RO         1797    .text.USR_UART_printFloat  usr_uart.o
    0x00006330   0x00006330   0x0000003a   Code   RO         1793    .text.USR_UART_printSigned  usr_uart.o
    0x0000636a   0x0000636a   0x000000de   Code   RO         1823    .text.USR_UART_printUnsigned  usr_uart.o
    0x00006448   0x00006448   0x0000012e   Code   RO         1795    .text.USR_UART_printUnsignedWidth  usr_uart.o
    0x00006576   0x00006576   0x00000002   PAD
    0x00006578   0x00006578   0x000002f8   Code   RO         1791    .text.USR_UART_printf  usr_uart.o
    0x00006870   0x00006870   0x0000001c   Code   RO         1783    .text.USR_UART_sendByte  usr_uart.o
    0x0000688c   0x0000688c   0x00000030   Code   RO         1789    .text.USR_UART_sendString  usr_uart.o
    0x000068bc   0x000068bc   0x0000004c   Code   RO         1809    .text.USR_UART_storeRxByte  usr_uart.o
    0x00006908   0x00006908   0x00000090   Code   RO         2678    .text.UsrRtc_DaysInMonth  usr_rtc.o
    0x00006998   0x00006998   0x00000080   Code   RO         2672    .text.UsrRtc_GetTime  usr_rtc.o
    0x00006a18   0x00006a18   0x000000fc   Code   RO         2676    .text.UsrRtc_GetUnixSeconds2000  usr_rtc.o
    0x00006b14   0x00006b14   0x00000002   Code   RO         2666    .text.UsrRtc_Init   usr_rtc.o
    0x00006b16   0x00006b16   0x00000010   Code   RO         2668    .text.UsrRtc_IsClockReady  usr_rtc.o
    0x00006b26   0x00006b26   0x00000002   PAD
    0x00006b28   0x00006b28   0x00000028   Code   RO         1549    .text.__NVIC_ClearPendingIRQ  adc2chsample.o
    0x00006b50   0x00006b50   0x0000002c   Code   RO         2511    .text.__NVIC_ClearPendingIRQ  freq_meter.o
    0x00006b7c   0x00006b7c   0x00000030   Code   RO         1547    .text.__NVIC_DisableIRQ  adc2chsample.o
    0x00006bac   0x00006bac   0x00000034   Code   RO         2505    .text.__NVIC_DisableIRQ  freq_meter.o
    0x00006be0   0x00006be0   0x00000028   Code   RO         1577    .text.__NVIC_EnableIRQ  adc2chsample.o
    0x00006c08   0x00006c08   0x00000028   Code   RO         2513    .text.__NVIC_EnableIRQ  freq_meter.o
    0x00006c30   0x00006c30   0x0000002c   Code   RO         2609    .text.__NVIC_EnableIRQ  psu_control.o
    0x00006c5c   0x00006c5c   0x00000060   Code   RO         1710    .text.createSinTab  signalprocess.o
    0x00006cbc   0x00006cbc   0x00000124   Code   RO            2    .text.main          main.o
    0x00006de0   0x00006de0   0x00000032   Code   RO         2961    i.__ARM_common_ll_muluu  m_ps.l(rred.o)
    0x00006e12   0x00006e12   0x00000002   PAD
    0x00006e14   0x00006e14   0x0000002c   Code   RO         3001    i.__ARM_fpclassify  m_ps.l(fpclassify.o)
    0x00006e40   0x00006e40   0x0000039c   Code   RO         2956    i.__ieee754_rem_pio2  m_ps.l(rred.o)
    0x000071dc   0x000071dc   0x000000f4   Code   RO         2922    i.__kernel_cos      m_ps.l(cos_i.o)
    0x000072d0   0x000072d0   0x000000ac   Code   RO         3003    i.__kernel_poly     m_ps.l(poly.o)
    0x0000737c   0x0000737c   0x000000ec   Code   RO         2966    i.__kernel_sin      m_ps.l(sin_i.o)
    0x00007468   0x00007468   0x0000000a   Code   RO         2926    i.__mathlib_dbl_infnan  m_ps.l(dunder.o)
    0x00007472   0x00007472   0x00000010   Code   RO         2928    i.__mathlib_dbl_invalid  m_ps.l(dunder.o)
    0x00007482   0x00007482   0x00000002   PAD
    0x00007484   0x00007484   0x00000014   Code   RO         2931    i.__mathlib_dbl_underflow  m_ps.l(dunder.o)
    0x00007498   0x00007498   0x00000016   Code   RO         2784    i._dgeq             fz_ps.l(dcmp.o)
    0x000074ae   0x000074ae   0x00000016   Code   RO         2827    i._fgeq             fz_ps.l(fcmp.o)
    0x000074c4   0x000074c4   0x00000016   Code   RO         2828    i._fgr              fz_ps.l(fcmp.o)
    0x000074da   0x000074da   0x0000001a   Code   RO         2829    i._fleq             fz_ps.l(fcmp.o)
    0x000074f4   0x000074f4   0x00000016   Code   RO         2830    i._fls              fz_ps.l(fcmp.o)
    0x0000750a   0x0000750a   0x00000002   PAD
    0x0000750c   0x0000750c   0x0000009c   Code   RO         2872    i.sin               m_ps.l(sin.o)
    0x000075a8   0x000075a8   0x00000048   Code   RO         2880    i.sqrt              m_ps.l(sqrt.o)
    0x000075f0   0x000075f0   0x00000064   Code   RO         2900    x$fpl$dgeqf         fz_ps.l(dgef.o)
    0x00007654   0x00007654   0x0000008c   Code   RO         2814    x$fpl$fadd          fz_ps.l(faddsub.o)
    0x000076e0   0x000076e0   0x00000054   Code   RO         2908    x$fpl$fgeqf         fz_ps.l(fgef.o)
    0x00007734   0x00007734   0x00000054   Code   RO         2910    x$fpl$fleqf         fz_ps.l(flef.o)
    0x00007788   0x00007788   0x000000b0   Code   RO         2853    x$fpl$fmul          fz_ps.l(fmul.o)
    0x00007838   0x00007838   0x000000d0   Code   RO         2816    x$fpl$fsub          fz_ps.l(faddsub.o)
    0x00007908   0x00007908   0x00000000   Code   RO         2916    x$fpl$usenofp       fz_ps.l(usenofp.o)
    0x00007908   0x00007908   0x00000080   Data   RO         2802    .constdata          fz_ps.l(ddiv.o)
    0x00007988   0x00007988   0x00000040   Data   RO         2845    .constdata          fz_ps.l(fdiv.o)
    0x000079c8   0x000079c8   0x00000030   Data   RO         2923    .constdata          m_ps.l(cos_i.o)
    0x000079f8   0x000079f8   0x000000cc   Data   RO         2958    .constdata          m_ps.l(rred.o)
    0x00007ac4   0x00007ac4   0x00000004   PAD
    0x00007ac8   0x00007ac8   0x00000028   Data   RO         2967    .constdata          m_ps.l(sin_i.o)
    0x00007af0   0x00007af0   0x00000030   Data   RO           29    .rodata..L__const.Test_Enter.cfg  main.o
    0x00007b20   0x00007b20   0x000005f0   Data   RO         1652    .rodata.OLED_F8x16  oled.o
    0x00008110   0x00008110   0x00000018   Data   RO         2680    .rodata.UsrRtc_DaysInMonth.days  usr_rtc.o
    0x00008128   0x00008128   0x00000008   Data   RO          236    .rodata.gADC12_0ClockConfig  ti_msp_dl_config.o
    0x00008130   0x00008130   0x00000008   Data   RO          237    .rodata.gADC12_1ClockConfig  ti_msp_dl_config.o
    0x00008138   0x00008138   0x00000003   Data   RO          228    .rodata.gADC_SAMPLE_TIMERClockConfig  ti_msp_dl_config.o
    0x0000813b   0x0000813b   0x00000001   PAD
    0x0000813c   0x0000813c   0x00000014   Data   RO          229    .rodata.gADC_SAMPLE_TIMERTimerConfig  ti_msp_dl_config.o
    0x00008150   0x00008150   0x00000014   Data   RO          238    .rodata.gCOMP_0Config  ti_msp_dl_config.o
    0x00008164   0x00008164   0x0000000c   Data   RO          239    .rodata.gCOMP_0VRefConfig  ti_msp_dl_config.o
    0x00008170   0x00008170   0x00000020   Data   RO          247    .rodata.gDAC12Config  ti_msp_dl_config.o
    0x00008190   0x00008190   0x00000018   Data   RO          243    .rodata.gDMA_CH0Config  ti_msp_dl_config.o
    0x000081a8   0x000081a8   0x00000018   Data   RO          244    .rodata.gDMA_CH1Config  ti_msp_dl_config.o
    0x000081c0   0x000081c0   0x00000018   Data   RO          245    .rodata.gDMA_DACConfig  ti_msp_dl_config.o
    0x000081d8   0x000081d8   0x00000010   Data   RO          227    .rodata.gFREQ_CAPTURECaptureConfig  ti_msp_dl_config.o
    0x000081e8   0x000081e8   0x00000003   Data   RO          226    .rodata.gFREQ_CAPTUREClockConfig  ti_msp_dl_config.o
    0x000081eb   0x000081eb   0x00000003   Data   RO          221    .rodata.gLFCLKConfig  ti_msp_dl_config.o
    0x000081ee   0x000081ee   0x00000003   Data   RO          232    .rodata.gLP_WAKE_TIMERClockConfig  ti_msp_dl_config.o
    0x000081f1   0x000081f1   0x00000003   PAD
    0x000081f4   0x000081f4   0x00000014   Data   RO          233    .rodata.gLP_WAKE_TIMERTimerConfig  ti_msp_dl_config.o
    0x00008208   0x00008208   0x0000000a   Data   RO          242    .rodata.gOPA_0Config0  ti_msp_dl_config.o
    0x00008212   0x00008212   0x00000003   Data   RO          230    .rodata.gPSU_CTRL_TIMERClockConfig  ti_msp_dl_config.o
    0x00008215   0x00008215   0x00000003   PAD
    0x00008218   0x00008218   0x00000014   Data   RO          231    .rodata.gPSU_CTRL_TIMERTimerConfig  ti_msp_dl_config.o
    0x0000822c   0x0000822c   0x00000003   Data   RO          224    .rodata.gPWM_TIMERClockConfig  ti_msp_dl_config.o
    0x0000822f   0x0000822f   0x00000001   PAD
    0x00008230   0x00008230   0x00000008   Data   RO          225    .rodata.gPWM_TIMERConfig  ti_msp_dl_config.o
    0x00008238   0x00008238   0x00000008   Data   RO          246    .rodata.gRTCCalendarConfig  ti_msp_dl_config.o
    0x00008240   0x00008240   0x00000003   Data   RO          222    .rodata.gSQUARE_TIMERClockConfig  ti_msp_dl_config.o
    0x00008243   0x00008243   0x00000001   PAD
    0x00008244   0x00008244   0x00000008   Data   RO          223    .rodata.gSQUARE_TIMERConfig  ti_msp_dl_config.o
    0x0000824c   0x0000824c   0x00000010   Data   RO           26    .rodata.gTestNames  main.o
    0x0000825c   0x0000825c   0x00000002   Data   RO          234    .rodata.gUART_DEBUGClockConfig  ti_msp_dl_config.o
    0x0000825e   0x0000825e   0x0000000a   Data   RO          235    .rodata.gUART_DEBUGConfig  ti_msp_dl_config.o
    0x00008268   0x00008268   0x00000002   Data   RO          240    .rodata.gVREFClockConfig  ti_msp_dl_config.o
    0x0000826a   0x0000826a   0x00000002   PAD
    0x0000826c   0x0000826c   0x0000000c   Data   RO          241    .rodata.gVREFConfig  ti_msp_dl_config.o
    0x00008278   0x00008278   0x00000372   Data   RO           24    .rodata.str1.1      main.o
    0x000085ea   0x000085ea   0x0000033f   Data   RO         1596    .rodata.str1.1      adc2chsample.o
    0x00008929   0x00008929   0x00000004   Data   RO         1655    .rodata.str1.1      oled.o
    0x0000892d   0x0000892d   0x0000002d   Data   RO         1834    .rodata.str1.1      usr_uart.o
    0x0000895a   0x0000895a   0x00000006   PAD
    0x00008960   0x00008960   0x00000020   Data   RO         3269    Region$$Table       anon$$obj.o


    Execution Region RW_IRAM2 (Exec base: 0x20200000, Load base: 0x00008980, Size: 0x00001960, Max: 0x00008000, ABSOLUTE)

    Exec Addr    Load Addr    Size         Type   Attr      Idx    E Section Name        Object

    0x20200000   0x00008980   0x00000004   Data   RW         1594    .data.gADCFrontendGain  adc2chsample.o
    0x20200004   0x00008984   0x00000004   Data   RW         1593    .data.gADCSampleRateHz  adc2chsample.o
    0x20200008   0x00008988   0x00000002   Data   RW         1592    .data.gADCSampleTimerPeriod  adc2chsample.o
    0x2020000a   0x0000898a   0x00000002   Data   RW         1968    .data.gDACCode      dac.o
    0x2020000c   0x0000898c   0x00000004   Data   RW         1586    .data.pADC_Buffer0  adc2chsample.o
    0x20200010   0x00008990   0x00000004   Data   RW         1588    .data.pADC_Buffer1  adc2chsample.o
    0x20200014   0x00008994   0x00000004   PAD
    0x20200018        -       0x00000060   Zero   RW         3006    .bss                c_p.l(libspace.o)
    0x20200078        -       0x00000001   Zero   RW         1589    .bss.ADC_Finished   adc2chsample.o
    0x20200079   0x00008994   0x00000003   PAD
    0x2020007c        -       0x00000404   Zero   RW         1736    .bss.SIN_TAB        signalprocess.o
    0x20200480        -       0x00000001   Zero   RW         1601    .bss.gADC0DMADone   adc2chsample.o
    0x20200481   0x00008994   0x00000003   PAD
    0x20200484        -       0x00000014   Zero   RW         1595    .bss.gADC12DebugInfo  adc2chsample.o
    0x20200498        -       0x00000001   Zero   RW         1602    .bss.gADC1DMADone   adc2chsample.o
    0x20200499        -       0x00000001   Zero   RW         1591    .bss.gADCSampleTimerPrescaler  adc2chsample.o
    0x2020049a        -       0x00000864   Zero   RW         1585    .bss.gADC_Buffer0   adc2chsample.o
    0x20200cfe        -       0x00000864   Zero   RW         1587    .bss.gADC_Buffer1   adc2chsample.o
    0x20201562   0x00008994   0x00000002   PAD
    0x20201564        -       0x00000004   Zero   RW           30    .bss.gBtnHoldMs     main.o
    0x20201568        -       0x00000001   Zero   RW           31    .bss.gBtnLongSent   main.o
    0x20201569        -       0x00000001   Zero   RW           28    .bss.gBtnPressed    main.o
    0x2020156a        -       0x00000001   Zero   RW         1967    .bss.gDACSineRunning  dac.o
    0x2020156b        -       0x00000001   Zero   RW         1833    .bss.gDiscardLine   usr_uart.o
    0x2020156c        -       0x00000004   Zero   RW         2531    .bss.gFreqMeterEdgeCount  freq_meter.o
    0x20201570        -       0x00000004   Zero   RW         2529    .bss.gFreqMeterLastCapture  freq_meter.o
    0x20201574        -       0x00000001   Zero   RW         2534    .bss.gFreqMeterLost  freq_meter.o
    0x20201575   0x00008994   0x00000003   PAD
    0x20201578        -       0x00000004   Zero   RW         2533    .bss.gFreqMeterPeriodTicks  freq_meter.o
    0x2020157c        -       0x00000001   Zero   RW         2530    .bss.gFreqMeterSynced  freq_meter.o
    0x2020157d        -       0x00000001   Zero   RW         2532    .bss.gFreqMeterValid  freq_meter.o
    0x2020157e        -       0x00000002   Zero   RW         1830    .bss.gLineLength    usr_uart.o
    0x20201580        -       0x00000001   Zero   RW         1832    .bss.gLineOverflow  usr_uart.o
    0x20201581        -       0x00000001   Zero   RW         1831    .bss.gLineReady     usr_uart.o
    0x20201582   0x00008994   0x00000002   PAD
    0x20201584        -       0x00000004   Zero   RW           25    .bss.gLoopCount     main.o
    0x20201588        -       0x00000001   Zero   RW         1654    .bss.gOledAddress   oled.o
    0x20201589        -       0x00000001   Zero   RW         1653    .bss.gOledPresent   oled.o
    0x2020158a   0x00008994   0x00000002   PAD
    0x2020158c        -       0x00000078   Zero   RW          220    .bss.gPSU_CTRL_TIMERBackup  ti_msp_dl_config.o
    0x20201604        -       0x000000bc   Zero   RW          219    .bss.gPWM_TIMERBackup  ti_msp_dl_config.o
    0x202016c0        -       0x00000030   Zero   RW         2629    .bss.gPsuConfig     psu_control.o
    0x202016f0        -       0x00000020   Zero   RW         2631    .bss.gPsuIPid       psu_control.o
    0x20201710        -       0x00000028   Zero   RW         2632    .bss.gPsuState      psu_control.o
    0x20201738        -       0x00000020   Zero   RW         2630    .bss.gPsuVPid       psu_control.o
    0x20201758        -       0x00000080   Zero   RW         1835    .bss.gRxBuffer      usr_uart.o
    0x202017d8        -       0x00000001   Zero   RW         1829    .bss.gRxOverflow    usr_uart.o
    0x202017d9   0x00008994   0x00000001   PAD
    0x202017da        -       0x00000002   Zero   RW         1828    .bss.gRxReadIndex   usr_uart.o
    0x202017dc        -       0x00000002   Zero   RW         1827    .bss.gRxWriteIndex  usr_uart.o
    0x202017de   0x00008994   0x00000002   PAD
    0x202017e0        -       0x00000078   Zero   RW          218    .bss.gSQUARE_TIMERBackup  ti_msp_dl_config.o
    0x20201858        -       0x00000001   Zero   RW           27    .bss.gTest          main.o
    0x20201859        -       0x00000001   Zero   RW         2206    .bss.gWakeReason    low_power.o
    0x2020185a   0x00008994   0x00000002   PAD
    0x2020185c        -       0x00000004   Zero   RW         2207    .bss.gWakeTimerTicks  low_power.o
    0x20201860        -       0x00000000   Zero   RW          255    HEAP                startup_mspm0g350x_uvision.o
    0x20201860        -       0x00000100   Zero   RW          254    STACK               startup_mspm0g350x_uvision.o



  Load Region LR_BCR (Base: 0x41c00000, Size: 0x00000000, Max: 0x00000100, ABSOLUTE)

    Execution Region BCR_CONFIG (Exec base: 0x41c00000, Load base: 0x41c00000, Size: 0x00000000, Max: 0x00000080, ABSOLUTE)

    **** No section assigned to this execution region ****



  Load Region LR_BSL (Base: 0x41c00100, Size: 0x00000000, Max: 0x00000100, ABSOLUTE)

    Execution Region BSL_CONFIG (Exec base: 0x41c00100, Load base: 0x41c00100, Size: 0x00000000, Max: 0x00000080, ABSOLUTE)

    **** No section assigned to this execution region ****


==============================================================================

Image component sizes


      Code (inc. data)   RO Data    RW Data    ZI Data      Debug   Object Name

      3784        216        831         18       4320      23615   adc2chsample.o
       268         24          0          2          1      11836   dac.o
       116         12          0          0          0       4045   dl_adc12.o
        20          0          0          0          0        590   dl_common.o
       204         20          0          0          0       6650   dl_dac12.o
       250          4          0          0          0       4158   dl_dma.o
      1060         44          0          0          0      18481   dl_rtc_common.o
       152         16          0          0          0      16325   dl_sysctl_mspm0g1x0x_g3x0x.o
      1714        200          0          0          0      23372   dl_timer.o
       252          8          0          0          0      10637   dl_uart.o
        88          8          0          0          0       2449   dl_vref.o
       622         68          0          0         15       7229   freq_meter.o
       314         40          0          0          5      32732   low_power.o
      1974        248        946          0         11       8210   main.o
      1604         32       1524          0          2       5924   oled.o
       552          0          0          0          0       2253   pid_controller.o
       820         48          0          0        152       8045   psu_control.o
       112          8          0          0       1028       4815   signalprocess.o
       630          4          0          0          0       9503   signalprocess_ext.o
      1286         16          0          0          0       9080   soft_i2c.o
        44         18        192          0        256        672   startup_mspm0g350x_uvision.o
       182         20          0          0          0       9296   sysconfig.o
      3788        404        309          0        428      52662   ti_msp_dl_config.o
       554         28         24          0          0      11897   usr_rtc.o
      2106         72         45          0        138       9658   usr_uart.o

    ----------------------------------------------------------------------
     22536       1558       3920         20       6380     294134   Object Totals
         0          0         32          0          0          0   (incl. Generated)
        40          0         17          0         24          0   (incl. Padding)

    ----------------------------------------------------------------------

      Code (inc. data)   RO Data    RW Data    ZI Data      Debug   Library Member Name

         8          0          0          0          0         68   __main.o
         0          0          0          0          0          0   __rtentry.o
        12          0          0          0          0          0   __rtentry2.o
         6          0          0          0          0          0   __rtentry4.o
        86         10          0          0          0          0   __scatter.o
        26          0          0          0          0          0   __scatter_copy.o
        28          0          0          0          0          0   __scatter_zi.o
        22          0          0          0          0         92   _rserrno.o
       364          4          0          0          0         92   aeabi_sdiv.o
        16          0          0          0          0         68   exit.o
         6          0          0          0          0        136   heapauxi.o
         0          0          0          0          0          0   indicate_semi.o
         2          0          0          0          0          0   libinit.o
         2          0          0          0          0          0   libinit2.o
         2          0          0          0          0          0   libshutdown.o
         2          0          0          0          0          0   libshutdown2.o
         8          4          0          0         96         68   libspace.o
        48          0          0          0          0         72   llmul.o
       272          0          0          0          0         88   lludiv.o
         8          4          0          0          0         68   rt_errno_addr_intlibspace.o
         2          0          0          0          0          0   rtexit.o
        10          0          0          0          0          0   rtexit2.o
        12          4          0          0          0         60   sys_exit.o
        62          0          0          0          0         80   sys_stackheap_outer.o
         2          0          0          0          0         68   use_no_semi.o
        46          0          0          0          0         60   cmpret.o
       124          4          0          0          0         72   d2f.o
       856         20          0          0          0        208   daddsub.o
        22          0          0          0          0         68   dcmp.o
       160          6          0          0          0         76   dcmpin.o
      1096         26        128          0          0        112   ddiv.o
       108         10          0          0          0         72   dfixi.o
        72          4          0          0          0         68   dfixui.o
        88          0          0          0          0         92   dflti.o
       100          4          0          0          0         92   dgef.o
       584         26          0          0          0         84   dmul.o
        20          6          0          0          0         68   dnan2.o
        96         12          0          0          0         72   dscalbn.o
       256          8          0          0          0         76   dsqrt.o
        84          4          0          0          0         60   f2d.o
       348          8          0          0          0        160   faddsub.o
        92          0          0          0          0        272   fcmp.o
       100          4          0          0          0         68   fcmpin.o
       352         10         64          0          0         92   fdiv.o
        76          0          0          0          0         68   ffixi.o
        48          0          0          0          0         60   ffixui.o
        94          0          0          0          0         92   fflti.o
        84          4          0          0          0         76   fgef.o
        84          4          0          0          0         76   flef.o
       176          4          0          0          0         80   fmul.o
        16          6          0          0          0         68   fnan2.o
        94          0          0          0          0         68   retnan.o
         0          0          0          0          0          0   usenofp.o
       244         20         48          0          0         92   cos_i.o
        46          6          0          0          0        204   dunder.o
        44          4          0          0          0         60   fpclassify.o
       172          0          0          0          0         76   poly.o
       974         86        204          0          0        200   rred.o
       156         10          0          0          0        104   sin.o
       236         14         40          0          0        100   sin_i.o
        72          6          0          0          0         76   sqrt.o

    ----------------------------------------------------------------------
      8256        346        488          0         96       4332   Library Totals
        30          4          4          0          0          0   (incl. Padding)

    ----------------------------------------------------------------------

      Code (inc. data)   RO Data    RW Data    ZI Data      Debug   Library Name

      1006         26          0          0         96        960   c_p.l
      5276        170        192          0          0       2460   fz_ps.l
      1944        146        292          0          0        912   m_ps.l

    ----------------------------------------------------------------------
      8256        346        488          0         96       4332   Library Totals

    ----------------------------------------------------------------------

==============================================================================


      Code (inc. data)   RO Data    RW Data    ZI Data      Debug   

     30792       1904       4408         20       6476     295850   Grand Totals
     30792       1904       4408         20       6476     295850   ELF Image Totals
     30792       1904       4408         20          0          0   ROM Totals

==============================================================================

    Total RO  Size (Code + RO Data)                35200 (  34.38kB)
    Total RW  Size (RW Data + ZI Data)              6496 (   6.34kB)
    Total ROM Size (Code + RO Data + RW Data)      35220 (  34.39kB)

==============================================================================

