Component: Arm Compiler for Embedded 6.23 Tool: armlink [5f102400]

==============================================================================

Section Cross References

    main.o(.text.main) refers to ti_msp_dl_config.o(.text.SYSCFG_DL_initPower) for SYSCFG_DL_initPower
    main.o(.text.main) refers to ti_msp_dl_config.o(.text.SYSCFG_DL_GPIO_init) for SYSCFG_DL_GPIO_init
    main.o(.text.main) refers to ti_msp_dl_config.o(.text.SYSCFG_DL_SYSCTL_init) for SYSCFG_DL_SYSCTL_init
    main.o(.text.main) refers to ti_msp_dl_config.o(.text.SYSCFG_DL_ADC_SAMPLE_TIMER_init) for SYSCFG_DL_ADC_SAMPLE_TIMER_init
    main.o(.text.main) refers to ti_msp_dl_config.o(.text.SYSCFG_DL_UART_DEBUG_init) for SYSCFG_DL_UART_DEBUG_init
    main.o(.text.main) refers to ti_msp_dl_config.o(.text.SYSCFG_DL_VREF_init) for SYSCFG_DL_VREF_init
    main.o(.text.main) refers to ti_msp_dl_config.o(.text.SYSCFG_DL_ADC12_0_init) for SYSCFG_DL_ADC12_0_init
    main.o(.text.main) refers to ti_msp_dl_config.o(.text.SYSCFG_DL_DMA_init) for SYSCFG_DL_DMA_init
    main.o(.text.main) refers to oled.o(.text.OLED_Init) for OLED_Init
    main.o(.text.main) refers to gain_calibration.o(.text.GainCalibration_BootSelect) for GainCalibration_BootSelect
    main.o(.text.main) refers to oled.o(.text.OLED_ShowString) for OLED_ShowString
    main.o(.text.main) refers to oled.o(.text.OLED_DisplayOff) for OLED_DisplayOff
    main.o(.text.main) refers to low_power.o(.text.LowPower_Init) for LowPower_Init
    main.o(.text.main) refers to main.o(.text.App_PrepareForStandby) for App_PrepareForStandby
    main.o(.text.main) refers to low_power.o(.text.LowPower_EnterStandby1) for LowPower_EnterStandby1
    main.o(.text.main) refers to low_power.o(.text.LowPower_GetWakeReason) for LowPower_GetWakeReason
    main.o(.text.main) refers to low_power.o(.text.LowPower_ClearWakeReason) for LowPower_ClearWakeReason
    main.o(.text.main) refers to low_power.o(.text.LowPower_RunTimerWakeFlow) for LowPower_RunTimerWakeFlow
    main.o(.text.main) refers to main.o(.text.App_ServiceOledTimerTick) for App_ServiceOledTimerTick
    main.o(.text.main) refers to main.o(.text.App_ShowLatestMeasurement) for App_ShowLatestMeasurement
    main.o(.text.main) refers to main.o(.rodata.str1.1) for [Anonymous Symbol]
    main.o(.ARM.exidx.text.main) refers to main.o(.text.main) for [Anonymous Symbol]
    main.o(.text.App_PrepareForStandby) refers to main.o(.text.DL_UART_disableInterrupt) for DL_UART_disableInterrupt
    main.o(.text.App_PrepareForStandby) refers to main.o(.text.DL_UART_clearInterruptStatus) for DL_UART_clearInterruptStatus
    main.o(.text.App_PrepareForStandby) refers to main.o(.text.__NVIC_ClearPendingIRQ) for __NVIC_ClearPendingIRQ
    main.o(.text.App_PrepareForStandby) refers to main.o(.text.DL_UART_disable) for DL_UART_disable
    main.o(.text.App_PrepareForStandby) refers to main.o(.text.DL_UART_disablePower) for DL_UART_disablePower
    main.o(.text.App_PrepareForStandby) refers to main.o(.text.DL_Timer_stopCounter) for DL_Timer_stopCounter
    main.o(.text.App_PrepareForStandby) refers to main.o(.text.DL_Timer_disableInterrupt) for DL_Timer_disableInterrupt
    main.o(.text.App_PrepareForStandby) refers to main.o(.text.DL_Timer_clearInterruptStatus) for DL_Timer_clearInterruptStatus
    main.o(.text.App_PrepareForStandby) refers to main.o(.text.DL_Timer_disablePower) for DL_Timer_disablePower
    main.o(.text.App_PrepareForStandby) refers to main.o(.text.DL_DMA_disableChannel) for DL_DMA_disableChannel
    main.o(.text.App_PrepareForStandby) refers to main.o(.text.DL_ADC12_stopConversion) for DL_ADC12_stopConversion
    main.o(.text.App_PrepareForStandby) refers to main.o(.text.DL_ADC12_disableConversions) for DL_ADC12_disableConversions
    main.o(.text.App_PrepareForStandby) refers to main.o(.text.DL_ADC12_disableDMA) for DL_ADC12_disableDMA
    main.o(.text.App_PrepareForStandby) refers to main.o(.text.DL_ADC12_disableDMATrigger) for DL_ADC12_disableDMATrigger
    main.o(.text.App_PrepareForStandby) refers to main.o(.text.DL_ADC12_disableInterrupt) for DL_ADC12_disableInterrupt
    main.o(.text.App_PrepareForStandby) refers to main.o(.text.DL_ADC12_clearInterruptStatus) for DL_ADC12_clearInterruptStatus
    main.o(.text.App_PrepareForStandby) refers to main.o(.text.__NVIC_DisableIRQ) for __NVIC_DisableIRQ
    main.o(.text.App_PrepareForStandby) refers to main.o(.text.DL_ADC12_reset) for DL_ADC12_reset
    main.o(.text.App_PrepareForStandby) refers to main.o(.text.DL_ADC12_disablePower) for DL_ADC12_disablePower
    main.o(.text.App_PrepareForStandby) refers to main.o(.text.DL_VREF_disableInternalRef) for DL_VREF_disableInternalRef
    main.o(.text.App_PrepareForStandby) refers to main.o(.text.DL_VREF_reset) for DL_VREF_reset
    main.o(.text.App_PrepareForStandby) refers to main.o(.text.DL_VREF_disablePower) for DL_VREF_disablePower
    main.o(.text.App_PrepareForStandby) refers to oled.o(.text.OLED_DisplayOff) for OLED_DisplayOff
[...]
    [Anonymous Symbol]                       0x000059c8   Section        0  ti_msp_dl_config.o(.rodata.gADC12_0ClockConfig)
    gADC_SAMPLE_TIMERClockConfig             0x000059d0   Data           3  ti_msp_dl_config.o(.rodata.gADC_SAMPLE_TIMERClockConfig)
    [Anonymous Symbol]                       0x000059d0   Section        0  ti_msp_dl_config.o(.rodata.gADC_SAMPLE_TIMERClockConfig)
    gADC_SAMPLE_TIMERTimerConfig             0x000059d4   Data          20  ti_msp_dl_config.o(.rodata.gADC_SAMPLE_TIMERTimerConfig)
    [Anonymous Symbol]                       0x000059d4   Section        0  ti_msp_dl_config.o(.rodata.gADC_SAMPLE_TIMERTimerConfig)
    gDMA_CH0Config                           0x000059e8   Data          24  ti_msp_dl_config.o(.rodata.gDMA_CH0Config)
    [Anonymous Symbol]                       0x000059e8   Section        0  ti_msp_dl_config.o(.rodata.gDMA_CH0Config)
    gUART_DEBUGClockConfig                   0x00005a00   Data           2  ti_msp_dl_config.o(.rodata.gUART_DEBUGClockConfig)
    [Anonymous Symbol]                       0x00005a00   Section        0  ti_msp_dl_config.o(.rodata.gUART_DEBUGClockConfig)
    gUART_DEBUGConfig                        0x00005a02   Data          10  ti_msp_dl_config.o(.rodata.gUART_DEBUGConfig)
    [Anonymous Symbol]                       0x00005a02   Section        0  ti_msp_dl_config.o(.rodata.gUART_DEBUGConfig)
    gVREFClockConfig                         0x00005a0c   Data           2  ti_msp_dl_config.o(.rodata.gVREFClockConfig)
    [Anonymous Symbol]                       0x00005a0c   Section        0  ti_msp_dl_config.o(.rodata.gVREFClockConfig)
    gVREFConfig                              0x00005a10   Data          12  ti_msp_dl_config.o(.rodata.gVREFConfig)
    [Anonymous Symbol]                       0x00005a10   Section        0  ti_msp_dl_config.o(.rodata.gVREFConfig)
    [Anonymous Symbol]                       0x00005a1c   Section        0  main.o(.rodata.str1.1)
    [Anonymous Symbol]                       0x00005a3a   Section        0  adc2chsample.o(.rodata.str1.1)
    [Anonymous Symbol]                       0x00005d6f   Section        0  low_power.o(.rodata.str1.1)
    [Anonymous Symbol]                       0x00005d8a   Section        0  gain_calibration.o(.rodata.str1.1)
    DL_FlashCTL_executeCommandFromRAM        0x20200001   Thumb Code    60  dl_flashctl.o(.ramfunc)
    [Anonymous Symbol]                       0x20200000   Section        0  dl_flashctl.o(.ramfunc)
    __arm_cp.3_0                             0x2020003c   Number         4  dl_flashctl.o(.ramfunc)
    gADCFrontendGain                         0x20200040   Data           4  adc2chsample.o(.data.gADCFrontendGain)
    [Anonymous Symbol]                       0x20200040   Section        0  adc2chsample.o(.data.gADCFrontendGain)
    gADCSampleRateHz                         0x20200044   Data           4  adc2chsample.o(.data.gADCSampleRateHz)
    [Anonymous Symbol]                       0x20200044   Section        0  adc2chsample.o(.data.gADCSampleRateHz)
    gADCSampleTimerPeriod                    0x20200048   Data           2  adc2chsample.o(.data.gADCSampleTimerPeriod)
    [Anonymous Symbol]                       0x20200048   Section        0  adc2chsample.o(.data.gADCSampleTimerPeriod)
    .bss                                     0x20200058   Section       96  libspace.o(.bss)
    GainCalibration_ReadPressedEdges.lastState 0x202000b9   Data           1  gain_calibration.o(.bss.GainCalibration_ReadPressedEdges.lastState)
    [Anonymous Symbol]                       0x202000b9   Section        0  gain_calibration.o(.bss.GainCalibration_ReadPressedEdges.lastState)
    gADC0DMADone                             0x202000ba   Data           1  adc2chsample.o(.bss.gADC0DMADone)
    [Anonymous Symbol]                       0x202000ba   Section        0  adc2chsample.o(.bss.gADC0DMADone)
    gADC12DebugInfo                          0x202000bc   Data          20  adc2chsample.o(.bss.gADC12DebugInfo)
    [Anonymous Symbol]                       0x202000bc   Section        0  adc2chsample.o(.bss.gADC12DebugInfo)
    gADC1DMADone                             0x202000d0   Data           1  adc2chsample.o(.bss.gADC1DMADone)
    [Anonymous Symbol]                       0x202000d0   Section        0  adc2chsample.o(.bss.gADC1DMADone)
    gADCSampleTimerPrescaler                 0x202000d1   Data           1  adc2chsample.o(.bss.gADCSampleTimerPrescaler)
    [Anonymous Symbol]                       0x202000d1   Section        0  adc2chsample.o(.bss.gADCSampleTimerPrescaler)
    gADC_Buffer0                             0x202000d2   Data        2148  adc2chsample.o(.bss.gADC_Buffer0)
    [Anonymous Symbol]                       0x202000d2   Section        0  adc2chsample.o(.bss.gADC_Buffer0)
    gADC_Buffer1                             0x20200936   Data        2148  adc2chsample.o(.bss.gADC_Buffer1)
    [Anonymous Symbol]                       0x20200936   Section        0  adc2chsample.o(.bss.gADC_Buffer1)
    gDiscardLine                             0x2020119a   Data           1  usr_uart.o(.bss.gDiscardLine)
    [Anonymous Symbol]                       0x2020119a   Section        0  usr_uart.o(.bss.gDiscardLine)
    gKey2Configured                          0x2020119b   Data           1  low_power.o(.bss.gKey2Configured)
    [Anonymous Symbol]                       0x2020119b   Section        0  low_power.o(.bss.gKey2Configured)
    gLatestMeasurement                       0x2020119c   Data          20  low_power.o(.bss.gLatestMeasurement)
    [Anonymous Symbol]                       0x2020119c   Section        0  low_power.o(.bss.gLatestMeasurement)
    gLineLength                              0x202011b0   Data           2  usr_uart.o(.bss.gLineLength)
    [Anonymous Symbol]                       0x202011b0   Section        0  usr_uart.o(.bss.gLineLength)
    gLineOverflow                            0x202011b2   Data           1  usr_uart.o(.bss.gLineOverflow)
    [Anonymous Symbol]                       0x202011b2   Section        0  usr_uart.o(.bss.gLineOverflow)
    gLineReady                               0x202011b3   Data           1  usr_uart.o(.bss.gLineReady)
    [Anonymous Symbol]                       0x202011b3   Section        0  usr_uart.o(.bss.gLineReady)
    gRxBuffer                                0x202011b4   Data         128  usr_uart.o(.bss.gRxBuffer)
    [Anonymous Symbol]                       0x202011b4   Section        0  usr_uart.o(.bss.gRxBuffer)
    gRxOverflow                              0x20201234   Data           1  usr_uart.o(.bss.gRxOverflow)
    [Anonymous Symbol]                       0x20201234   Section        0  usr_uart.o(.bss.gRxOverflow)
    gRxReadIndex                             0x20201236   Data           2  usr_uart.o(.bss.gRxReadIndex)
    [Anonymous Symbol]                       0x20201236   Section        0  usr_uart.o(.bss.gRxReadIndex)
    gRxWriteIndex                            0x20201238   Data           2  usr_uart.o(.bss.gRxWriteIndex)
    [Anonymous Symbol]                       0x20201238   Section        0  usr_uart.o(.bss.gRxWriteIndex)
    gWakeReason                              0x2020123a   Data           1  low_power.o(.bss.gWakeReason)
    [Anonymous Symbol]                       0x2020123a   Section        0  low_power.o(.bss.gWakeReason)
    gWakeTimerRunning                        0x2020123b   Data           1  low_power.o(.bss.gWakeTimerRunning)
    [Anonymous Symbol]                       0x2020123b   Section        0  low_power.o(.bss.gWakeTimerRunning)
    gWakeTimerTicks                          0x2020123c   Data           4  low_power.o(.bss.gWakeTimerTicks)
    [Anonymous Symbol]                       0x2020123c   Section        0  low_power.o(.bss.gWakeTimerTicks)
    Heap_Mem                                 0x20201240   Data           0  startup_mspm0g350x_uvision.o(HEAP)
    Stack_Mem                                0x20201240   Data         256  startup_mspm0g350x_uvision.o(STACK)
    HEAP                                     0x20201240   Section        0  startup_mspm0g350x_uvision.o(HEAP)
    STACK                                    0x20201240   Section      256  startup_mspm0g350x_uvision.o(STACK)
    __initial_sp                             0x20201340   Data           0  startup_mspm0g350x_uvision.o(STACK)

    Global Symbols

    Symbol Name                              Value     Ov Type        Size  Object(Section)

    BuildAttributes$$THM_ISAv3M$S$PE$A:L22$X:L11$S22$IEEE1$IW$~IW$USESV6$~STKCKD$USESV7$~SHL$OTIME$ROPI$IEEEX$EBA8$UX$STANDARDLIB$REQ8$PRES8$EABIv2 0x00000000   Number         0  anon$$obj.o ABSOLUTE
    __Vectors                                0x00000000   Data           4  startup_mspm0g350x_uvision.o(RESET)
    __ARM_exceptions_init                     - Undefined Weak Reference
    __alloca_initialize                       - Undefined Weak Reference
    __arm_preinit_                            - Undefined Weak Reference
    __arm_relocate_pie_                       - Undefined Weak Reference
    __cpp_initialize__aeabi_                  - Undefined Weak Reference
    __cxa_finalize                            - Undefined Weak Reference
    __rt_locale                               - Undefined Weak Reference
    __sigvec_lookup                           - Undefined Weak Reference
    _atexit_init                              - Undefined Weak Reference
    _call_atexit_fns                          - Undefined Weak Reference
    _clock_init                               - Undefined Weak Reference
    _fp_trap_init                             - Undefined Weak Reference
    _fp_trap_shutdown                         - Undefined Weak Reference
    _get_lc_collate                           - Undefined Weak Reference
    _get_lc_ctype                             - Undefined Weak Reference
    _get_lc_monetary                          - Undefined Weak Reference
    _get_lc_numeric                           - Undefined Weak Reference
    _get_lc_time                              - Undefined Weak Reference
    _getenv_init                              - Undefined Weak Reference
    _handle_redirection                       - Undefined Weak Reference
    _init_alloc                               - Undefined Weak Reference
    _init_user_alloc                          - Undefined Weak Reference
    _initio                                   - Undefined Weak Reference
    _rand_init                                - Undefined Weak Reference
    _signal_finish                            - Undefined Weak Reference
    _signal_init                              - Undefined Weak Reference
    _terminate_alloc                          - Undefined Weak Reference
    _terminate_user_alloc                     - Undefined Weak Reference
    _terminateio                              - Undefined Weak Reference
    __Vectors_End                            0x000000c0   Data           0  startup_mspm0g350x_uvision.o(RESET)
    __Vectors_Size                           0x000000c0   Number         0  startup_mspm0g350x_uvision.o ABSOLUTE
    __main                                   0x000000c1   Thumb Code     8  __main.o(!!!main)
    __scatterload                            0x000000c9   Thumb Code     0  __scatter.o(!!!scatter)
    __scatterload_rt2                        0x000000c9   Thumb Code    74  __scatter.o(!!!scatter)
    __scatterload_rt2_thumb_only             0x000000c9   Thumb Code     0  __scatter.o(!!!scatter)
    __scatterload_loop                       0x000000d3   Thumb Code     0  __scatter.o(!!!scatter)
    __scatterload_copy                       0x00000121   Thumb Code    26  __scatter_copy.o(!!handler_copy)
    __scatterload_null                       0x00000141   Thumb Code     2  __scatter.o(!!handler_null)
    __scatterload_zeroinit                   0x00000149   Thumb Code    28  __scatter_zi.o(!!handler_zi)
    __rt_lib_init                            0x00000165   Thumb Code     0  libinit.o(.ARM.Collect$$libinit$$00000000)
    __rt_lib_init_alloca_1                   0x00000167   Thumb Code     0  libinit2.o(.ARM.Collect$$libinit$$00000030)
    __rt_lib_init_argv_1                     0x00000167   Thumb Code     0  libinit2.o(.ARM.Collect$$libinit$$0000002E)
    __rt_lib_init_atexit_1                   0x00000167   Thumb Code     0  libinit2.o(.ARM.Collect$$libinit$$0000001D)
    __rt_lib_init_clock_1                    0x00000167   Thumb Code     0  libinit2.o(.ARM.Collect$$libinit$$00000023)
    __rt_lib_init_cpp_1                      0x00000167   Thumb Code     0  libinit2.o(.ARM.Collect$$libinit$$00000034)
    __rt_lib_init_exceptions_1               0x00000167   Thumb Code     0  libinit2.o(.ARM.Collect$$libinit$$00000032)
    __rt_lib_init_fp_1                       0x00000167   Thumb Code     0  libinit2.o(.ARM.Collect$$libinit$$00000002)
    __rt_lib_init_fp_trap_1                  0x00000167   Thumb Code     0  libinit2.o(.ARM.Collect$$libinit$$00000021)
    __rt_lib_init_getenv_1                   0x00000167   Thumb Code     0  libinit2.o(.ARM.Collect$$libinit$$00000025)
    __rt_lib_init_heap_1                     0x00000167   Thumb Code     0  libinit2.o(.ARM.Collect$$libinit$$0000000C)
    __rt_lib_init_lc_collate_1               0x00000167   Thumb Code     0  libinit2.o(.ARM.Collect$$libinit$$00000013)
    __rt_lib_init_lc_ctype_1                 0x00000167   Thumb Code     0  libinit2.o(.ARM.Collect$$libinit$$00000015)
    __rt_lib_init_lc_monetary_1              0x00000167   Thumb Code     0  libinit2.o(.ARM.Collect$$libinit$$00000017)
    __rt_lib_init_lc_numeric_1               0x00000167   Thumb Code     0  libinit2.o(.ARM.Collect$$libinit$$00000019)
    __rt_lib_init_lc_time_1                  0x00000167   Thumb Code     0  libinit2.o(.ARM.Collect$$libinit$$0000001B)
    __rt_lib_init_preinit_1                  0x00000167   Thumb Code     0  libinit2.o(.ARM.Collect$$libinit$$00000006)
    __rt_lib_init_rand_1                     0x00000167   Thumb Code     0  libinit2.o(.ARM.Collect$$libinit$$00000010)
    __rt_lib_init_relocate_pie_1             0x00000167   Thumb Code     0  libinit2.o(.ARM.Collect$$libinit$$00000004)
    __rt_lib_init_return                     0x00000167   Thumb Code     0  libinit2.o(.ARM.Collect$$libinit$$00000035)
    __rt_lib_init_signal_1                   0x00000167   Thumb Code     0  libinit2.o(.ARM.Collect$$libinit$$0000001F)
    __rt_lib_init_stdio_1                    0x00000167   Thumb Code     0  libinit2.o(.ARM.Collect$$libinit$$00000027)
    __rt_lib_init_user_alloc_1               0x00000167   Thumb Code     0  libinit2.o(.ARM.Collect$$libinit$$0000000E)
    __rt_lib_shutdown                        0x00000169   Thumb Code     0  libshutdown.o(.ARM.Collect$$libshutdown$$00000000)
    __rt_lib_shutdown_cpp_1                  0x0000016b   Thumb Code     0  libshutdown2.o(.ARM.Collect$$libshutdown$$00000002)
    __rt_lib_shutdown_fp_trap_1              0x0000016b   Thumb Code     0  libshutdown2.o(.ARM.Collect$$libshutdown$$00000007)
    __rt_lib_shutdown_heap_1                 0x0000016b   Thumb Code     0  libshutdown2.o(.ARM.Collect$$libshutdown$$0000000F)
    __rt_lib_shutdown_return                 0x0000016b   Thumb Code     0  libshutdown2.o(.ARM.Collect$$libshutdown$$00000010)
    __rt_lib_shutdown_signal_1               0x0000016b   Thumb Code     0  libshutdown2.o(.ARM.Collect$$libshutdown$$0000000A)
    __rt_lib_shutdown_stdio_1                0x0000016b   Thumb Code     0  libshutdown2.o(.ARM.Collect$$libshutdown$$00000004)
    __rt_lib_shutdown_user_alloc_1           0x0000016b   Thumb Code     0  libshutdown2.o(.ARM.Collect$$libshutdown$$0000000C)
    __rt_entry                               0x0000016d   Thumb Code     0  __rtentry.o(.ARM.Collect$$rtentry$$00000000)
    __rt_entry_presh_1                       0x0000016d   Thumb Code     0  __rtentry2.o(.ARM.Collect$$rtentry$$00000002)
    __rt_entry_sh                            0x0000016d   Thumb Code     0  __rtentry4.o(.ARM.Collect$$rtentry$$00000004)
    __rt_entry_li                            0x00000173   Thumb Code     0  __rtentry2.o(.ARM.Collect$$rtentry$$0000000A)
    __rt_entry_postsh_1                      0x00000173   Thumb Code     0  __rtentry2.o(.ARM.Collect$$rtentry$$00000009)
    __rt_entry_main                          0x00000177   Thumb Code     0  __rtentry2.o(.ARM.Collect$$rtentry$$0000000D)
    __rt_entry_postli_1                      0x00000177   Thumb Code     0  __rtentry2.o(.ARM.Collect$$rtentry$$0000000C)
    __rt_exit                                0x0000017f   Thumb Code     0  rtexit.o(.ARM.Collect$$rtexit$$00000000)
    __rt_exit_ls                             0x00000181   Thumb Code     0  rtexit2.o(.ARM.Collect$$rtexit$$00000003)
    __rt_exit_prels_1                        0x00000181   Thumb Code     0  rtexit2.o(.ARM.Collect$$rtexit$$00000002)
    __rt_exit_exit                           0x00000185   Thumb Code     0  rtexit2.o(.ARM.Collect$$rtexit$$00000004)
    Reset_Handler                            0x0000018d   Thumb Code     4  startup_mspm0g350x_uvision.o(.text)
    NMI_Handler                              0x00000191   Thumb Code     2  startup_mspm0g350x_uvision.o(.text)
    HardFault_Handler                        0x00000193   Thumb Code     2  startup_mspm0g350x_uvision.o(.text)
    SVC_Handler                              0x00000195   Thumb Code     2  startup_mspm0g350x_uvision.o(.text)
    PendSV_Handler                           0x00000197   Thumb Code     2  startup_mspm0g350x_uvision.o(.text)
    SysTick_Handler                          0x00000199   Thumb Code     2  startup_mspm0g350x_uvision.o(.text)
    AES_IRQHandler                           0x0000019b   Thumb Code     0  startup_mspm0g350x_uvision.o(.text)
    CANFD0_IRQHandler                        0x0000019b   Thumb Code     0  startup_mspm0g350x_uvision.o(.text)
    DAC0_IRQHandler                          0x0000019b   Thumb Code     0  startup_mspm0g350x_uvision.o(.text)
    DMA_IRQHandler                           0x0000019b   Thumb Code     0  startup_mspm0g350x_uvision.o(.text)
    Default_Handler                          0x0000019b   Thumb Code     2  startup_mspm0g350x_uvision.o(.text)
    GROUP0_IRQHandler                        0x0000019b   Thumb Code     0  startup_mspm0g350x_uvision.o(.text)
    I2C0_IRQHandler                          0x0000019b   Thumb Code     0  startup_mspm0g350x_uvision.o(.text)
    I2C1_IRQHandler                          0x0000019b   Thumb Code     0  startup_mspm0g350x_uvision.o(.text)
    RTC_IRQHandler                           0x0000019b   Thumb Code     0  startup_mspm0g350x_uvision.o(.text)
    SPI0_IRQHandler                          0x0000019b   Thumb Code     0  startup_mspm0g350x_uvision.o(.text)
    SPI1_IRQHandler                          0x0000019b   Thumb Code     0  startup_mspm0g350x_uvision.o(.text)
    TIMA0_IRQHandler                         0x0000019b   Thumb Code     0  startup_mspm0g350x_uvision.o(.text)
    TIMA1_IRQHandler                         0x0000019b   Thumb Code     0  startup_mspm0g350x_uvision.o(.text)
    TIMG0_IRQHandler                         0x0000019b   Thumb Code     0  startup_mspm0g350x_uvision.o(.text)
    TIMG12_IRQHandler                        0x0000019b   Thumb Code     0  startup_mspm0g350x_uvision.o(.text)
    TIMG6_IRQHandler                         0x0000019b   Thumb Code     0  startup_mspm0g350x_uvision.o(.text)
    TIMG7_IRQHandler                         0x0000019b   Thumb Code     0  startup_mspm0g350x_uvision.o(.text)
    UART1_IRQHandler                         0x0000019b   Thumb Code     0  startup_mspm0g350x_uvision.o(.text)
    UART2_IRQHandler                         0x0000019b   Thumb Code     0  startup_mspm0g350x_uvision.o(.text)
    UART3_IRQHandler                         0x0000019b   Thumb Code     0  startup_mspm0g350x_uvision.o(.text)
    __user_initial_stackheap                 0x0000019d   Thumb Code    10  startup_mspm0g350x_uvision.o(.text)
    memcmp                                   0x000001b9   Thumb Code    90  memcmp.o(.text)
    __aeabi_uidiv                            0x00000215   Thumb Code     0  aeabi_sdiv.o(.text)
    __aeabi_uidivmod                         0x00000215   Thumb Code    20  aeabi_sdiv.o(.text)
    __aeabi_idiv                             0x00000229   Thumb Code     0  aeabi_sdiv.o(.text)
    __aeabi_idivmod                          0x00000229   Thumb Code   338  aeabi_sdiv.o(.text)
    __use_two_region_memory                  0x00000381   Thumb Code     2  heapauxi.o(.text)
    __rt_heap_escrow$2region                 0x00000383   Thumb Code     2  heapauxi.o(.text)
    __rt_heap_expand$2region                 0x00000385   Thumb Code     2  heapauxi.o(.text)
    __aeabi_d2f                              0x00000389   Thumb Code     0  d2f.o(.text)
    __truncdfsf2                             0x00000389   Thumb Code     0  d2f.o(.text)
    _d2f                                     0x00000389   Thumb Code   120  d2f.o(.text)
    __adddf3                                 0x000006fd   Thumb Code     0  daddsub.o(.text)
    __aeabi_dadd                             0x000006fd   Thumb Code     0  daddsub.o(.text)
    _dadd                                    0x000006fd   Thumb Code    26  daddsub.o(.text)
    __aeabi_dsub                             0x00000717   Thumb Code     0  daddsub.o(.text)
    __subdf3                                 0x00000717   Thumb Code     0  daddsub.o(.text)
    _dsub                                    0x00000717   Thumb Code    22  daddsub.o(.text)
    __aeabi_drsub                            0x0000072d   Thumb Code     0  daddsub.o(.text)
    _drsb                                    0x0000072d   Thumb Code    28  daddsub.o(.text)
    __aeabi_ddiv                             0x0000075d   Thumb Code     0  ddiv.o(.text)
    __divdf3                                 0x0000075d   Thumb Code     0  ddiv.o(.text)
    _ddiv                                    0x0000075d   Thumb Code  1072  ddiv.o(.text)
    _drdiv                                   0x00000b8d   Thumb Code    20  ddiv.o(.text)
    __aeabi_i2d_normalise                    0x00000ba5   Thumb Code    66  dflti.o(.text)
    __aeabi_i2d                              0x00000be7   Thumb Code    16  dflti.o(.text)
    _dflt                                    0x00000be7   Thumb Code     0  dflti.o(.text)
    __aeabi_ui2d                             0x00000bf7   Thumb Code     6  dflti.o(.text)
    _dfltu                                   0x00000bf7   Thumb Code     0  dflti.o(.text)
    __aeabi_dmul                             0x00000bfd   Thumb Code     0  dmul.o(.text)
    __muldf3                                 0x00000bfd   Thumb Code     0  dmul.o(.text)
    _dmul                                    0x00000bfd   Thumb Code   558  dmul.o(.text)
    __aeabi_f2d                              0x00000e45   Thumb Code     0  f2d.o(.text)
    __extendsfdf2                            0x00000e45   Thumb Code     0  f2d.o(.text)
    _f2d                                     0x00000e45   Thumb Code    80  f2d.o(.text)
    __aeabi_fdiv                             0x00000e99   Thumb Code     0  fdiv.o(.text)
    __divsf3                                 0x00000e99   Thumb Code     0  fdiv.o(.text)
    _fdiv                                    0x00000e99   Thumb Code   334  fdiv.o(.text)
    _frdiv                                   0x00000fe7   Thumb Code     8  fdiv.o(.text)
    __aeabi_f2uiz                            0x00000ff9   Thumb Code     0  ffixui.o(.text)
    _ffixu                                   0x00000ff9   Thumb Code    48  ffixui.o(.text)
    __aeabi_i2f_normalise                    0x00001029   Thumb Code    72  fflti.o(.text)
    __aeabi_i2f                              0x00001071   Thumb Code    16  fflti.o(.text)
    _fflt                                    0x00001071   Thumb Code     0  fflti.o(.text)
    __aeabi_ui2f                             0x00001081   Thumb Code     6  fflti.o(.text)
    _ffltu                                   0x00001081   Thumb Code     0  fflti.o(.text)
    __read_errno                             0x00001087   Thumb Code    10  _rserrno.o(.text)
    __set_errno                              0x00001091   Thumb Code    12  _rserrno.o(.text)
    _dsqrt                                   0x0000109d   Thumb Code   248  dsqrt.o(.text)
    __aeabi_errno_addr                       0x0000119d   Thumb Code     8  rt_errno_addr_intlibspace.o(.text)
    __errno$intlibspace                      0x0000119d   Thumb Code     0  rt_errno_addr_intlibspace.o(.text)
    __rt_errno_addr$intlibspace              0x0000119d   Thumb Code     0  rt_errno_addr_intlibspace.o(.text)
    __fpl_fcmp_InfNaN                        0x000011a5   Thumb Code    96  fcmpin.o(.text)
    __user_libspace                          0x00001209   Thumb Code     8  libspace.o(.text)
    __user_perproc_libspace                  0x00001209   Thumb Code     0  libspace.o(.text)
    __user_perthread_libspace                0x00001209   Thumb Code     0  libspace.o(.text)
    __user_setup_stackheap                   0x00001211   Thumb Code    62  sys_stackheap_outer.o(.text)
    exit                                     0x0000124f   Thumb Code    16  exit.o(.text)
    __fpl_cmpreturn                          0x0000125f   Thumb Code    46  cmpret.o(.text)
    __fpl_fcheck_NaN2                        0x0000128d   Thumb Code    10  fnan2.o(.text)
    __fpl_return_NaN                         0x0000129d   Thumb Code    94  retnan.o(.text)
    _sys_exit                                0x000012fd   Thumb Code     8  sys_exit.o(.text)
    __I$use$semihosting                      0x00001309   Thumb Code     0  use_no_semi.o(.text)
    __use_no_semihosting_swi                 0x00001309   Thumb Code     2  use_no_semi.o(.text)
    __semihosting_library_function           0x0000130b   Thumb Code     0  indicate_semi.o(.text)
    ADC0_IRQHandler                          0x0000130d   Thumb Code    40  adc2chsample.o(.text.ADC0_IRQHandler)
    ADC12_CalcRms                            0x0000133d   Thumb Code   384  adc2chsample.o(.text.ADC12_CalcRms)
    ADC12_GetAVCC_Voltage                    0x000014cd   Thumb Code     4  adc2chsample.o(.text.ADC12_GetAVCC_Voltage)
    ADC12_GetFrontendGain                    0x000014d5   Thumb Code     8  adc2chsample.o(.text.ADC12_GetFrontendGain)
    ADC12_SampleADC0                         0x000014dd   Thumb Code    12  adc2chsample.o(.text.ADC12_SampleADC0)
    ADC12_SetFrontendGain                    0x000014ed   Thumb Code    36  adc2chsample.o(.text.ADC12_SetFrontendGain)
    ADC12_SetSampleRateHz                    0x0000151d   Thumb Code   320  adc2chsample.o(.text.ADC12_SetSampleRateHz)
    ADC1_IRQHandler                          0x00001c9d   Thumb Code    36  adc2chsample.o(.text.ADC1_IRQHandler)
    AddrCode_Read                            0x00001ccd   Thumb Code   140  addr_code.o(.text.AddrCode_Read)
    DL_ADC12_setClockConfig                  0x00002275   Thumb Code    64  dl_adc12.o(.text.DL_ADC12_setClockConfig)
    DL_Common_delayCycles                    0x000023b5   Thumb Code    20  dl_common.o(.text.DL_Common_delayCycles)
    DL_DMA_initChannel                       0x000025f9   Thumb Code    70  dl_dma.o(.text.DL_DMA_initChannel)
    DL_FlashCTL_eraseMemoryFromRAM           0x00002765   Thumb Code    44  dl_flashctl.o(.text.DL_FlashCTL_eraseMemoryFromRAM)
    DL_FlashCTL_programMemoryBlockingFromRAM64WithECCGenerated 0x00002885   Thumb Code   152  dl_flashctl.o(.text.DL_FlashCTL_programMemoryBlockingFromRAM64WithECCGenerated)
    DL_FlashCTL_programMemoryFromRAM64WithECCGenerated 0x0000294d   Thumb Code    32  dl_flashctl.o(.text.DL_FlashCTL_programMemoryFromRAM64WithECCGenerated)
    DL_FlashCTL_unprotectSector              0x00002985   Thumb Code   332  dl_flashctl.o(.text.DL_FlashCTL_unprotectSector)
    DL_SYSCTL_switchMCLKfromLFCLKtoSYSOSC    0x00002ef5   Thumb Code    44  dl_sysctl_mspm0g1x0x_g3x0x.o(.text.DL_SYSCTL_switchMCLKfromLFCLKtoSYSOSC)
    DL_Timer_initTimerMode                   0x000030a5   Thumb Code   252  dl_timer.o(.text.DL_Timer_initTimerMode)
    DL_Timer_setCaptureCompareCtl            0x000031cd   Thumb Code    52  dl_timer.o(.text.DL_Timer_setCaptureCompareCtl)
    DL_Timer_setCaptureCompareValue          0x00003209   Thumb Code    40  dl_timer.o(.text.DL_Timer_setCaptureCompareValue)
    DL_Timer_setClockConfig                  0x00003235   Thumb Code    44  dl_timer.o(.text.DL_Timer_setClockConfig)
    DL_UART_init                             0x00003491   Thumb Code    68  dl_uart.o(.text.DL_UART_init)
    DL_UART_setClockConfig                   0x000035c1   Thumb Code    32  dl_uart.o(.text.DL_UART_setClockConfig)
    DL_UART_transmitDataBlocking             0x00003619   Thumb Code    40  dl_uart.o(.text.DL_UART_transmitDataBlocking)
    DL_VREF_configReference                  0x00003641   Thumb Code    48  dl_vref.o(.text.DL_VREF_configReference)
    DL_VREF_setClockConfig                   0x00003745   Thumb Code    32  dl_vref.o(.text.DL_VREF_setClockConfig)
    GROUP1_IRQHandler                        0x00003769   Thumb Code    88  low_power.o(.text.GROUP1_IRQHandler)
    GainCalibration_BootSelect               0x000037f9   Thumb Code   316  gain_calibration.o(.text.GainCalibration_BootSelect)
    GainCalibration_LoadX100                 0x00003a99   Thumb Code   108  gain_calibration.o(.text.GainCalibration_LoadX100)
    GainCalibration_SaveX100                 0x00003bb9   Thumb Code   228  gain_calibration.o(.text.GainCalibration_SaveX100)
    LowPower_ClearWakeReason                 0x00003d75   Thumb Code     8  low_power.o(.text.LowPower_ClearWakeReason)
    LowPower_EnterStandby1                   0x000040a9   Thumb Code   104  low_power.o(.text.LowPower_EnterStandby1)
    LowPower_GetLatestMeasurement            0x00004111   Thumb Code     4  low_power.o(.text.LowPower_GetLatestMeasurement)
    LowPower_GetWakeReason                   0x00004115   Thumb Code     8  low_power.o(.text.LowPower_GetWakeReason)
    LowPower_Init                            0x00004121   Thumb Code    40  low_power.o(.text.LowPower_Init)
    LowPower_RunTimerWakeFlow                0x000041a9   Thumb Code    28  low_power.o(.text.LowPower_RunTimerWakeFlow)
    OLED_Clear                               0x00004365   Thumb Code    86  oled.o(.text.OLED_Clear)
    OLED_DisplayOff                          0x000043bb   Thumb Code    40  oled.o(.text.OLED_DisplayOff)
    OLED_DisplayOn                           0x000043e3   Thumb Code    22  oled.o(.text.OLED_DisplayOn)
    OLED_I2C_Init                            0x000043f9   Thumb Code    56  oled.o(.text.OLED_I2C_Init)
    OLED_I2C_SendByte                        0x00004435   Thumb Code    84  oled.o(.text.OLED_I2C_SendByte)
    OLED_I2C_Start                           0x00004489   Thumb Code    36  oled.o(.text.OLED_I2C_Start)
    OLED_I2C_Stop                            0x000044ad   Thumb Code    28  oled.o(.text.OLED_I2C_Stop)
    OLED_Init                                0x000044c9   Thumb Code   204  oled.o(.text.OLED_Init)
    OLED_Pow                                 0x00004595   Thumb Code    40  oled.o(.text.OLED_Pow)
    OLED_SetCursor                           0x000045bd   Thumb Code    54  oled.o(.text.OLED_SetCursor)
    OLED_ShowChar                            0x000045f5   Thumb Code   168  oled.o(.text.OLED_ShowChar)
    OLED_ShowNum                             0x000046a9   Thumb Code   122  oled.o(.text.OLED_ShowNum)
    OLED_ShowString                          0x00004723   Thumb Code    74  oled.o(.text.OLED_ShowString)
    OLED_W_SCL                               0x0000476d   Thumb Code    48  oled.o(.text.OLED_W_SCL)
    OLED_W_SDA                               0x0000479d   Thumb Code    48  oled.o(.text.OLED_W_SDA)
    OLED_WriteCommand                        0x000047d1   Thumb Code    42  oled.o(.text.OLED_WriteCommand)
    OLED_WriteData                           0x000047fb   Thumb Code    42  oled.o(.text.OLED_WriteData)
    SYSCFG_DL_ADC12_0_init                   0x00004825   Thumb Code   108  ti_msp_dl_config.o(.text.SYSCFG_DL_ADC12_0_init)
    SYSCFG_DL_ADC_SAMPLE_TIMER_init          0x00004895   Thumb Code    88  ti_msp_dl_config.o(.text.SYSCFG_DL_ADC_SAMPLE_TIMER_init)
    SYSCFG_DL_DMA_CH0_init                   0x000048f5   Thumb Code    16  ti_msp_dl_config.o(.text.SYSCFG_DL_DMA_CH0_init)
    SYSCFG_DL_DMA_init                       0x0000490d   Thumb Code     8  ti_msp_dl_config.o(.text.SYSCFG_DL_DMA_init)
    SYSCFG_DL_GPIO_init                      0x00004915   Thumb Code   148  ti_msp_dl_config.o(.text.SYSCFG_DL_GPIO_init)
    SYSCFG_DL_SYSCTL_init                    0x000049a9   Thumb Code    58  ti_msp_dl_config.o(.text.SYSCFG_DL_SYSCTL_init)
    SYSCFG_DL_UART_DEBUG_init                0x000049e5   Thumb Code    56  ti_msp_dl_config.o(.text.SYSCFG_DL_UART_DEBUG_init)
    SYSCFG_DL_VREF_init                      0x00004a25   Thumb Code    44  ti_msp_dl_config.o(.text.SYSCFG_DL_VREF_init)
    SYSCFG_DL_initPower                      0x00004a59   Thumb Code   184  ti_msp_dl_config.o(.text.SYSCFG_DL_initPower)
    SerialProtocol_PackCurrentFrame          0x00004b39   Thumb Code    86  serial_protocol.o(.text.SerialProtocol_PackCurrentFrame)
    SerialProtocol_SendCurrentFrame          0x00004b8f   Thumb Code    66  serial_protocol.o(.text.SerialProtocol_SendCurrentFrame)
    Sysclk_WaitForLFOSCGood                  0x00004c41   Thumb Code    92  ti_msp_dl_config.o(.text.Sysclk_WaitForLFOSCGood)
    Sysclk_WaitForSYSOSCBase                 0x00004c9d   Thumb Code    88  ti_msp_dl_config.o(.text.Sysclk_WaitForSYSOSCBase)
    TIMG8_IRQHandler                         0x00004cf5   Thumb Code    48  low_power.o(.text.TIMG8_IRQHandler)
    UART0_IRQHandler                         0x00004d31   Thumb Code     8  usr_uart.o(.text.UART0_IRQHandler)
    USR_UART_IRQHandler                      0x00004d39   Thumb Code    84  usr_uart.o(.text.USR_UART_IRQHandler)
    USR_UART_init                            0x00004d91   Thumb Code    44  usr_uart.o(.text.USR_UART_init)
    USR_UART_sendByte                        0x00004dd1   Thumb Code    24  usr_uart.o(.text.USR_UART_sendByte)
    USR_UART_sendBytes                       0x00004ded   Thumb Code    74  usr_uart.o(.text.USR_UART_sendBytes)
    main                                     0x0000502d   Thumb Code   180  main.o(.text.main)
    __aeabi_fcmpge                           0x000050f1   Thumb Code     0  fcmp.o(i._fgeq)
    _fgeq                                    0x000050f1   Thumb Code    22  fcmp.o(i._fgeq)
    sqrt                                     0x00005109   Thumb Code    66  sqrt.o(i.sqrt)
    __aeabi_fadd                             0x00005151   Thumb Code     0  faddsub.o(x$fpl$fadd)
    _fadd                                    0x00005151   Thumb Code   134  faddsub.o(x$fpl$fadd)
    _fcmpge                                  0x000051dd   Thumb Code    78  fgef.o(x$fpl$fgeqf)
    __aeabi_fsub                             0x00005231   Thumb Code     0  faddsub.o(x$fpl$fsub)
    _fsub                                    0x00005231   Thumb Code   204  faddsub.o(x$fpl$fsub)
    __I$use$fp                               0x00005300   Number         0  usenofp.o(x$fpl$usenofp)
    OLED_F8x16                               0x000053d8   Data        1520  oled.o(.rodata.OLED_F8x16)
    Region$$Table$$Base                      0x00005dc0   Number         0  anon$$obj.o(Region$$Table)
    Region$$Table$$Limit                     0x00005df0   Number         0  anon$$obj.o(Region$$Table)
    pADC_Buffer0                             0x2020004c   Data           4  adc2chsample.o(.data.pADC_Buffer0)
    pADC_Buffer1                             0x20200050   Data           4  adc2chsample.o(.data.pADC_Buffer1)
    per                                      0x20200054   Data           2  adc2chsample.o(.data.per)
    __libspace_start                         0x20200058   Data          96  libspace.o(.bss)
    ADC_Finished                             0x202000b8   Data           1  adc2chsample.o(.bss.ADC_Finished)
    __temporary_stack_top$libspace           0x202000b8   Data           0  libspace.o(.bss)



==============================================================================

Memory Map of the image

  Image Entry point : 0x000000c1

  Load Region LR_IROM1 (Base: 0x00000000, Size: 0x00005e48, Max: 0x0001fc00, ABSOLUTE)

    Execution Region ER_IROM1 (Exec base: 0x00000000, Load base: 0x00000000, Size: 0x00005df0, Max: 0x0001fc00, ABSOLUTE)

    Exec Addr    Load Addr    Size         Type   Attr      Idx    E Section Name        Object

    0x00000000   0x00000000   0x000000c0   Data   RO          258    RESET               startup_mspm0g350x_uvision.o
    0x000000c0   0x000000c0   0x00000008   Code   RO         2251  * !!!main             c_p.l(__main.o)
    0x000000c8   0x000000c8   0x00000054   Code   RO         2605    !!!scatter          c_p.l(__scatter.o)
    0x0000011c   0x0000011c   0x00000004   PAD
    0x00000120   0x00000120   0x0000001a   Code   RO         2609    !!handler_copy      c_p.l(__scatter_copy.o)
    0x0000013a   0x0000013a   0x00000006   PAD
    0x00000140   0x00000140   0x00000002   Code   RO         2606    !!handler_null      c_p.l(__scatter.o)
    0x00000142   0x00000142   0x00000006   PAD
    0x00000148   0x00000148   0x0000001c   Code   RO         2611    !!handler_zi        c_p.l(__scatter_zi.o)
    0x00000164   0x00000164   0x00000002   Code   RO         2461    .ARM.Collect$$libinit$$00000000  c_p.l(libinit.o)
    0x00000166   0x00000166   0x00000000   Code   RO         2478    .ARM.Collect$$libinit$$00000002  c_p.l(libinit2.o)
    0x00000166   0x00000166   0x00000000   Code   RO         2480    .ARM.Collect$$libinit$$00000004  c_p.l(libinit2.o)
    0x00000166   0x00000166   0x00000000   Code   RO         2482    .ARM.Collect$$libinit$$00000006  c_p.l(libinit2.o)
    0x00000166   0x00000166   0x00000000   Code   RO         2485    .ARM.Collect$$libinit$$0000000C  c_p.l(libinit2.o)
    0x00000166   0x00000166   0x00000000   Code   RO         2487    .ARM.Collect$$libinit$$0000000E  c_p.l(libinit2.o)
    0x00000166   0x00000166   0x00000000   Code   RO         2489    .ARM.Collect$$libinit$$00000010  c_p.l(libinit2.o)
    0x00000166   0x00000166   0x00000000   Code   RO         2492    .ARM.Collect$$libinit$$00000013  c_p.l(libinit2.o)
    0x00000166   0x00000166   0x00000000   Code   RO         2494    .ARM.Collect$$libinit$$00000015  c_p.l(libinit2.o)
    0x00000166   0x00000166   0x00000000   Code   RO         2496    .ARM.Collect$$libinit$$00000017  c_p.l(libinit2.o)
    0x00000166   0x00000166   0x00000000   Code   RO         2498    .ARM.Collect$$libinit$$00000019  c_p.l(libinit2.o)
    0x00000166   0x00000166   0x00000000   Code   RO         2500    .ARM.Collect$$libinit$$0000001B  c_p.l(libinit2.o)
    0x00000166   0x00000166   0x00000000   Code   RO         2502    .ARM.Collect$$libinit$$0000001D  c_p.l(libinit2.o)
    0x00000166   0x00000166   0x00000000   Code   RO         2504    .ARM.Collect$$libinit$$0000001F  c_p.l(libinit2.o)
    0x00000166   0x00000166   0x00000000   Code   RO         2506    .ARM.Collect$$libinit$$00000021  c_p.l(libinit2.o)
    0x00000166   0x00000166   0x00000000   Code   RO         2508    .ARM.Collect$$libinit$$00000023  c_p.l(libinit2.o)
    0x00000166   0x00000166   0x00000000   Code   RO         2510    .ARM.Collect$$libinit$$00000025  c_p.l(libinit2.o)
    0x00000166   0x00000166   0x00000000   Code   RO         2512    .ARM.Collect$$libinit$$00000027  c_p.l(libinit2.o)
    0x00000166   0x00000166   0x00000000   Code   RO         2516    .ARM.Collect$$libinit$$0000002E  c_p.l(libinit2.o)
    0x00000166   0x00000166   0x00000000   Code   RO         2518    .ARM.Collect$$libinit$$00000030  c_p.l(libinit2.o)
    0x00000166   0x00000166   0x00000000   Code   RO         2520    .ARM.Collect$$libinit$$00000032  c_p.l(libinit2.o)
    0x00000166   0x00000166   0x00000000   Code   RO         2522    .ARM.Collect$$libinit$$00000034  c_p.l(libinit2.o)
    0x00000166   0x00000166   0x00000002   Code   RO         2523    .ARM.Collect$$libinit$$00000035  c_p.l(libinit2.o)
    0x00000168   0x00000168   0x00000002   Code   RO         2560    .ARM.Collect$$libshutdown$$00000000  c_p.l(libshutdown.o)
    0x0000016a   0x0000016a   0x00000000   Code   RO         2588    .ARM.Collect$$libshutdown$$00000002  c_p.l(libshutdown2.o)
    0x0000016a   0x0000016a   0x00000000   Code   RO         2590    .ARM.Collect$$libshutdown$$00000004  c_p.l(libshutdown2.o)
    0x0000016a   0x0000016a   0x00000000   Code   RO         2593    .ARM.Collect$$libshutdown$$00000007  c_p.l(libshutdown2.o)
    0x0000016a   0x0000016a   0x00000000   Code   RO         2596    .ARM.Collect$$libshutdown$$0000000A  c_p.l(libshutdown2.o)
    0x0000016a   0x0000016a   0x00000000   Code   RO         2598    .ARM.Collect$$libshutdown$$0000000C  c_p.l(libshutdown2.o)
    0x0000016a   0x0000016a   0x00000000   Code   RO         2601    .ARM.Collect$$libshutdown$$0000000F  c_p.l(libshutdown2.o)
    0x0000016a   0x0000016a   0x00000002   Code   RO         2602    .ARM.Collect$$libshutdown$$00000010  c_p.l(libshutdown2.o)
    0x0000016c   0x0000016c   0x00000000   Code   RO         2351    .ARM.Collect$$rtentry$$00000000  c_p.l(__rtentry.o)
    0x0000016c   0x0000016c   0x00000000   Code   RO         2413    .ARM.Collect$$rtentry$$00000002  c_p.l(__rtentry2.o)
    0x0000016c   0x0000016c   0x00000006   Code   RO         2425    .ARM.Collect$$rtentry$$00000004  c_p.l(__rtentry4.o)
    0x00000172   0x00000172   0x00000000   Code   RO         2415    .ARM.Collect$$rtentry$$00000009  c_p.l(__rtentry2.o)
    0x00000172   0x00000172   0x00000004   Code   RO         2416    .ARM.Collect$$rtentry$$0000000A  c_p.l(__rtentry2.o)
    0x00000176   0x00000176   0x00000000   Code   RO         2418    .ARM.Collect$$rtentry$$0000000C  c_p.l(__rtentry2.o)
    0x00000176   0x00000176   0x00000008   Code   RO         2419    .ARM.Collect$$rtentry$$0000000D  c_p.l(__rtentry2.o)
    0x0000017e   0x0000017e   0x00000002   Code   RO         2469    .ARM.Collect$$rtexit$$00000000  c_p.l(rtexit.o)
    0x00000180   0x00000180   0x00000000   Code   RO         2531    .ARM.Collect$$rtexit$$00000002  c_p.l(rtexit2.o)
    0x00000180   0x00000180   0x00000004   Code   RO         2532    .ARM.Collect$$rtexit$$00000003  c_p.l(rtexit2.o)
    0x00000184   0x00000184   0x00000006   Code   RO         2533    .ARM.Collect$$rtexit$$00000004  c_p.l(rtexit2.o)
    0x0000018a   0x0000018a   0x00000002   PAD
    0x0000018c   0x0000018c   0x0000002c   Code   RO          259    .text               startup_mspm0g350x_uvision.o
    0x000001b8   0x000001b8   0x0000005a   Code   RO         2239    .text               c_p.l(memcmp.o)
    0x00000212   0x00000212   0x00000002   PAD
    0x00000214   0x00000214   0x0000016c   Code   RO         2245    .text               c_p.l(aeabi_sdiv.o)
    0x00000380   0x00000380   0x00000006   Code   RO         2249    .text               c_p.l(heapauxi.o)
    0x00000386   0x00000386   0x00000002   PAD
    0x00000388   0x00000388   0x0000007c   Code   RO         2253    .text               fz_ps.l(d2f.o)
    0x00000404   0x00000404   0x00000358   Code   RO         2255    .text               fz_ps.l(daddsub.o)
    0x0000075c   0x0000075c   0x00000448   Code   RO         2281    .text               fz_ps.l(ddiv.o)
    0x00000ba4   0x00000ba4   0x00000058   Code   RO         2288    .text               fz_ps.l(dflti.o)
    0x00000bfc   0x00000bfc   0x00000248   Code   RO         2290    .text               fz_ps.l(dmul.o)
    0x00000e44   0x00000e44   0x00000054   Code   RO         2292    .text               fz_ps.l(f2d.o)
    0x00000e98   0x00000e98   0x00000160   Code   RO         2324    .text               fz_ps.l(fdiv.o)
    0x00000ff8   0x00000ff8   0x00000030   Code   RO         2329    .text               fz_ps.l(ffixui.o)
    0x00001028   0x00001028   0x0000005e   Code   RO         2331    .text               fz_ps.l(fflti.o)
    0x00001086   0x00001086   0x00000016   Code   RO         2360    .text               c_p.l(_rserrno.o)
    0x0000109c   0x0000109c   0x00000100   Code   RO         2370    .text               fz_ps.l(dsqrt.o)
    0x0000119c   0x0000119c   0x00000008   Code   RO         2432    .text               c_p.l(rt_errno_addr_intlibspace.o)
    0x000011a4   0x000011a4   0x00000064   Code   RO         2438    .text               fz_ps.l(fcmpin.o)
    0x00001208   0x00001208   0x00000008   Code   RO         2444    .text               c_p.l(libspace.o)
    0x00001210   0x00001210   0x0000003e   Code   RO         2447    .text               c_p.l(sys_stackheap_outer.o)
    0x0000124e   0x0000124e   0x00000010   Code   RO         2450    .text               c_p.l(exit.o)
    0x0000125e   0x0000125e   0x0000002e   Code   RO         2462    .text               fz_ps.l(cmpret.o)
    0x0000128c   0x0000128c   0x00000010   Code   RO         2466    .text               fz_ps.l(fnan2.o)
    0x0000129c   0x0000129c   0x0000005e   Code   RO         2524    .text               fz_ps.l(retnan.o)
    0x000012fa   0x000012fa   0x00000002   PAD
    0x000012fc   0x000012fc   0x0000000c   Code   RO         2526    .text               c_p.l(sys_exit.o)
    0x00001308   0x00001308   0x00000002   Code   RO         2549    .text               c_p.l(use_no_semi.o)
    0x0000130a   0x0000130a   0x00000000   Code   RO         2551    .text               c_p.l(indicate_semi.o)
    0x0000130a   0x0000130a   0x00000002   PAD
    0x0000130c   0x0000130c   0x00000030   Code   RO         1497    .text.ADC0_IRQHandler  adc2chsample.o
    0x0000133c   0x0000133c   0x00000190   Code   RO         1481    .text.ADC12_CalcRms  adc2chsample.o
    0x000014cc   0x000014cc   0x00000008   Code   RO         1485    .text.ADC12_GetAVCC_Voltage  adc2chsample.o
    0x000014d4   0x000014d4   0x00000008   Code   RO         1463    .text.ADC12_GetFrontendGain  adc2chsample.o
    0x000014dc   0x000014dc   0x00000010   Code   RO         1473    .text.ADC12_SampleADC0  adc2chsample.o
    0x000014ec   0x000014ec   0x00000030   Code   RO         1461    .text.ADC12_SetFrontendGain  adc2chsample.o
    0x0000151c   0x0000151c   0x00000160   Code   RO         1447    .text.ADC12_SetSampleRateHz  adc2chsample.o
    0x0000167c   0x0000167c   0x00000030   Code   RO         1483    .text.ADC12_getBuffer  adc2chsample.o
    0x000016ac   0x000016ac   0x00000040   Code   RO         1509    .text.ADC12_getFrameTimeoutLoops  adc2chsample.o
    0x000016ec   0x000016ec   0x00000024   Code   RO         1521    .text.ADC12_getRegs  adc2chsample.o
    0x00001710   0x00001710   0x00000088   Code   RO         1517    .text.ADC12_isFrameDone  adc2chsample.o
    0x00001798   0x00001798   0x00000230   Code   RO         1513    .text.ADC12_prepareFrame  adc2chsample.o
    0x000019c8   0x000019c8   0x00000008   Code   RO         1511    .text.ADC12_printNode  adc2chsample.o
    0x000019d0   0x000019d0   0x000000e4   Code   RO         1475    .text.ADC12_sample  adc2chsample.o
    0x00001ab4   0x00001ab4   0x0000007c   Code   RO         1471    .text.ADC12_setDebugInfo  adc2chsample.o
    0x00001b30   0x00001b30   0x000000cc   Code   RO         1515    .text.ADC12_startFrame  adc2chsample.o
    0x00001bfc   0x00001bfc   0x000000a0   Code   RO         1519    .text.ADC12_stopFrame  adc2chsample.o
    0x00001c9c   0x00001c9c   0x00000030   Code   RO         1501    .text.ADC1_IRQHandler  adc2chsample.o
    0x00001ccc   0x00001ccc   0x00000094   Code   RO         1989    .text.AddrCode_Read  addr_code.o
    0x00001d60   0x00001d60   0x00000108   Code   RO            4    .text.App_PrepareForStandby  main.o
    0x00001e68   0x00001e68   0x00000044   Code   RO            6    .text.App_ServiceOledTimerTick  main.o
    0x00001eac   0x00001eac   0x0000009c   Code   RO            8    .text.App_ShowLatestMeasurement  main.o
    0x00001f48   0x00001f48   0x00000018   Code   RO           40    .text.DL_ADC12_clearInterruptStatus  main.o
    0x00001f60   0x00001f60   0x00000018   Code   RO          205    .text.DL_ADC12_clearInterruptStatus  ti_msp_dl_config.o
    0x00001f78   0x00001f78   0x00000018   Code   RO         1529    .text.DL_ADC12_clearInterruptStatus  adc2chsample.o
    0x00001f90   0x00001f90   0x0000001c   Code   RO         2121    .text.DL_ADC12_clearInterruptStatus  low_power.o
    0x00001fac   0x00001fac   0x0000004a   Code   RO          195    .text.DL_ADC12_configConversionMem  ti_msp_dl_config.o
    0x00001ff6   0x00001ff6   0x00000016   Code   RO           32    .text.DL_ADC12_disableConversions  main.o
    0x0000200c   0x0000200c   0x00000016   Code   RO         1525    .text.DL_ADC12_disableConversions  adc2chsample.o
    0x00002022   0x00002022   0x00000016   Code   RO         2113    .text.DL_ADC12_disableConversions  low_power.o
    0x00002038   0x00002038   0x00000018   Code   RO           34    .text.DL_ADC12_disableDMA  main.o
    0x00002050   0x00002050   0x00000018   Code   RO         2115    .text.DL_ADC12_disableDMA  low_power.o
    0x00002068   0x00002068   0x00000018   Code   RO           36    .text.DL_ADC12_disableDMATrigger  main.o
    0x00002080   0x00002080   0x00000018   Code   RO         2117    .text.DL_ADC12_disableDMATrigger  low_power.o
    0x00002098   0x00002098   0x00000018   Code   RO           38    .text.DL_ADC12_disableInterrupt  main.o
    0x000020b0   0x000020b0   0x00000018   Code   RO         2119    .text.DL_ADC12_disableInterrupt  low_power.o
    0x000020c8   0x000020c8   0x00000014   Code   RO           46    .text.DL_ADC12_disablePower  main.o
    0x000020dc   0x000020dc   0x00000014   Code   RO         2127    .text.DL_ADC12_disablePower  low_power.o
    0x000020f0   0x000020f0   0x00000016   Code   RO         1539    .text.DL_ADC12_enableConversions  adc2chsample.o
    0x00002106   0x00002106   0x00000002   PAD
    0x00002108   0x00002108   0x00000018   Code   RO         1551    .text.DL_ADC12_enableDMA  adc2chsample.o
    0x00002120   0x00002120   0x0000001c   Code   RO         1553    .text.DL_ADC12_enableDMATrigger  adc2chsample.o
    0x0000213c   0x0000213c   0x0000001c   Code   RO         1559    .text.DL_ADC12_enableInterrupt  adc2chsample.o
    0x00002158   0x00002158   0x00000014   Code   RO          133    .text.DL_ADC12_enablePower  ti_msp_dl_config.o
    0x0000216c   0x0000216c   0x00000014   Code   RO         2103    .text.DL_ADC12_enablePower  low_power.o
    0x00002180   0x00002180   0x00000030   Code   RO         1537    .text.DL_ADC12_getMemResult  adc2chsample.o
    0x000021b0   0x000021b0   0x00000024   Code   RO         1543    .text.DL_ADC12_getMemResultAddress  adc2chsample.o
    0x000021d4   0x000021d4   0x00000012   Code   RO         1499    .text.DL_ADC12_getPendingInterrupt  adc2chsample.o
    0x000021e6   0x000021e6   0x00000002   PAD
    0x000021e8   0x000021e8   0x00000018   Code   RO         1507    .text.DL_ADC12_getRawInterruptStatus  adc2chsample.o
    0x00002200   0x00002200   0x00000044   Code   RO          193    .text.DL_ADC12_initSingleSample  ti_msp_dl_config.o
    0x00002244   0x00002244   0x00000010   Code   RO           44    .text.DL_ADC12_reset  main.o
    0x00002254   0x00002254   0x00000010   Code   RO          119    .text.DL_ADC12_reset  ti_msp_dl_config.o
    0x00002264   0x00002264   0x00000010   Code   RO         2125    .text.DL_ADC12_reset  low_power.o
    0x00002274   0x00002274   0x0000004c   Code   RO          266    .text.DL_ADC12_setClockConfig  dl_adc12.o
    0x000022c0   0x000022c0   0x0000002c   Code   RO          201    .text.DL_ADC12_setDMASamplesCnt  ti_msp_dl_config.o
    0x000022ec   0x000022ec   0x0000001e   Code   RO          197    .text.DL_ADC12_setPowerDownMode  ti_msp_dl_config.o
    0x0000230a   0x0000230a   0x00000002   PAD
    0x0000230c   0x0000230c   0x00000018   Code   RO          199    .text.DL_ADC12_setSampleTime0  ti_msp_dl_config.o
    0x00002324   0x00002324   0x0000001a   Code   RO          203    .text.DL_ADC12_setSubscriberChanID  ti_msp_dl_config.o
    0x0000233e   0x0000233e   0x00000002   PAD
    0x00002340   0x00002340   0x00000018   Code   RO           30    .text.DL_ADC12_stopConversion  main.o
    0x00002358   0x00002358   0x00000018   Code   RO         1523    .text.DL_ADC12_stopConversion  adc2chsample.o
    0x00002370   0x00002370   0x0000001c   Code   RO         2111    .text.DL_ADC12_stopConversion  low_power.o
    0x0000238c   0x0000238c   0x0000001c   Code   RO          603    .text.DL_CORE_configInstruction  dl_flashctl.o
    0x000023a8   0x000023a8   0x0000000c   Code   RO          601    .text.DL_CORE_getInstructionConfig  dl_flashctl.o
    0x000023b4   0x000023b4   0x00000014   Code   RO          319    .text.DL_Common_delayCycles  dl_common.o
    0x000023c8   0x000023c8   0x00000028   Code   RO          227    .text.DL_Common_updateReg  ti_msp_dl_config.o
    0x000023f0   0x000023f0   0x00000028   Code   RO          268    .text.DL_Common_updateReg  dl_adc12.o
    0x00002418   0x00002418   0x00000028   Code   RO          396    .text.DL_Common_updateReg  dl_dma.o
    0x00002440   0x00002440   0x00000028   Code   RO         1208    .text.DL_Common_updateReg  dl_timer.o
    0x00002468   0x00002468   0x00000028   Code   RO         1314    .text.DL_Common_updateReg  dl_uart.o
    0x00002490   0x00002490   0x00000014   Code   RO         2147    .text.DL_DAC12_disablePower  low_power.o
    0x000024a4   0x000024a4   0x00000018   Code   RO          135    .text.DL_DAC12_enablePower  ti_msp_dl_config.o
    0x000024bc   0x000024bc   0x00000018   Code   RO          121    .text.DL_DAC12_reset  ti_msp_dl_config.o
    0x000024d4   0x000024d4   0x00000018   Code   RO         1531    .text.DL_DMA_clearInterruptStatus  adc2chsample.o
    0x000024ec   0x000024ec   0x00000054   Code   RO          392    .text.DL_DMA_configTransfer  dl_dma.o
    0x00002540   0x00002540   0x00000026   Code   RO           28    .text.DL_DMA_disableChannel  main.o
    0x00002566   0x00002566   0x00000026   Code   RO         1527    .text.DL_DMA_disableChannel  adc2chsample.o
    0x0000258c   0x0000258c   0x00000026   Code   RO         2109    .text.DL_DMA_disableChannel  low_power.o
    0x000025b2   0x000025b2   0x00000026   Code   RO         1549    .text.DL_DMA_enableChannel  adc2chsample.o
    0x000025d8   0x000025d8   0x00000020   Code   RO         1565    .text.DL_DMA_getTransferSize  adc2chsample.o
    0x000025f8   0x000025f8   0x00000046   Code   RO          390    .text.DL_DMA_initChannel  dl_dma.o
    0x0000263e   0x0000263e   0x00000002   PAD
    0x00002640   0x00002640   0x00000028   Code   RO         1545    .text.DL_DMA_setDestAddr  adc2chsample.o
    0x00002668   0x00002668   0x00000028   Code   RO         1541    .text.DL_DMA_setSrcAddr  adc2chsample.o
    0x00002690   0x00002690   0x00000030   Code   RO         1547    .text.DL_DMA_setTransferSize  adc2chsample.o
    0x000026c0   0x000026c0   0x00000038   Code   RO          394    .text.DL_DMA_setTrigger  dl_dma.o
    0x000026f8   0x000026f8   0x00000030   Code   RO          433    .text.DL_FactoryRegion_getMAINFlashSize  dl_flashctl.o
    0x00002728   0x00002728   0x0000003c   Code   RO          431    .text.DL_FactoryRegion_getNumBanks  dl_flashctl.o
    0x00002764   0x00002764   0x0000002c   Code   RO          409    .text.DL_FlashCTL_eraseMemoryFromRAM  dl_flashctl.o
    0x00002790   0x00002790   0x0000002c   Code   RO          511    .text.DL_FlashCTL_executeClearStatus  dl_flashctl.o
    0x000027bc   0x000027bc   0x00000030   Code   RO         2203    .text.DL_FlashCTL_executeClearStatus  gain_calibration.o
    0x000027ec   0x000027ec   0x0000000e   Code   RO          533    .text.DL_FlashCTL_getFlashSectorNumber  dl_flashctl.o
    0x000027fa   0x000027fa   0x00000052   Code   RO          535    .text.DL_FlashCTL_getFlashSectorNumberInBank  dl_flashctl.o
    0x0000284c   0x0000284c   0x00000038   Code   RO          473    .text.DL_FlashCTL_programMemory64Config  dl_flashctl.o
    0x00002884   0x00002884   0x00000098   Code   RO          515    .text.DL_FlashCTL_programMemoryBlockingFromRAM64WithECCGenerated  dl_flashctl.o
    0x0000291c   0x0000291c   0x00000030   Code   RO          607    .text.DL_FlashCTL_programMemoryConfig  dl_flashctl.o
    0x0000294c   0x0000294c   0x00000024   Code   RO          491    .text.DL_FlashCTL_programMemoryFromRAM64WithECCGenerated  dl_flashctl.o
    0x00002970   0x00002970   0x00000014   Code   RO          407    .text.DL_FlashCTL_setCommandAddress  dl_flashctl.o
    0x00002984   0x00002984   0x0000015c   Code   RO          513    .text.DL_FlashCTL_unprotectSector  dl_flashctl.o
    0x00002ae0   0x00002ae0   0x0000001c   Code   RO         2059    .text.DL_GPIO_clearInterruptStatus  low_power.o
    0x00002afc   0x00002afc   0x00000014   Code   RO          141    .text.DL_GPIO_clearPins  ti_msp_dl_config.o
    0x00002b10   0x00002b10   0x00000014   Code   RO         1555    .text.DL_GPIO_clearPins  adc2chsample.o
    0x00002b24   0x00002b24   0x00000014   Code   RO         1599    .text.DL_GPIO_clearPins  oled.o
    0x00002b38   0x00002b38   0x00000014   Code   RO         2101    .text.DL_GPIO_clearPins  low_power.o
    0x00002b4c   0x00002b4c   0x0000001c   Code   RO         2067    .text.DL_GPIO_enableInterrupt  low_power.o
    0x00002b68   0x00002b68   0x00000014   Code   RO          143    .text.DL_GPIO_enableOutput  ti_msp_dl_config.o
    0x00002b7c   0x00002b7c   0x00000018   Code   RO         1607    .text.DL_GPIO_enableOutput  oled.o
    0x00002b94   0x00002b94   0x00000014   Code   RO          123    .text.DL_GPIO_enablePower  ti_msp_dl_config.o
    0x00002ba8   0x00002ba8   0x00000018   Code   RO         2057    .text.DL_GPIO_getEnabledInterruptStatus  low_power.o
    0x00002bc0   0x00002bc0   0x0000002c   Code   RO          147    .text.DL_GPIO_initDigitalInputFeatures  ti_msp_dl_config.o
    0x00002bec   0x00002bec   0x0000002c   Code   RO         2063    .text.DL_GPIO_initDigitalInputFeatures  low_power.o
    0x00002c18   0x00002c18   0x00000030   Code   RO         2223    .text.DL_GPIO_initDigitalInputFeatures  gain_calibration.o
    0x00002c48   0x00002c48   0x00000014   Code   RO          139    .text.DL_GPIO_initDigitalOutput  ti_msp_dl_config.o
    0x00002c5c   0x00002c5c   0x00000014   Code   RO         1605    .text.DL_GPIO_initDigitalOutput  oled.o
    0x00002c70   0x00002c70   0x00000014   Code   RO          145    .text.DL_GPIO_initPeripheralAnalogFunction  ti_msp_dl_config.o
    0x00002c84   0x00002c84   0x0000001c   Code   RO          137    .text.DL_GPIO_initPeripheralOutputFunction  ti_msp_dl_config.o
    0x00002ca0   0x00002ca0   0x00000016   Code   RO         1991    .text.DL_GPIO_readPins  addr_code.o
    0x00002cb6   0x00002cb6   0x00000016   Code   RO         2155    .text.DL_GPIO_readPins  low_power.o
    0x00002ccc   0x00002ccc   0x00000016   Code   RO         2225    .text.DL_GPIO_readPins  gain_calibration.o
    0x00002ce2   0x00002ce2   0x00000002   PAD
    0x00002ce4   0x00002ce4   0x00000010   Code   RO          109    .text.DL_GPIO_reset  ti_msp_dl_config.o
    0x00002cf4   0x00002cf4   0x0000001c   Code   RO         2065    .text.DL_GPIO_setLowerPinsPolarity  low_power.o
    0x00002d10   0x00002d10   0x00000014   Code   RO         1597    .text.DL_GPIO_setPins  oled.o
    0x00002d24   0x00002d24   0x00000018   Code   RO         2099    .text.DL_GPIO_setPins  low_power.o
    0x00002d3c   0x00002d3c   0x00000024   Code   RO         2061    .text.DL_Interrupt_clearGroup  low_power.o
    0x00002d60   0x00002d60   0x0000001c   Code   RO         2055    .text.DL_Interrupt_getPendingGroup  low_power.o
    0x00002d7c   0x00002d7c   0x00000014   Code   RO         2145    .text.DL_SPI_disablePower  low_power.o
    0x00002d90   0x00002d90   0x00000018   Code   RO          129    .text.DL_SPI_enablePower  ti_msp_dl_config.o
    0x00002da8   0x00002da8   0x00000018   Code   RO          115    .text.DL_SPI_reset  ti_msp_dl_config.o
    0x00002dc0   0x00002dc0   0x0000000c   Code   RO           54    .text.DL_SYSCTL_disableHFXT  main.o
    0x00002dcc   0x00002dcc   0x0000000c   Code   RO          157    .text.DL_SYSCTL_disableHFXT  ti_msp_dl_config.o
    0x00002dd8   0x00002dd8   0x0000000c   Code   RO           58    .text.DL_SYSCTL_disableMFPCLK  main.o
    0x00002de4   0x00002de4   0x00000010   Code   RO           56    .text.DL_SYSCTL_disableSYSPLL  main.o
    0x00002df4   0x00002df4   0x00000010   Code   RO          159    .text.DL_SYSCTL_disableSYSPLL  ti_msp_dl_config.o
    0x00002e04   0x00002e04   0x00000014   Code   RO         2041    .text.DL_SYSCTL_disableSYSPLL  low_power.o
    0x00002e18   0x00002e18   0x00000010   Code   RO          161    .text.DL_SYSCTL_enableMFPCLK  ti_msp_dl_config.o
    0x00002e28   0x00002e28   0x00000008   Code   RO           75    .text.DL_SYSCTL_getClockStatus  ti_msp_dl_config.o
    0x00002e30   0x00002e30   0x00000008   Code   RO         1396    .text.DL_SYSCTL_getClockStatus  dl_sysctl_mspm0g1x0x_g3x0x.o
    0x00002e38   0x00002e38   0x00000018   Code   RO           71    .text.DL_SYSCTL_getCurrentSYSOSCFreq  ti_msp_dl_config.o
    0x00002e50   0x00002e50   0x00000004   Code   RO          537    .text.DL_SYSCTL_isExecuteFromUpperFlashBank  dl_flashctl.o
    0x00002e54   0x00002e54   0x00000018   Code   RO          151    .text.DL_SYSCTL_setBORThreshold  ti_msp_dl_config.o
    0x00002e6c   0x00002e6c   0x00000018   Code   RO          155    .text.DL_SYSCTL_setMCLKDivider  ti_msp_dl_config.o
    0x00002e84   0x00002e84   0x00000020   Code   RO          163    .text.DL_SYSCTL_setMFPCLKSource  ti_msp_dl_config.o
    0x00002ea4   0x00002ea4   0x00000014   Code   RO         2045    .text.DL_SYSCTL_setPowerPolicyRUN0SLEEP0  low_power.o
    0x00002eb8   0x00002eb8   0x00000024   Code   RO         2043    .text.DL_SYSCTL_setPowerPolicySTANDBY1  low_power.o
    0x00002edc   0x00002edc   0x00000018   Code   RO          153    .text.DL_SYSCTL_setSYSOSCFreq  ti_msp_dl_config.o
    0x00002ef4   0x00002ef4   0x00000034   Code   RO         1410    .text.DL_SYSCTL_switchMCLKfromLFCLKtoSYSOSC  dl_sysctl_mspm0g1x0x_g3x0x.o
    0x00002f28   0x00002f28   0x00000014   Code   RO           24    .text.DL_Timer_clearInterruptStatus  main.o
    0x00002f3c   0x00002f3c   0x00000014   Code   RO          177    .text.DL_Timer_clearInterruptStatus  ti_msp_dl_config.o
    0x00002f50   0x00002f50   0x00000014   Code   RO         1557    .text.DL_Timer_clearInterruptStatus  adc2chsample.o
    0x00002f64   0x00002f64   0x00000018   Code   RO         2051    .text.DL_Timer_clearInterruptStatus  low_power.o
    0x00002f7c   0x00002f7c   0x00000018   Code   RO           22    .text.DL_Timer_disableInterrupt  main.o
    0x00002f94   0x00002f94   0x00000018   Code   RO         2077    .text.DL_Timer_disableInterrupt  low_power.o
    0x00002fac   0x00002fac   0x00000014   Code   RO           26    .text.DL_Timer_disablePower  main.o
    0x00002fc0   0x00002fc0   0x00000014   Code   RO         2107    .text.DL_Timer_disablePower  low_power.o
    0x00002fd4   0x00002fd4   0x00000010   Code   RO          169    .text.DL_Timer_enableClock  ti_msp_dl_config.o
    0x00002fe4   0x00002fe4   0x00000014   Code   RO         2083    .text.DL_Timer_enableClock  low_power.o
    0x00002ff8   0x00002ff8   0x00000028   Code   RO          173    .text.DL_Timer_enableEvent  ti_msp_dl_config.o
    0x00003020   0x00003020   0x0000001c   Code   RO         2071    .text.DL_Timer_enableInterrupt  low_power.o
    0x0000303c   0x0000303c   0x00000014   Code   RO          125    .text.DL_Timer_enablePower  ti_msp_dl_config.o
    0x00003050   0x00003050   0x00000018   Code   RO         2073    .text.DL_Timer_enablePower  low_power.o
    0x00003068   0x00003068   0x00000012   Code   RO         2049    .text.DL_Timer_getPendingInterrupt  low_power.o
    0x0000307a   0x0000307a   0x00000002   PAD
    0x0000307c   0x0000307c   0x00000018   Code   RO         2151    .text.DL_Timer_getRawInterruptStatus  low_power.o
    0x00003094   0x00003094   0x00000010   Code   RO         1505    .text.DL_Timer_getTimerCount  adc2chsample.o
    0x000030a4   0x000030a4   0x000000fc   Code   RO         1190    .text.DL_Timer_initTimerMode  dl_timer.o
    0x000031a0   0x000031a0   0x00000014   Code   RO         1503    .text.DL_Timer_isRunning  adc2chsample.o
    0x000031b4   0x000031b4   0x00000018   Code   RO          111    .text.DL_Timer_reset  ti_msp_dl_config.o
    0x000031cc   0x000031cc   0x0000003c   Code   RO         1198    .text.DL_Timer_setCaptureCompareCtl  dl_timer.o
    0x00003208   0x00003208   0x0000002c   Code   RO         1196    .text.DL_Timer_setCaptureCompareValue  dl_timer.o
    0x00003234   0x00003234   0x00000030   Code   RO         1186    .text.DL_Timer_setClockConfig  dl_timer.o
    0x00003264   0x00003264   0x0000001c   Code   RO         1194    .text.DL_Timer_setCounterValueAfterEnable  dl_timer.o
    0x00003280   0x00003280   0x00000014   Code   RO         1192    .text.DL_Timer_setLoadValue  dl_timer.o
    0x00003294   0x00003294   0x00000014   Code   RO         1451    .text.DL_Timer_setLoadValue  adc2chsample.o
    0x000032a8   0x000032a8   0x00000018   Code   RO         2079    .text.DL_Timer_setLoadValue  low_power.o
    0x000032c0   0x000032c0   0x00000038   Code   RO          175    .text.DL_Timer_setPublisherChanID  ti_msp_dl_config.o
    0x000032f8   0x000032f8   0x00000014   Code   RO         1453    .text.DL_Timer_setTimerCount  adc2chsample.o
    0x0000330c   0x0000330c   0x00000014   Code   RO         2081    .text.DL_Timer_setTimerCount  low_power.o
    0x00003320   0x00003320   0x00000014   Code   RO         1563    .text.DL_Timer_startCounter  adc2chsample.o
    0x00003334   0x00003334   0x00000014   Code   RO         2085    .text.DL_Timer_startCounter  low_power.o
    0x00003348   0x00003348   0x00000014   Code   RO           20    .text.DL_Timer_stopCounter  main.o
    0x0000335c   0x0000335c   0x00000014   Code   RO         1449    .text.DL_Timer_stopCounter  adc2chsample.o
    0x00003370   0x00003370   0x00000018   Code   RO         2075    .text.DL_Timer_stopCounter  low_power.o
    0x00003388   0x00003388   0x00000014   Code   RO           12    .text.DL_UART_clearInterruptStatus  main.o
    0x0000339c   0x0000339c   0x00000018   Code   RO         1711    .text.DL_UART_clearInterruptStatus  usr_uart.o
    0x000033b4   0x000033b4   0x00000016   Code   RO           16    .text.DL_UART_disable  main.o
    0x000033ca   0x000033ca   0x00000016   Code   RO         1312    .text.DL_UART_disable  dl_uart.o
    0x000033e0   0x000033e0   0x00000018   Code   RO          183    .text.DL_UART_disableFIFOs  ti_msp_dl_config.o
    0x000033f8   0x000033f8   0x0000001c   Code   RO           10    .text.DL_UART_disableInterrupt  main.o
    0x00003414   0x00003414   0x00000014   Code   RO           18    .text.DL_UART_disablePower  main.o
    0x00003428   0x00003428   0x00000014   Code   RO         2149    .text.DL_UART_disablePower  low_power.o
    0x0000343c   0x0000343c   0x00000016   Code   RO          185    .text.DL_UART_enable  ti_msp_dl_config.o
    0x00003452   0x00003452   0x00000002   PAD
    0x00003454   0x00003454   0x00000014   Code   RO          127    .text.DL_UART_enablePower  ti_msp_dl_config.o
    0x00003468   0x00003468   0x00000014   Code   RO         2139    .text.DL_UART_enablePower  low_power.o
    0x0000347c   0x0000347c   0x00000012   Code   RO         1745    .text.DL_UART_getPendingInterrupt  usr_uart.o
    0x0000348e   0x0000348e   0x00000002   PAD
    0x00003490   0x00003490   0x00000048   Code   RO         1310    .text.DL_UART_init  dl_uart.o
    0x000034d8   0x000034d8   0x00000014   Code   RO         1749    .text.DL_UART_isBusy  usr_uart.o
    0x000034ec   0x000034ec   0x00000014   Code   RO         2143    .text.DL_UART_isBusy  low_power.o
    0x00003500   0x00003500   0x00000014   Code   RO         2186    .text.DL_UART_isBusy  serial_protocol.o
    0x00003514   0x00003514   0x00000014   Code   RO         1735    .text.DL_UART_isRXFIFOEmpty  usr_uart.o
    0x00003528   0x00003528   0x00000014   Code   RO         2184    .text.DL_UART_isTXFIFOEmpty  serial_protocol.o
    0x0000353c   0x0000353c   0x00000014   Code   RO         1338    .text.DL_UART_isTXFIFOFull  dl_uart.o
    0x00003550   0x00003550   0x00000014   Code   RO         1737    .text.DL_UART_receiveData  usr_uart.o
    0x00003564   0x00003564   0x00000014   Code   RO          113    .text.DL_UART_reset  ti_msp_dl_config.o
    0x00003578   0x00003578   0x00000048   Code   RO          181    .text.DL_UART_setBaudRateDivisor  ti_msp_dl_config.o
    0x000035c0   0x000035c0   0x00000024   Code   RO         1316    .text.DL_UART_setClockConfig  dl_uart.o
    0x000035e4   0x000035e4   0x0000001e   Code   RO          179    .text.DL_UART_setOversampling  ti_msp_dl_config.o
    0x00003602   0x00003602   0x00000016   Code   RO         1340    .text.DL_UART_transmitData  dl_uart.o
    0x00003618   0x00003618   0x00000028   Code   RO         1336    .text.DL_UART_transmitDataBlocking  dl_uart.o
    0x00003640   0x00003640   0x00000034   Code   RO         1367    .text.DL_VREF_configReference  dl_vref.o
    0x00003674   0x00003674   0x00000016   Code   RO           48    .text.DL_VREF_disableInternalRef  main.o
    0x0000368a   0x0000368a   0x00000016   Code   RO         2129    .text.DL_VREF_disableInternalRef  low_power.o
    0x000036a0   0x000036a0   0x00000014   Code   RO           52    .text.DL_VREF_disablePower  main.o
    0x000036b4   0x000036b4   0x00000014   Code   RO         2133    .text.DL_VREF_disablePower  low_power.o
    0x000036c8   0x000036c8   0x00000014   Code   RO          131    .text.DL_VREF_enablePower  ti_msp_dl_config.o
    0x000036dc   0x000036dc   0x00000018   Code   RO         2097    .text.DL_VREF_enablePower  low_power.o
    0x000036f4   0x000036f4   0x00000018   Code   RO          149    .text.DL_VREF_getStatus  ti_msp_dl_config.o
    0x0000370c   0x0000370c   0x00000010   Code   RO           50    .text.DL_VREF_reset  main.o
    0x0000371c   0x0000371c   0x00000010   Code   RO          117    .text.DL_VREF_reset  ti_msp_dl_config.o
    0x0000372c   0x0000372c   0x00000018   Code   RO         2131    .text.DL_VREF_reset  low_power.o
    0x00003744   0x00003744   0x00000024   Code   RO         1369    .text.DL_VREF_setClockConfig  dl_vref.o
    0x00003768   0x00003768   0x00000060   Code   RO         2053    .text.GROUP1_IRQHandler  low_power.o
    0x000037c8   0x000037c8   0x0000002e   Code   RO         2219    .text.GainCalibration_AddX100  gain_calibration.o
    0x000037f6   0x000037f6   0x00000002   PAD
    0x000037f8   0x000037f8   0x00000144   Code   RO         2207    .text.GainCalibration_BootSelect  gain_calibration.o
    0x0000393c   0x0000393c   0x00000030   Code   RO         2201    .text.GainCalibration_ClampX100  gain_calibration.o
    0x0000396c   0x0000396c   0x00000090   Code   RO         2197    .text.GainCalibration_Crc32  gain_calibration.o
    0x000039fc   0x000039fc   0x0000002c   Code   RO         2213    .text.GainCalibration_DeinitKeys  gain_calibration.o
    0x00003a28   0x00003a28   0x00000054   Code   RO         2209    .text.GainCalibration_InitKeys  gain_calibration.o
    0x00003a7c   0x00003a7c   0x0000001c   Code   RO         2211    .text.GainCalibration_IsKeyDown  gain_calibration.o
    0x00003a98   0x00003a98   0x00000070   Code   RO         2195    .text.GainCalibration_LoadX100  gain_calibration.o
    0x00003b08   0x00003b08   0x000000b0   Code   RO         2217    .text.GainCalibration_ReadPressedEdges  gain_calibration.o
    0x00003bb8   0x00003bb8   0x000000ec   Code   RO         2199    .text.GainCalibration_SaveX100  gain_calibration.o
    0x00003ca4   0x00003ca4   0x000000a8   Code   RO         2215    .text.GainCalibration_ShowValue  gain_calibration.o
    0x00003d4c   0x00003d4c   0x00000028   Code   RO         2221    .text.GainCalibration_SubX100  gain_calibration.o
    0x00003d74   0x00003d74   0x00000008   Code   RO         2013    .text.LowPower_ClearWakeReason  low_power.o
    0x00003d7c   0x00003d7c   0x0000005c   Code   RO         2005    .text.LowPower_ConfigKey2Wake  low_power.o
    0x00003dd8   0x00003dd8   0x000000b0   Code   RO         2007    .text.LowPower_ConfigWakeTimer1s  low_power.o
    0x00003e88   0x00003e88   0x000000c0   Code   RO         2093    .text.LowPower_DisableMeasurementPeripherals  low_power.o
    0x00003f48   0x00003f48   0x0000004c   Code   RO         2033    .text.LowPower_DisableUnusedPeripheralsBeforeStandby  low_power.o
    0x00003f94   0x00003f94   0x0000001c   Code   RO         2095    .text.LowPower_DisableVref  low_power.o
    0x00003fb0   0x00003fb0   0x00000098   Code   RO         2019    .text.LowPower_DoMeasurement  low_power.o
    0x00004048   0x00004048   0x00000030   Code   RO         2091    .text.LowPower_EnableMeasurementPeripherals  low_power.o
    0x00004078   0x00004078   0x00000018   Code   RO         2137    .text.LowPower_EnableUart  low_power.o
    0x00004090   0x00004090   0x00000018   Code   RO         2087    .text.LowPower_EnableVref  low_power.o
    0x000040a8   0x000040a8   0x00000068   Code   RO         2031    .text.LowPower_EnterStandby1  low_power.o
    0x00004110   0x00004110   0x00000004   Code   RO         2015    .text.LowPower_GetLatestMeasurement  low_power.o
    0x00004114   0x00004114   0x0000000c   Code   RO         2009    .text.LowPower_GetWakeReason  low_power.o
    0x00004120   0x00004120   0x00000030   Code   RO         2003    .text.LowPower_Init  low_power.o
    0x00004150   0x00004150   0x00000020   Code   RO         2153    .text.LowPower_IsKey2Pressed  low_power.o
    0x00004170   0x00004170   0x00000038   Code   RO         2105    .text.LowPower_RestoreAdcTimer  low_power.o
    0x000041a8   0x000041a8   0x00000024   Code   RO         2017    .text.LowPower_RunTimerWakeFlow  low_power.o
    0x000041cc   0x000041cc   0x0000002e   Code   RO         2023    .text.LowPower_SendMeasurement  low_power.o
    0x000041fa   0x000041fa   0x00000002   PAD
    0x000041fc   0x000041fc   0x00000050   Code   RO         2037    .text.LowPower_ServiceKey2Pending  low_power.o
    0x0000424c   0x0000424c   0x00000044   Code   RO         2035    .text.LowPower_ServiceWakeTimerPending  low_power.o
    0x00004290   0x00004290   0x00000030   Code   RO         2089    .text.LowPower_SetAdcMosSwitch  low_power.o
    0x000042c0   0x000042c0   0x00000030   Code   RO         2135    .text.LowPower_SetWirelessPower  low_power.o
    0x000042f0   0x000042f0   0x00000044   Code   RO         2141    .text.LowPower_WaitUartTxDone  low_power.o
    0x00004334   0x00004334   0x00000018   Code   RO         2025    .text.LowPower_WirelessSleep  low_power.o
    0x0000434c   0x0000434c   0x00000018   Code   RO         2021    .text.LowPower_WirelessWake  low_power.o
    0x00004364   0x00004364   0x00000056   Code   RO         1621    .text.OLED_Clear    oled.o
    0x000043ba   0x000043ba   0x00000028   Code   RO         1637    .text.OLED_DisplayOff  oled.o
    0x000043e2   0x000043e2   0x00000016   Code   RO         1639    .text.OLED_DisplayOn  oled.o
    0x000043f8   0x000043f8   0x0000003c   Code   RO         1603    .text.OLED_I2C_Init  oled.o
    0x00004434   0x00004434   0x00000054   Code   RO         1613    .text.OLED_I2C_SendByte  oled.o
    0x00004488   0x00004488   0x00000024   Code   RO         1609    .text.OLED_I2C_Start  oled.o
    0x000044ac   0x000044ac   0x0000001c   Code   RO         1611    .text.OLED_I2C_Stop  oled.o
    0x000044c8   0x000044c8   0x000000cc   Code   RO         1641    .text.OLED_Init     oled.o
    0x00004594   0x00004594   0x00000028   Code   RO         1627    .text.OLED_Pow      oled.o
    0x000045bc   0x000045bc   0x00000036   Code   RO         1619    .text.OLED_SetCursor  oled.o
    0x000045f2   0x000045f2   0x00000002   PAD
    0x000045f4   0x000045f4   0x000000b4   Code   RO         1623    .text.OLED_ShowChar  oled.o
    0x000046a8   0x000046a8   0x0000007a   Code   RO         1629    .text.OLED_ShowNum  oled.o
    0x00004722   0x00004722   0x0000004a   Code   RO         1625    .text.OLED_ShowString  oled.o
    0x0000476c   0x0000476c   0x00000030   Code   RO         1595    .text.OLED_W_SCL    oled.o
    0x0000479c   0x0000479c   0x00000034   Code   RO         1601    .text.OLED_W_SDA    oled.o
    0x000047d0   0x000047d0   0x0000002a   Code   RO         1615    .text.OLED_WriteCommand  oled.o
    0x000047fa   0x000047fa   0x0000002a   Code   RO         1617    .text.OLED_WriteData  oled.o
    0x00004824   0x00004824   0x00000070   Code   RO           97    .text.SYSCFG_DL_ADC12_0_init  ti_msp_dl_config.o
    0x00004894   0x00004894   0x00000060   Code   RO           85    .text.SYSCFG_DL_ADC_SAMPLE_TIMER_init  ti_msp_dl_config.o
    0x000048f4   0x000048f4   0x00000018   Code   RO          215    .text.SYSCFG_DL_DMA_CH0_init  ti_msp_dl_config.o
    0x0000490c   0x0000490c   0x00000008   Code   RO          101    .text.SYSCFG_DL_DMA_init  ti_msp_dl_config.o
    0x00004914   0x00004914   0x00000094   Code   RO           81    .text.SYSCFG_DL_GPIO_init  ti_msp_dl_config.o
    0x000049a8   0x000049a8   0x0000003a   Code   RO           83    .text.SYSCFG_DL_SYSCTL_init  ti_msp_dl_config.o
    0x000049e2   0x000049e2   0x00000002   PAD
    0x000049e4   0x000049e4   0x00000040   Code   RO           91    .text.SYSCFG_DL_UART_DEBUG_init  ti_msp_dl_config.o
    0x00004a24   0x00004a24   0x00000034   Code   RO           95    .text.SYSCFG_DL_VREF_init  ti_msp_dl_config.o
    0x00004a58   0x00004a58   0x000000e0   Code   RO           79    .text.SYSCFG_DL_initPower  ti_msp_dl_config.o
    0x00004b38   0x00004b38   0x00000056   Code   RO         2172    .text.SerialProtocol_PackCurrentFrame  serial_protocol.o
    0x00004b8e   0x00004b8e   0x00000042   Code   RO         2180    .text.SerialProtocol_SendCurrentFrame  serial_protocol.o
    0x00004bd0   0x00004bd0   0x00000048   Code   RO         2182    .text.SerialProtocol_WaitUartTxIdle  serial_protocol.o
    0x00004c18   0x00004c18   0x00000028   Code   RO         2174    .text.SerialProtocol_WriteFloatLittleEndian  serial_protocol.o
    0x00004c40   0x00004c40   0x0000005c   Code   RO           73    .text.Sysclk_WaitForLFOSCGood  ti_msp_dl_config.o
    0x00004c9c   0x00004c9c   0x00000058   Code   RO           69    .text.Sysclk_WaitForSYSOSCBase  ti_msp_dl_config.o
    0x00004cf4   0x00004cf4   0x0000003c   Code   RO         2047    .text.TIMG8_IRQHandler  low_power.o
    0x00004d30   0x00004d30   0x00000008   Code   RO         1747    .text.UART0_IRQHandler  usr_uart.o
    0x00004d38   0x00004d38   0x00000058   Code   RO         1743    .text.USR_UART_IRQHandler  usr_uart.o
    0x00004d90   0x00004d90   0x00000040   Code   RO         1709    .text.USR_UART_init  usr_uart.o
    0x00004dd0   0x00004dd0   0x0000001c   Code   RO         1713    .text.USR_UART_sendByte  usr_uart.o
    0x00004dec   0x00004dec   0x0000004a   Code   RO         1715    .text.USR_UART_sendBytes  usr_uart.o
    0x00004e36   0x00004e36   0x00000002   PAD
    0x00004e38   0x00004e38   0x0000004c   Code   RO         1739    .text.USR_UART_storeRxByte  usr_uart.o
    0x00004e84   0x00004e84   0x00000044   Code   RO         1717    .text.USR_UART_waitTxDone  usr_uart.o
    0x00004ec8   0x00004ec8   0x00000028   Code   RO           14    .text.__NVIC_ClearPendingIRQ  main.o
    0x00004ef0   0x00004ef0   0x00000028   Code   RO         1535    .text.__NVIC_ClearPendingIRQ  adc2chsample.o
    0x00004f18   0x00004f18   0x0000002c   Code   RO         2039    .text.__NVIC_ClearPendingIRQ  low_power.o
    0x00004f44   0x00004f44   0x00000030   Code   RO           42    .text.__NVIC_DisableIRQ  main.o
    0x00004f74   0x00004f74   0x00000030   Code   RO         1533    .text.__NVIC_DisableIRQ  adc2chsample.o
    0x00004fa4   0x00004fa4   0x00000034   Code   RO         2123    .text.__NVIC_DisableIRQ  low_power.o
    0x00004fd8   0x00004fd8   0x00000028   Code   RO         1561    .text.__NVIC_EnableIRQ  adc2chsample.o
    0x00005000   0x00005000   0x0000002c   Code   RO         2069    .text.__NVIC_EnableIRQ  low_power.o
    0x0000502c   0x0000502c   0x000000b8   Code   RO            2    .text.main          main.o
    0x000050e4   0x000050e4   0x0000000c   Ven    RO         2613    Veneer$$Code        anon$$obj.o
    0x000050f0   0x000050f0   0x00000016   Code   RO         2307    i._fgeq             fz_ps.l(fcmp.o)
    0x00005106   0x00005106   0x00000002   PAD
    0x00005108   0x00005108   0x00000048   Code   RO         2348    i.sqrt              m_ps.l(sqrt.o)
    0x00005150   0x00005150   0x0000008c   Code   RO         2294    x$fpl$fadd          fz_ps.l(faddsub.o)
    0x000051dc   0x000051dc   0x00000054   Code   RO         2374    x$fpl$fgeqf         fz_ps.l(fgef.o)
    0x00005230   0x00005230   0x000000d0   Code   RO         2296    x$fpl$fsub          fz_ps.l(faddsub.o)
    0x00005300   0x00005300   0x00000000   Code   RO         2378    x$fpl$usenofp       fz_ps.l(usenofp.o)
    0x00005300   0x00005300   0x00000080   Data   RO         2282    .constdata          fz_ps.l(ddiv.o)
    0x00005380   0x00005380   0x00000040   Data   RO         2325    .constdata          fz_ps.l(fdiv.o)
    0x000053c0   0x000053c0   0x00000003   Data   RO         2163    .rodata.LowPower_ConfigWakeTimer1s.wakeClockConfig  low_power.o
    0x000053c3   0x000053c3   0x00000001   PAD
    0x000053c4   0x000053c4   0x00000014   Data   RO         2164    .rodata.LowPower_ConfigWakeTimer1s.wakeTimerConfig  low_power.o
    0x000053d8   0x000053d8   0x000005f0   Data   RO         1643    .rodata.OLED_F8x16  oled.o
    0x000059c8   0x000059c8   0x00000008   Data   RO          244    .rodata.gADC12_0ClockConfig  ti_msp_dl_config.o
    0x000059d0   0x000059d0   0x00000003   Data   RO          236    .rodata.gADC_SAMPLE_TIMERClockConfig  ti_msp_dl_config.o
    0x000059d3   0x000059d3   0x00000001   PAD
    0x000059d4   0x000059d4   0x00000014   Data   RO          237    .rodata.gADC_SAMPLE_TIMERTimerConfig  ti_msp_dl_config.o
    0x000059e8   0x000059e8   0x00000018   Data   RO          246    .rodata.gDMA_CH0Config  ti_msp_dl_config.o
    0x00005a00   0x00005a00   0x00000002   Data   RO          240    .rodata.gUART_DEBUGClockConfig  ti_msp_dl_config.o
    0x00005a02   0x00005a02   0x0000000a   Data   RO          241    .rodata.gUART_DEBUGConfig  ti_msp_dl_config.o
    0x00005a0c   0x00005a0c   0x00000002   Data   RO          232    .rodata.gVREFClockConfig  ti_msp_dl_config.o
    0x00005a0e   0x00005a0e   0x00000002   PAD
    0x00005a10   0x00005a10   0x0000000c   Data   RO          233    .rodata.gVREFConfig  ti_msp_dl_config.o
    0x00005a1c   0x00005a1c   0x0000001e   Data   RO           60    .rodata.str1.1      main.o
    0x00005a3a   0x00005a3a   0x00000335   Data   RO         1581    .rodata.str1.1      adc2chsample.o
    0x00005d6f   0x00005d6f   0x0000001b   Data   RO         2162    .rodata.str1.1      low_power.o
    0x00005d8a   0x00005d8a   0x00000036   Data   RO         2227    .rodata.str1.1      gain_calibration.o
    0x00005dc0   0x00005dc0   0x00000030   Data   RO         2604    Region$$Table       anon$$obj.o


    Execution Region RW_IRAM2 (Exec base: 0x20200000, Load base: 0x00005df0, Size: 0x00001340, Max: 0x00008000, ABSOLUTE)

    Exec Addr    Load Addr    Size         Type   Attr      Idx    E Section Name        Object

    0x20200000   0x00005df0   0x00000040   Code   RO          411    .ramfunc            dl_flashctl.o
    0x20200040   0x00005e30   0x00000004   Data   RW         1579    .data.gADCFrontendGain  adc2chsample.o
    0x20200044   0x00005e34   0x00000004   Data   RW         1578    .data.gADCSampleRateHz  adc2chsample.o
    0x20200048   0x00005e38   0x00000002   Data   RW         1577    .data.gADCSampleTimerPeriod  adc2chsample.o
    0x2020004a   0x00005e3a   0x00000002   PAD
    0x2020004c   0x00005e3c   0x00000004   Data   RW         1570    .data.pADC_Buffer0  adc2chsample.o
    0x20200050   0x00005e40   0x00000004   Data   RW         1572    .data.pADC_Buffer1  adc2chsample.o
    0x20200054   0x00005e44   0x00000002   Data   RW         1574    .data.per           adc2chsample.o
    0x20200056   0x00005e46   0x00000002   PAD
    0x20200058        -       0x00000060   Zero   RW         2445    .bss                c_p.l(libspace.o)
    0x202000b8        -       0x00000001   Zero   RW         1573    .bss.ADC_Finished   adc2chsample.o
    0x202000b9        -       0x00000001   Zero   RW         2228    .bss.GainCalibration_ReadPressedEdges.lastState  gain_calibration.o
    0x202000ba        -       0x00000001   Zero   RW         1586    .bss.gADC0DMADone   adc2chsample.o
    0x202000bb   0x00005e46   0x00000001   PAD
    0x202000bc        -       0x00000014   Zero   RW         1580    .bss.gADC12DebugInfo  adc2chsample.o
    0x202000d0        -       0x00000001   Zero   RW         1587    .bss.gADC1DMADone   adc2chsample.o
    0x202000d1        -       0x00000001   Zero   RW         1576    .bss.gADCSampleTimerPrescaler  adc2chsample.o
    0x202000d2        -       0x00000864   Zero   RW         1569    .bss.gADC_Buffer0   adc2chsample.o
    0x20200936        -       0x00000864   Zero   RW         1571    .bss.gADC_Buffer1   adc2chsample.o
    0x2020119a        -       0x00000001   Zero   RW         1761    .bss.gDiscardLine   usr_uart.o
    0x2020119b        -       0x00000001   Zero   RW         2161    .bss.gKey2Configured  low_power.o
    0x2020119c        -       0x00000014   Zero   RW         2159    .bss.gLatestMeasurement  low_power.o
    0x202011b0        -       0x00000002   Zero   RW         1758    .bss.gLineLength    usr_uart.o
    0x202011b2        -       0x00000001   Zero   RW         1760    .bss.gLineOverflow  usr_uart.o
    0x202011b3        -       0x00000001   Zero   RW         1759    .bss.gLineReady     usr_uart.o
    0x202011b4        -       0x00000080   Zero   RW         1763    .bss.gRxBuffer      usr_uart.o
    0x20201234        -       0x00000001   Zero   RW         1757    .bss.gRxOverflow    usr_uart.o
    0x20201235   0x00005e46   0x00000001   PAD
    0x20201236        -       0x00000002   Zero   RW         1756    .bss.gRxReadIndex   usr_uart.o
    0x20201238        -       0x00000002   Zero   RW         1755    .bss.gRxWriteIndex  usr_uart.o
    0x2020123a        -       0x00000001   Zero   RW         2157    .bss.gWakeReason    low_power.o
    0x2020123b        -       0x00000001   Zero   RW         2160    .bss.gWakeTimerRunning  low_power.o
    0x2020123c        -       0x00000004   Zero   RW         2158    .bss.gWakeTimerTicks  low_power.o
    0x20201240        -       0x00000000   Zero   RW          257    HEAP                startup_mspm0g350x_uvision.o
    0x20201240        -       0x00000100   Zero   RW          256    STACK               startup_mspm0g350x_uvision.o



  Load Region LR_BCR (Base: 0x41c00000, Size: 0x00000000, Max: 0x00000100, ABSOLUTE)

    Execution Region BCR_CONFIG (Exec base: 0x41c00000, Load base: 0x41c00000, Size: 0x00000000, Max: 0x00000080, ABSOLUTE)

    **** No section assigned to this execution region ****



  Load Region LR_BSL (Base: 0x41c00100, Size: 0x00000000, Max: 0x00000100, ABSOLUTE)

    Execution Region BSL_CONFIG (Exec base: 0x41c00100, Load base: 0x41c00100, Size: 0x00000000, Max: 0x00000080, ABSOLUTE)

    **** No section assigned to this execution region ****


==============================================================================

Image component sizes


      Code (inc. data)   RO Data    RW Data    ZI Data      Debug   Object Name

      3338        236        821         20       4320      23168   adc2chsample.o
       170          8          0          0          0       3929   addr_code.o
       116         12          0          0          0       4073   dl_adc12.o
        20          0          0          0          0        616   dl_common.o
       250          4          0          0          0       4184   dl_dma.o
      1060         52          0          0          0      28302   dl_flashctl.o
        60          8          0          0          0      16383   dl_sysctl_mspm0g1x0x_g3x0x.o
       492        156          0          0          0      23446   dl_timer.o
       252          8          0          0          0      10673   dl_uart.o
        88          8          0          0          0       2477   dl_vref.o
      1568         84         54          0          1      11921   gain_calibration.o
      2876        236         50          0         27      35260   low_power.o
      1248         40         30          0          0      20095   main.o
      1298         24       1520          0          0       9135   oled.o
       304          0          0          0          0       4320   serial_protocol.o
        44         18        192          0        256        688   startup_mspm0g350x_uvision.o
      2220        172         81          0          0      48192   ti_msp_dl_config.o
       508         60          0          0        138       9443   usr_uart.o

    ----------------------------------------------------------------------
     15952       1130       2800         24       4744     256305   Object Totals
        12          4         48          0          0          0   (incl. Generated)
        28          0          4          4          2          0   (incl. Padding)

    ----------------------------------------------------------------------

      Code (inc. data)   RO Data    RW Data    ZI Data      Debug   Library Member Name

         8          0          0          0          0         68   __main.o
         0          0          0          0          0          0   __rtentry.o
        12          0          0          0          0          0   __rtentry2.o
         6          0          0          0          0          0   __rtentry4.o
        86         10          0          0          0          0   __scatter.o
        26          0          0          0          0          0   __scatter_copy.o
        28          0          0          0          0          0   __scatter_zi.o
        22          0          0          0          0         92   _rserrno.o
       364          4          0          0          0         92   aeabi_sdiv.o
        16          0          0          0          0         68   exit.o
         6          0          0          0          0        136   heapauxi.o
         0          0          0          0          0          0   indicate_semi.o
         2          0          0          0          0          0   libinit.o
         2          0          0          0          0          0   libinit2.o
         2          0          0          0          0          0   libshutdown.o
         2          0          0          0          0          0   libshutdown2.o
         8          4          0          0         96         68   libspace.o
        90          0          0          0          0         68   memcmp.o
         8          4          0          0          0         68   rt_errno_addr_intlibspace.o
         2          0          0          0          0          0   rtexit.o
        10          0          0          0          0          0   rtexit2.o
        12          4          0          0          0         60   sys_exit.o
        62          0          0          0          0         80   sys_stackheap_outer.o
         2          0          0          0          0         68   use_no_semi.o
        46          0          0          0          0         60   cmpret.o
       124          4          0          0          0         72   d2f.o
       856         20          0          0          0        208   daddsub.o
      1096         26        128          0          0        112   ddiv.o
        88          0          0          0          0         92   dflti.o
       584         26          0          0          0         84   dmul.o
       256          8          0          0          0         76   dsqrt.o
        84          4          0          0          0         60   f2d.o
       348          8          0          0          0        160   faddsub.o
        22          0          0          0          0         68   fcmp.o
       100          4          0          0          0         68   fcmpin.o
       352         10         64          0          0         92   fdiv.o
        48          0          0          0          0         60   ffixui.o
        94          0          0          0          0         92   fflti.o
        84          4          0          0          0         76   fgef.o
        16          6          0          0          0         68   fnan2.o
        94          0          0          0          0         68   retnan.o
         0          0          0          0          0          0   usenofp.o
        72          6          0          0          0         76   sqrt.o

    ----------------------------------------------------------------------
      5168        156        192          0         96       2460   Library Totals
        28          4          0          0          0          0   (incl. Padding)

    ----------------------------------------------------------------------

      Code (inc. data)   RO Data    RW Data    ZI Data      Debug   Library Name

       776         26          0          0         96        868   c_p.l
      4292        120        192          0          0       1516   fz_ps.l
        72          6          0          0          0         76   m_ps.l

    ----------------------------------------------------------------------
      5168        156        192          0         96       2460   Library Totals

    ----------------------------------------------------------------------

==============================================================================


      Code (inc. data)   RO Data    RW Data    ZI Data      Debug   

     21120       1286       2992         24       4840     257369   Grand Totals
     21120       1286       2992         24       4840     257369   ELF Image Totals
     21120       1286       2992         24          0          0   ROM Totals

==============================================================================

    Total RO  Size (Code + RO Data)                24112 (  23.55kB)
    Total RW  Size (RW Data + ZI Data)              4864 (   4.75kB)
    Total ROM Size (Code + RO Data + RW Data)      24136 (  23.57kB)

==============================================================================

