*** Using Compiler 'V6.23', folder: 'D:\Keil\Keil_v5\ARM\ARMCLANG\Bin'
Build target 'MSPM0G3507'
compiling sysconfig.c...
compiling OLED.c...
compiling uart_debug.c...
compiling signalProcess.c...
compiling main.c...
compiling ti_msp_dl_config.c...
compiling adc2chSample.c...
compiling usr_uart.c...
compiling dac.c...
compiling key.c...
compiling serial_protocol.c...
compiling low_power.c...
compiling ad9833.c...
compiling addr_code.c...
compiling gain_calibration.c...
linking...
Program Size: Code=21184 RO-data=3016 RW-data=24 ZI-data=4840  
FromELF: creating hex file...
".\Objects\adc12_max_freq_dma_LP_MSPM0G3507_nortos_keil.axf" - 0 Error(s), 0 Warning(s).
Build Time Elapsed:  00:00:03
