*** Using Compiler 'V6.22', folder: 'C:\Keil\ARM\ARMCLANG\Bin'
Build target 'MSPM0G3507'
compiling board_key_led_test.c...
compiling soft_i2c.c...
compiling uart_debug.c...
compiling addr_code.c...
compiling contest_selftest.c...
compiling low_power.c...
compiling ad9833.c...
compiling wave_gen.c...
compiling main.c...
compiling sysconfig.c...
compiling adc2chSample.c...
compiling analog_measure.c...
compiling dac.c...
compiling gain_calibration.c...
compiling serial_protocol.c...
compiling key.c...
compiling usr_uart.c...
compiling ti_msp_dl_config.c...
compiling OLED.c...
linking...
Program Size: Code=8880 RO-data=1976 RW-data=0 ZI-data=544  
FromELF: creating hex file...
".\Objects\adc12_max_freq_dma_LP_MSPM0G3507_nortos_keil.axf" - 0 Error(s), 0 Warning(s).
Build Time Elapsed:  00:00:02
