*** Using Compiler 'V6.22', folder: 'C:\Keil\ARM\ARMCLANG\Bin'
Build target 'MSPM0G3507'
compiling dl_aes.c...
compiling main.c...
compiling ti_msp_dl_config.c...
compiling dl_keystorectl.c...
compiling dl_dac12.c...
compiling dl_crcp.c...
compiling dl_aesadv.c...
compiling dl_common.c...
compiling dl_dma.c...
compiling dl_crc.c...
compiling dl_i2c.c...
compiling dl_lcd.c...
compiling dl_lfss.c...
compiling dl_mathacl.c...
compiling dl_opa.c...
compiling dl_trng.c...
compiling dl_adc12.c...
compiling dl_spi.c...
compiling dl_vref.c...
compiling dl_uart.c...
compiling dl_interrupt.c...
compiling dl_rtc_common.c...
compiling dl_timer.c...
compiling dl_flashctl.c...
compiling dl_mcan.c...
compiling dl_sysctl_mspm0g1x0x_g3x0x.c...
compiling OLED.c...
compiling adc2chSample.c...
compiling signalProcess.c...
compiling flash.c...
compiling usr_uart.c...
compiling sysconfig.c...
compiling ad9833.c...
compiling uart_debug.c...
compiling key.c...
compiling soft_i2c.c...
compiling dac.c...
compiling signalProcess_ext.c...
compiling pid_controller.c...
compiling analog_calibration.c...
compiling addr_code.c...
compiling board_key_led_test.c...
compiling analog_measure.c...
compiling serial_protocol.c...
compiling gain_calibration.c...
compiling wave_gen.c...
compiling low_power.c...
compiling contest_selftest.c...
linking...
Program Size: Code=19532 RO-data=2988 RW-data=20 ZI-data=4876  
FromELF: creating hex file...
".\Objects\adc12_max_freq_dma_LP_MSPM0G3507_nortos_keil.axf" - 0 Error(s), 0 Warning(s).
Build Time Elapsed:  00:00:03
