*** Using Compiler 'V6.22', folder: 'D:\MDK5stm32\install\ARM\ARMCLANG\Bin'
Rebuild target 'MSPM0G3507'
compiling dl_flashctl.c...
compiling dl_crc.c...
compiling dl_adc12.c...
compiling dl_dma.c...
compiling dl_common.c...
compiling dl_keystorectl.c...
compiling main.c...
compiling dl_crcp.c...
compiling dl_lfss.c...
compiling dl_lcd.c...
compiling dl_dac12.c...
compiling dl_aesadv.c...
compiling dl_i2c.c...
assembling startup_mspm0g350x_uvision.s...
compiling dl_aes.c...
compiling ti_msp_dl_config.c...
compiling dl_mathacl.c...
compiling dl_mcan.c...
compiling dl_opa.c...
compiling dl_rtc_common.c...
compiling dl_spi.c...
compiling dl_timer.c...
compiling dl_trng.c...
compiling dl_uart.c...
compiling dl_vref.c...
compiling dl_interrupt.c...
compiling dl_sysctl_mspm0g1x0x_g3x0x.c...
compiling adc2chSample.c...
compiling sysconfig.c...
compiling OLED.c...
compiling signalProcess.c...
compiling uart_debug.c...
compiling key.c...
compiling usr_uart.c...
compiling dac.c...
compiling ad9833.c...
linking...
Program Size: Code=26544 RO-data=2848 RW-data=24 ZI-data=29696  
FromELF: creating hex file...
".\Objects\adc12_max_freq_dma_LP_MSPM0G3507_nortos_keil.axf" - 0 Error(s), 0 Warning(s).
Build Time Elapsed:  00:00:02
