<html>
<body>
<pre>
<h1>µVision Build Log</h1>
<h2>Tool Versions:</h2>
IDE-Version: ¶ÃVision V5.42.0.0
Copyright (C) 2025 ARM Ltd and ARM Germany GmbH. All rights reserved.
License Information: H Healer, e, LIC=KRMW3-ARCA3-9US4U-SSA4K-GU9XB-JW4EX
 
Tool Versions:
Toolchain:       MDK-ARM Plus  Version: 5.42.0.0
Toolchain Path:  D:\Keil\Keil_v5\ARM\ARMCLANG\Bin
C Compiler:      ArmClang.exe V6.23
Assembler:       Armasm.exe V6.23
Linker/Locator:  ArmLink.exe V6.23
Library Manager: ArmAr.exe V6.23
Hex Converter:   FromElf.exe V6.23
CPU DLL:         SARMCM3.DLL V5.42.0.0
Dialog DLL:      DARMCM1.DLL V1.19.6.0
Target DLL:      CMSIS_AGDI.dll V1.33.22.0
Dialog DLL:      TARMCM1.DLL V1.14.6.0
 
<h2>Project:</h2>
C:\Users\Healer\Desktop\BÃ‚\MSPM0G3507_48pin_total_test\project\mspm0_damo.uvprojx
Project File Date:  08/01/2026

<h2>Output:</h2>
*** Using Compiler 'V6.23', folder: 'D:\Keil\Keil_v5\ARM\ARMCLANG\Bin'
Build target 'MSPM0G3507'
compiling uart_debug.c...
compiling main.c...
compiling sysconfig.c...
compiling signalProcess.c...
compiling ti_msp_dl_config.c...
compiling OLED.c...
compiling adc2chSample.c...
compiling dac.c...
compiling key.c...
compiling usr_uart.c...
compiling serial_protocol.c...
compiling ad9833.c...
compiling addr_code.c...
compiling low_power.c...
compiling gain_calibration.c...
linking...
Program Size: Code=21184 RO-data=3016 RW-data=24 ZI-data=4840  
FromELF: creating hex file...
".\Objects\adc12_max_freq_dma_LP_MSPM0G3507_nortos_keil.axf" - 0 Error(s), 0 Warning(s).

<h2>Software Packages used:</h2>

Package Vendor: TexasInstruments
                https://software-dl.ti.com/msp430/esd/MSPM0-CMSIS/MSPM0G1X0X_G3X0X/latest/exports/TexasInstruments.MSPM0G1X0X_G3X0X_DFP.1.3.1.pack
                TexasInstruments::MSPM0G1X0X_G3X0X_DFP@1.3.1
                Device Family Pack for Texas Instruments MSPM0G1X0X_G3X0X Series

<h2>Collection of Component include folders:</h2>

<h2>Collection of Component Files used:</h2>
Build Time Elapsed:  00:00:05
</pre>
</body>
</html>
