<html>
<body>
<pre>
<h1>µVision Build Log</h1>
<h2>Tool Versions:</h2>
IDE-Version: ¦ÌVision V5.40.0.0
Copyright (C) 2024 ARM Ltd and ARM Germany GmbH. All rights reserved.
License Information: Apple Regulus, nbu, LIC=PE7DL-0GSLQ-45ST5-GHIWY-NJ0CR-L06XT
 
Tool Versions:
Toolchain:       MDK-ARM Plus  Version: 5.40.0.3
Toolchain Path:  C:\Keil\ARM\ARMCLANG\Bin
C Compiler:      ArmClang.exe V6.22
Assembler:       Armasm.exe V6.22
Linker/Locator:  ArmLink.exe V6.22
Library Manager: ArmAr.exe V6.22
Hex Converter:   FromElf.exe V6.22
CPU DLL:         SARMCM3.DLL V5.40.0.3
Dialog DLL:      DARMCM1.DLL V1.19.6.0
Target DLL:      CMSIS_AGDI.dll V1.33.18.0
Dialog DLL:      TARMCM1.DLL V1.14.6.0
 
<h2>Project:</h2>
F:\TI\MSPM0G3507_64pin_total_test\project\mspm0_damo.uvprojx
Project File Date:  08/15/2026

<h2>Output:</h2>
*** Using Compiler 'V6.22', folder: 'C:\Keil\ARM\ARMCLANG\Bin'
Rebuild target 'MSPM0G3507'
compiling dl_adc12.c...
compiling dl_aes.c...
compiling dl_rtc_common.c...
compiling dl_spi.c...
assembling startup_mspm0g350x_uvision.s...
compiling dl_i2c.c...
compiling main.c...
compiling ti_msp_dl_config.c...
compiling dl_lfss.c...
compiling dl_mcan.c...
compiling dl_mathacl.c...
compiling dl_lcd.c...
compiling dl_keystorectl.c...
compiling dl_aesadv.c...
compiling dl_crcp.c...
compiling dl_common.c...
compiling dl_crc.c...
compiling dl_trng.c...
compiling dl_dma.c...
compiling dl_dac12.c...
compiling dl_opa.c...
compiling dl_uart.c...
compiling dl_timer.c...
compiling dl_flashctl.c...
compiling dl_vref.c...
compiling dl_interrupt.c...
compiling dl_sysctl_mspm0g1x0x_g3x0x.c...
compiling signalProcess.c...
compiling OLED.c...
compiling adc2chSample.c...
compiling soft_i2c.c...
compiling sysconfig.c...
compiling uart_debug.c...
compiling analog_calibration.c...
compiling flash.c...
compiling gain_calibration.c...
compiling dac.c...
compiling key.c...
compiling pid_controller.c...
compiling signalProcess_ext.c...
compiling addr_code.c...
compiling ad9833.c...
compiling low_power.c...
compiling ad9850.c...
compiling usr_uart.c...
compiling contest_selftest.c...
compiling serial_protocol.c...
compiling board_key_led_test.c...
compiling wave_gen.c...
compiling analog_measure.c...
compiling square_gen.c...
compiling pwm_out.c...
compiling usr_rtc.c...
compiling freq_meter.c...
compiling menu.c...
compiling psu_control.c...
compiling usr_opa.c...
compiling usr_comp.c...
linking...
Program Size: Code=30792 RO-data=4408 RW-data=20 ZI-data=6476  
FromELF: creating hex file...
".\Objects\adc12_max_freq_dma_LP_MSPM0G3507_nortos_keil.axf" - 0 Error(s), 0 Warning(s).

<h2>Software Packages used:</h2>

Package Vendor: TexasInstruments
                https://software-dl.ti.com/msp430/esd/MSPM0-CMSIS/MSPM0G1X0X_G3X0X/latest/exports/TexasInstruments.MSPM0G1X0X_G3X0X_DFP.1.3.1.pack
                TexasInstruments::MSPM0G1X0X_G3X0X_DFP@1.3.1
                Device Family Pack for Texas Instruments MSPM0G1X0X_G3X0X Series

<h2>Collection of Component include folders:</h2>

<h2>Collection of Component Files used:</h2>
Build Time Elapsed:  00:00:04
</pre>
</body>
</html>
